◇ injected env (10) from .env // tip: ⌘ enable debugging { debug: true }
Velora ERP API listening on port 4000
[0mGET /api/health [32m200[0m 6.102 ms - 105[0m
[0mPOST /api/auth/login [32m200[0m 5851.326 ms - 1121[0m
[0mPOST /api/auth/login [32m200[0m 5943.713 ms - 1121[0m
[0mGET /api/auth/google/url [32m200[0m 10.523 ms - 94[0m
[0mGET /api/auth/google/url [36m304[0m 3.323 ms - -[0m
[0mGET /api/dashboard/kpis [0m-[0m - ms - -[0m
[0mGET /api/dashboard/sales-chart [0m-[0m - ms - -[0m
[0mGET /api/dashboard/top-items [0m-[0m - ms - -[0m
[0mGET /api/company [32m200[0m 781.009 ms - 504[0m
[0mGET /api/branches [32m200[0m 643.581 ms - 3309[0m
[0mGET /api/users [32m200[0m 875.630 ms - 12744[0m
[0mGET /api/products [32m200[0m 598.568 ms - 17843[0m
[0mGET /api/branches?limit=200 [32m200[0m 989.372 ms - 3310[0m
[0mGET /api/users?limit=200 [32m200[0m 1220.692 ms - 38056[0m
[0mGET /api/items?limit=500 [32m200[0m 1883.749 ms - 266414[0m
[0mGET /api/sales/dashboard [32m200[0m 3231.901 ms - 3311[0m
[0mGET /api/customers?limit=500 [0m-[0m - ms - -[0m
[0mGET /api/sales/owner-dashboard [32m200[0m 2416.097 ms - 3113[0m
[0mGET /api/warehouses?limit=100 [32m200[0m 714.999 ms - 6989[0m
[0mGET /api/vendors?limit=200 [32m200[0m 957.798 ms - 41671[0m
[0mGET /api/purchase/dashboard [32m200[0m 1202.272 ms - 276[0m
[0mGET /api/items?limit=500 [36m304[0m 1540.694 ms - -[0m
[0mGET /api/warehouses?limit=100 [36m304[0m 1124.855 ms - -[0m
[0mGET /api/items?limit=100 [32m200[0m 1181.880 ms - 88685[0m
[0mGET /api/inventory/dashboard [0m-[0m - ms - -[0m
[0mGET /api/products?page=1&limit=20&q=undefined [32m200[0m 585.671 ms - 93[0m
[0mGET /api/units-of-measure?limit=100 [32m200[0m 560.087 ms - 3967[0m
[0mGET /api/item-categories?limit=100 [32m200[0m 857.192 ms - 4881[0m
[0mGET /api/inventory/valuation-report [32m200[0m 2314.701 ms - 167695[0m
[0mGET /api/inventory/suppliers [32m200[0m 1764.515 ms - 45322[0m
[0mGET /api/accounts/dashboard [32m200[0m 2511.868 ms - 3966[0m
[0mGET /api/manufacturing/access [32m200[0m 3.448 ms - 119[0m
[0mGET /api/manufacturing/dashboard [32m200[0m 616.628 ms - 187[0m
[0mGET /api/crm/dashboard [32m200[0m 858.207 ms - 3733[0m
[0mGET /api/wms/dashboard [32m200[0m 1339.804 ms - 3082[0m
[0mGET /api/bi/departments [32m200[0m 2067.420 ms - 468[0m
[0mGET /api/bi/executive-dashboard [32m200[0m 2379.054 ms - 3010[0m
[0mGET /api/bi/insights [0m-[0m - ms - -[0m
[0mGET /api/hrms/dashboard [32m200[0m 1850.356 ms - 2261[0m
[0mGET /api/eam/dashboard [32m200[0m 1164.485 ms - 2800[0m
[0mGET /api/supplier-portal/vendors [32m200[0m 851.759 ms - 41640[0m
[0mGET /api/supplier-portal/dashboard [32m200[0m 872.981 ms - 594[0m
[0mGET /api/audit-logs?client=%5Bobject+Object%5D&queryKey=audit-logs&meta=undefined&signal=%5Bobject+AbortSignal%5D [32m200[0m 863.300 ms - 3294[0m
[0mGET /api/audit-logs?client=%5Bobject+Object%5D&queryKey=audit-logs&meta=undefined&signal=%5Bobject+AbortSignal%5D [36m304[0m 311.134 ms - -[0m
[0mGET /api/admin/permissions [32m200[0m 585.389 ms - 8668[0m
[0mGET /api/admin/roles [32m200[0m 1137.904 ms - 3470[0m
prisma:error Error in PostgreSQL connection: Error { kind: Closed, cause: None }
prisma:error Error in PostgreSQL connection: Error { kind: Closed, cause: None }
prisma:error Error in PostgreSQL connection: Error { kind: Closed, cause: None }
prisma:error Error in PostgreSQL connection: Error { kind: Closed, cause: None }
prisma:error Error in PostgreSQL connection: Error { kind: Closed, cause: None }
prisma:error Error in PostgreSQL connection: Error { kind: Closed, cause: None }
prisma:error Error in PostgreSQL connection: Error { kind: Closed, cause: None }
prisma:error Error in PostgreSQL connection: Error { kind: Closed, cause: None }
prisma:error Error in PostgreSQL connection: Error { kind: Closed, cause: None }
[0mGET /api/health [32m200[0m 21.555 ms - 105[0m
[0mPOST /api/auth/login [32m200[0m 5966.214 ms - 1121[0m
[0mGET /api/auth/google/url [32m200[0m 5.121 ms - 94[0m
[0mGET /api/auth/google/url [32m200[0m 3.979 ms - 94[0m
[0mGET /api/company [32m200[0m 696.168 ms - 504[0m
[0mGET /api/dashboard/sales-chart [32m200[0m 4936.112 ms - 292[0m
[0mGET /api/dashboard/top-items [32m200[0m 5176.345 ms - 67[0m
[0mGET /api/dashboard/kpis [32m200[0m 5643.727 ms - 265[0m
[0mGET /api/branches [32m200[0m 564.431 ms - 3309[0m
[0mGET /api/users [32m200[0m 554.444 ms - 12744[0m
[0mGET /api/products [32m200[0m 594.727 ms - 17843[0m
[0mGET /api/branches?limit=200 [32m200[0m 1041.777 ms - 3310[0m
[0mGET /api/users?limit=200 [32m200[0m 1065.523 ms - 38056[0m
[0mGET /api/items?limit=500 [32m200[0m 1841.689 ms - 266414[0m
[0mGET /api/customers?limit=500 [32m200[0m 2537.226 ms - 288926[0m
[0mGET /api/sales/dashboard [32m200[0m 3146.050 ms - 3311[0m
[0mGET /api/sales/owner-dashboard [32m200[0m 2625.119 ms - 3113[0m
[0mGET /api/warehouses?limit=100 [32m200[0m 606.656 ms - 6989[0m
[0mGET /api/vendors?limit=200 [32m200[0m 962.541 ms - 41671[0m
[0mGET /api/purchase/dashboard [32m200[0m 1201.829 ms - 276[0m
[0mGET /api/items?limit=500 [36m304[0m 1429.736 ms - -[0m
[0mGET /api/warehouses?limit=100 [36m304[0m 1061.682 ms - -[0m
[0mGET /api/items?limit=100 [32m200[0m 2222.601 ms - 88685[0m
[0mGET /api/products?page=1&limit=20&q=undefined [32m200[0m 641.509 ms - 93[0m
[0mGET /api/item-categories?limit=100 [32m200[0m 917.316 ms - 4881[0m
[0mGET /api/units-of-measure?limit=100 [32m200[0m 1065.857 ms - 3967[0m
[0mGET /api/inventory/dashboard [32m200[0m 4824.582 ms - 12884[0m
[0mGET /api/inventory/valuation-report [32m200[0m 1724.092 ms - 167695[0m
[0mGET /api/inventory/suppliers [32m200[0m 1678.338 ms - 45322[0m
[0mGET /api/accounts/dashboard [32m200[0m 2364.055 ms - 3966[0m
[0mGET /api/manufacturing/access [32m200[0m 2.263 ms - 119[0m
[0mGET /api/manufacturing/dashboard [32m200[0m 569.930 ms - 187[0m
[0mGET /api/crm/dashboard [32m200[0m 1070.296 ms - 3733[0m
[0mGET /api/wms/dashboard [32m200[0m 1104.535 ms - 3082[0m
[0mGET /api/bi/departments [32m200[0m 1686.844 ms - 468[0m
[0mGET /api/bi/executive-dashboard [32m200[0m 2115.715 ms - 3010[0m
[0mGET /api/bi/insights [32m200[0m 4218.264 ms - 443[0m
[0mGET /api/hrms/dashboard [32m200[0m 2218.026 ms - 2261[0m
[0mGET /api/eam/dashboard [32m200[0m 1139.486 ms - 2800[0m
[0mGET /api/supplier-portal/dashboard [32m200[0m 862.915 ms - 594[0m
[0mGET /api/supplier-portal/vendors [32m200[0m 1170.608 ms - 41640[0m
[0mGET /api/audit-logs?client=%5Bobject+Object%5D&queryKey=audit-logs&meta=undefined&signal=%5Bobject+AbortSignal%5D [32m200[0m 678.719 ms - 3294[0m
[0mGET /api/admin/permissions [32m200[0m 580.106 ms - 8668[0m
[0mGET /api/admin/roles [32m200[0m 1448.890 ms - 3470[0m
prisma:error Error in PostgreSQL connection: Error { kind: Closed, cause: None }
prisma:error Error in PostgreSQL connection: Error { kind: Closed, cause: None }
prisma:error Error in PostgreSQL connection: Error { kind: Closed, cause: None }
prisma:error Error in PostgreSQL connection: Error { kind: Closed, cause: None }
prisma:error Error in PostgreSQL connection: Error { kind: Closed, cause: None }
prisma:error Error in PostgreSQL connection: Error { kind: Closed, cause: None }
prisma:error Error in PostgreSQL connection: Error { kind: Closed, cause: None }
prisma:error Error in PostgreSQL connection: Error { kind: Closed, cause: None }
prisma:error Error in PostgreSQL connection: Error { kind: Closed, cause: None }
[0mPOST /api/auth/login [32m200[0m 5512.822 ms - 1121[0m
[0mGET /api/auth/google/url [32m200[0m 7.119 ms - 94[0m
[0mGET /api/auth/google/url [32m200[0m 0.574 ms - 94[0m
[0mGET /api/company [32m200[0m 669.128 ms - 504[0m
[0mGET /api/dashboard/sales-chart [32m200[0m 4810.251 ms - 292[0m
[0mGET /api/dashboard/kpis [32m200[0m 5463.103 ms - 265[0m
[0mGET /api/dashboard/top-items [32m200[0m 5457.801 ms - 67[0m
[0mGET /api/branches [32m200[0m 576.095 ms - 3309[0m
[0mGET /api/users [32m200[0m 558.290 ms - 12744[0m
[0mGET /api/products [32m200[0m 595.895 ms - 17843[0m
[0mGET /api/branches?limit=200 [32m200[0m 993.212 ms - 3310[0m
[0mGET /api/users?limit=200 [32m200[0m 1035.807 ms - 38056[0m
[0mGET /api/items?limit=500 [32m200[0m 1662.236 ms - 266414[0m
[0mGET /api/sales/dashboard [32m200[0m 2990.927 ms - 3311[0m
[0mGET /api/customers?limit=500 [32m200[0m 3975.236 ms - 288926[0m
[0mGET /api/sales/owner-dashboard [32m200[0m 2460.638 ms - 3113[0m
[0mGET /api/warehouses?limit=100 [32m200[0m 936.829 ms - 6989[0m
[0mGET /api/vendors?limit=200 [32m200[0m 950.279 ms - 41671[0m
[0mGET /api/items?limit=500 [36m304[0m 1644.216 ms - -[0m
[0mGET /api/purchase/dashboard [32m200[0m 1825.035 ms - 276[0m
[0mGET /api/warehouses?limit=100 [36m304[0m 621.015 ms - -[0m
[0mGET /api/items?limit=100 [32m200[0m 1191.172 ms - 88685[0m
[0mGET /api/item-categories?limit=100 [32m200[0m 594.712 ms - 4881[0m
[0mGET /api/units-of-measure?limit=100 [32m200[0m 592.627 ms - 3967[0m
[0mGET /api/products?page=1&limit=20&q=undefined [32m200[0m 613.768 ms - 93[0m
[0mGET /api/inventory/dashboard [32m200[0m 3975.753 ms - 12884[0m
[0mGET /api/inventory/valuation-report [32m200[0m 1971.443 ms - 167695[0m
[0mGET /api/inventory/suppliers [32m200[0m 1431.440 ms - 45322[0m
[0mGET /api/accounts/dashboard [32m200[0m 1994.498 ms - 3966[0m
[0mGET /api/manufacturing/access [32m200[0m 4.595 ms - 119[0m
[0mGET /api/manufacturing/dashboard [32m200[0m 604.774 ms - 187[0m
[0mGET /api/crm/dashboard [32m200[0m 1127.947 ms - 3733[0m
[0mGET /api/wms/dashboard [32m200[0m 1104.161 ms - 3082[0m
[0mGET /api/bi/departments [32m200[0m 1855.800 ms - 468[0m
[0mGET /api/bi/executive-dashboard [32m200[0m 1945.051 ms - 3010[0m
[0mGET /api/bi/insights [32m200[0m 3836.194 ms - 443[0m
[0mGET /api/hrms/dashboard [32m200[0m 2714.267 ms - 2261[0m
[0mGET /api/eam/dashboard [32m200[0m 1130.707 ms - 2800[0m
[0mGET /api/supplier-portal/dashboard [32m200[0m 873.134 ms - 594[0m
[0mGET /api/supplier-portal/vendors [32m200[0m 1069.938 ms - 41640[0m
[0mGET /api/audit-logs?client=%5Bobject+Object%5D&queryKey=audit-logs&meta=undefined&signal=%5Bobject+AbortSignal%5D [32m200[0m 562.861 ms - 3294[0m
[0mGET /api/admin/permissions [32m200[0m 815.342 ms - 8668[0m
[0mGET /api/admin/roles [32m200[0m 1104.071 ms - 3470[0m
prisma:error Error in PostgreSQL connection: Error { kind: Closed, cause: None }
prisma:error Error in PostgreSQL connection: Error { kind: Closed, cause: None }
prisma:error Error in PostgreSQL connection: Error { kind: Closed, cause: None }
prisma:error Error in PostgreSQL connection: Error { kind: Closed, cause: None }
prisma:error Error in PostgreSQL connection: Error { kind: Closed, cause: None }
prisma:error Error in PostgreSQL connection: Error { kind: Closed, cause: None }
prisma:error Error in PostgreSQL connection: Error { kind: Closed, cause: None }
prisma:error Error in PostgreSQL connection: Error { kind: Closed, cause: None }
prisma:error Error in PostgreSQL connection: Error { kind: Closed, cause: None }
[0mGET /api/dashboard/kpis [33m401[0m 112.666 ms - 74[0m
[0mGET /api/dashboard/sales-chart [33m401[0m 1.227 ms - 74[0m
[0mGET /api/dashboard/top-items [33m401[0m 0.377 ms - 74[0m
[0mPOST /api/auth/refresh-token [33m401[0m 67.893 ms - 82[0m
[0mPOST /api/auth/refresh-token [33m401[0m 4.063 ms - 82[0m
[0mPOST /api/auth/refresh-token [33m401[0m 1.748 ms - 82[0m
[0mGET /api/auth/google/url [32m200[0m 1.588 ms - 94[0m
[0mGET /api/sales/dashboard [33m401[0m 2.747 ms - 74[0m
[0mGET /api/customers?limit=500 [33m401[0m 1.013 ms - 74[0m
[0mGET /api/items?limit=500 [33m401[0m 1.504 ms - 74[0m
[0mGET /api/branches?limit=200 [33m401[0m 1.335 ms - 74[0m
[0mGET /api/users?limit=200 [33m401[0m 2.242 ms - 74[0m
[0mPOST /api/auth/refresh-token [33m401[0m 2.770 ms - 82[0m
[0mPOST /api/auth/refresh-token [33m401[0m 2.427 ms - 82[0m
[0mPOST /api/auth/refresh-token [33m401[0m 1.183 ms - 82[0m
[0mPOST /api/auth/refresh-token [33m401[0m 1.468 ms - 82[0m
[0mPOST /api/auth/refresh-token [33m401[0m 1.157 ms - 82[0m
[0mGET /api/auth/google/url [36m304[0m 0.337 ms - -[0m
[0mGET /api/sales/owner-dashboard [33m401[0m 1.305 ms - 74[0m
[0mPOST /api/auth/refresh-token [33m401[0m 3.728 ms - 82[0m
[0mGET /api/auth/google/url [36m304[0m 0.656 ms - -[0m
[0mGET /api/crm/dashboard [33m401[0m 3.087 ms - 74[0m
[0mPOST /api/auth/refresh-token [33m401[0m 3.578 ms - 82[0m
[0mGET /api/auth/google/url [36m304[0m 0.845 ms - -[0m
[0mGET /api/accounts/dashboard [33m401[0m 1.042 ms - 74[0m
[0mPOST /api/auth/refresh-token [33m401[0m 1.597 ms - 82[0m
[0mGET /api/auth/google/url [36m304[0m 0.511 ms - -[0m
[0mGET /api/bi/executive-dashboard [33m401[0m 1.133 ms - 74[0m
[0mGET /api/bi/departments [33m401[0m 0.834 ms - 74[0m
[0mGET /api/bi/insights [33m401[0m 0.502 ms - 74[0m
[0mPOST /api/auth/refresh-token [33m401[0m 1.380 ms - 82[0m
[0mPOST /api/auth/refresh-token [33m401[0m 1.216 ms - 82[0m
[0mPOST /api/auth/refresh-token [33m401[0m 2.380 ms - 82[0m
[0mGET /api/auth/google/url [36m304[0m 0.517 ms - -[0m
[0mGET /api/inventory/dashboard [33m401[0m 1.371 ms - 74[0m
[0mGET /api/warehouses?limit=100 [33m401[0m 0.675 ms - 74[0m
[0mGET /api/items?limit=100 [33m401[0m 1.066 ms - 74[0m
[0mPOST /api/auth/refresh-token [33m401[0m 1.122 ms - 82[0m
[0mPOST /api/auth/refresh-token [33m401[0m 4.028 ms - 82[0m
[0mPOST /api/auth/refresh-token [33m401[0m 0.906 ms - 82[0m
[0mGET /api/auth/google/url [36m304[0m 0.782 ms - -[0m
[0mGET /api/products?page=1&limit=20&q=undefined [33m401[0m 1.093 ms - 74[0m
[0mGET /api/item-categories?limit=100 [33m401[0m 0.822 ms - 74[0m
[0mGET /api/units-of-measure?limit=100 [33m401[0m 0.989 ms - 74[0m
[0mPOST /api/auth/refresh-token [33m401[0m 0.558 ms - 82[0m
[0mPOST /api/auth/refresh-token [33m401[0m 0.793 ms - 82[0m
[0mPOST /api/auth/refresh-token [33m401[0m 1.932 ms - 82[0m
[0mGET /api/auth/google/url [36m304[0m 2.887 ms - -[0m
[0mGET /api/inventory/valuation-report [33m401[0m 1.855 ms - 74[0m
[0mPOST /api/auth/refresh-token [33m401[0m 1.067 ms - 82[0m
[0mGET /api/auth/google/url [36m304[0m 0.317 ms - -[0m
[0mGET /api/inventory/suppliers [33m401[0m 1.324 ms - 74[0m
[0mPOST /api/auth/refresh-token [33m401[0m 1.062 ms - 82[0m
[0mGET /api/auth/google/url [36m304[0m 0.636 ms - -[0m
[0mGET /api/vendors?limit=200 [33m401[0m 1.010 ms - 74[0m
[0mGET /api/items?limit=500 [33m401[0m 0.937 ms - 74[0m
[0mGET /api/purchase/dashboard [33m401[0m 3.890 ms - 74[0m
[0mGET /api/warehouses?limit=100 [33m401[0m 0.730 ms - 74[0m
[0mPOST /api/auth/refresh-token [33m401[0m 1.077 ms - 82[0m
[0mPOST /api/auth/refresh-token [33m401[0m 0.754 ms - 82[0m
[0mPOST /api/auth/refresh-token [33m401[0m 0.679 ms - 82[0m
[0mPOST /api/auth/refresh-token [33m401[0m 1.696 ms - 82[0m
[0mGET /api/auth/google/url [36m304[0m 0.372 ms - -[0m
[0mGET /api/manufacturing/access [33m401[0m 1.051 ms - 74[0m
[0mGET /api/manufacturing/dashboard [33m401[0m 0.722 ms - 74[0m
[0mPOST /api/auth/refresh-token [33m401[0m 1.460 ms - 82[0m
[0mPOST /api/auth/refresh-token [33m401[0m 1.284 ms - 82[0m
[0mGET /api/auth/google/url [36m304[0m 0.252 ms - -[0m
[0mGET /api/wms/dashboard [33m401[0m 0.783 ms - 74[0m
[0mPOST /api/auth/refresh-token [33m401[0m 0.995 ms - 82[0m
[0mGET /api/auth/google/url [36m304[0m 0.307 ms - -[0m
[0mGET /api/hrms/dashboard [33m401[0m 0.522 ms - 74[0m
[0mPOST /api/auth/refresh-token [33m401[0m 1.494 ms - 82[0m
[0mGET /api/auth/google/url [36m304[0m 0.457 ms - -[0m
[0mGET /api/eam/dashboard [33m401[0m 0.768 ms - 74[0m
[0mPOST /api/auth/refresh-token [33m401[0m 1.015 ms - 82[0m
[0mGET /api/auth/google/url [36m304[0m 0.522 ms - -[0m
[0mGET /api/supplier-portal/vendors [33m401[0m 0.710 ms - 74[0m
[0mGET /api/supplier-portal/dashboard [33m401[0m 0.656 ms - 74[0m
[0mPOST /api/auth/refresh-token [33m401[0m 0.545 ms - 82[0m
[0mPOST /api/auth/refresh-token [33m401[0m 1.419 ms - 82[0m
[0mGET /api/auth/google/url [36m304[0m 0.849 ms - -[0m
[0mGET /api/audit-logs?client=%5Bobject+Object%5D&queryKey=audit-logs&meta=undefined&signal=%5Bobject+AbortSignal%5D [33m401[0m 0.744 ms - 74[0m
[0mGET /api/audit-logs?client=%5Bobject+Object%5D&queryKey=audit-logs&meta=undefined&signal=%5Bobject+AbortSignal%5D [33m401[0m 1.598 ms - 74[0m
[0mPOST /api/auth/refresh-token [33m401[0m 0.737 ms - 82[0m
[0mPOST /api/auth/refresh-token [33m401[0m 0.627 ms - 82[0m
[0mGET /api/auth/google/url [36m304[0m 0.349 ms - -[0m
[0mGET /api/admin/roles [33m401[0m 1.158 ms - 74[0m
[0mGET /api/admin/permissions [33m401[0m 0.437 ms - 74[0m
[0mPOST /api/auth/refresh-token [33m401[0m 0.776 ms - 82[0m
[0mPOST /api/auth/refresh-token [33m401[0m 0.681 ms - 82[0m
[0mGET /api/auth/google/url [36m304[0m 0.159 ms - -[0m
[0mGET /api/company [33m401[0m 0.880 ms - 74[0m
[0mPOST /api/auth/refresh-token [33m401[0m 0.432 ms - 82[0m
[0mGET /api/auth/google/url [36m304[0m 0.281 ms - -[0m
[0mGET /api/branches [33m401[0m 0.645 ms - 74[0m
[0mPOST /api/auth/refresh-token [33m401[0m 1.081 ms - 82[0m
[0mGET /api/auth/google/url [36m304[0m 0.233 ms - -[0m
[0mGET /api/users [33m401[0m 0.444 ms - 74[0m
[0mPOST /api/auth/refresh-token [33m401[0m 0.534 ms - 82[0m
[0mGET /api/auth/google/url [36m304[0m 0.326 ms - -[0m
[0mGET /api/products [33m401[0m 0.462 ms - 74[0m
[0mPOST /api/auth/refresh-token [33m401[0m 0.298 ms - 82[0m
[0mGET /api/auth/google/url [36m304[0m 0.352 ms - -[0m
[0mGET /api/health [32m200[0m 3.958 ms - 105[0m
[0mPOST /api/auth/login [33m401[0m 3628.550 ms - 75[0m
[0mPOST /api/auth/register [33m422[0m 91.715 ms - 282[0m
[0mGET /api/dashboard/kpis [33m401[0m 15.546 ms - 74[0m
[0mGET /api/dashboard/sales-chart [33m401[0m 1.124 ms - 74[0m
[0mGET /api/dashboard/top-items [33m401[0m 1.002 ms - 74[0m
[0mPOST /api/auth/refresh-token [33m401[0m 7.499 ms - 82[0m
[0mPOST /api/auth/refresh-token [33m401[0m 1.322 ms - 82[0m
[0mPOST /api/auth/refresh-token [33m401[0m 3.213 ms - 82[0m
[0mGET /api/auth/google/url [32m200[0m 2.069 ms - 94[0m
[0mGET /api/sales/dashboard [33m401[0m 2.994 ms - 74[0m
[0mGET /api/customers?limit=500 [33m401[0m 0.792 ms - 74[0m
[0mGET /api/items?limit=500 [33m401[0m 1.743 ms - 74[0m
[0mGET /api/users?limit=200 [33m401[0m 1.067 ms - 74[0m
[0mGET /api/branches?limit=200 [33m401[0m 2.266 ms - 74[0m
[0mPOST /api/auth/refresh-token [33m401[0m 3.522 ms - 82[0m
[0mPOST /api/auth/refresh-token [33m401[0m 1.690 ms - 82[0m
[0mPOST /api/auth/refresh-token [33m401[0m 1.254 ms - 82[0m
[0mPOST /api/auth/refresh-token [33m401[0m 1.535 ms - 82[0m
[0mPOST /api/auth/refresh-token [33m401[0m 2.065 ms - 82[0m
[0mGET /api/auth/google/url [36m304[0m 0.552 ms - -[0m
[0mGET /api/sales/owner-dashboard [33m401[0m 0.510 ms - 74[0m
[0mPOST /api/auth/refresh-token [33m401[0m 0.737 ms - 82[0m
[0mGET /api/auth/google/url [36m304[0m 0.263 ms - -[0m
[0mGET /api/crm/dashboard [33m401[0m 0.715 ms - 74[0m
[0mPOST /api/auth/refresh-token [33m401[0m 0.964 ms - 82[0m
[0mGET /api/auth/google/url [36m304[0m 1.234 ms - -[0m
[0mGET /api/accounts/dashboard [33m401[0m 2.097 ms - 74[0m
[0mPOST /api/auth/refresh-token [33m401[0m 3.166 ms - 82[0m
[0mGET /api/auth/google/url [36m304[0m 0.451 ms - -[0m
[0mGET /api/bi/departments [33m401[0m 0.737 ms - 74[0m
[0mGET /api/bi/insights [33m401[0m 1.383 ms - 74[0m
[0mGET /api/bi/executive-dashboard [33m401[0m 1.785 ms - 74[0m
[0mPOST /api/auth/refresh-token [33m401[0m 1.233 ms - 82[0m
[0mPOST /api/auth/refresh-token [33m401[0m 0.791 ms - 82[0m
[0mPOST /api/auth/refresh-token [33m401[0m 0.712 ms - 82[0m
[0mGET /api/auth/google/url [36m304[0m 0.695 ms - -[0m
[0mGET /api/manufacturing/access [33m401[0m 0.692 ms - 74[0m
[0mGET /api/manufacturing/dashboard [33m401[0m 0.624 ms - 74[0m
[0mPOST /api/auth/refresh-token [33m401[0m 1.106 ms - 82[0m
[0mPOST /api/auth/refresh-token [33m401[0m 2.818 ms - 82[0m
[0mGET /api/auth/google/url [36m304[0m 1.105 ms - -[0m
[0mGET /api/hrms/dashboard [33m401[0m 0.691 ms - 74[0m
[0mPOST /api/auth/refresh-token [33m401[0m 1.232 ms - 82[0m
[0mGET /api/auth/google/url [36m304[0m 0.263 ms - -[0m
[0mGET /api/wms/dashboard [33m401[0m 2.658 ms - 74[0m
[0mPOST /api/auth/refresh-token [33m401[0m 0.558 ms - 82[0m
[0mGET /api/auth/google/url [36m304[0m 0.904 ms - -[0m
[0mGET /api/eam/dashboard [33m401[0m 1.027 ms - 74[0m
[0mPOST /api/auth/refresh-token [33m401[0m 0.980 ms - 82[0m
[0mGET /api/auth/google/url [36m304[0m 1.254 ms - -[0m
[0mGET /api/inventory/dashboard [33m401[0m 0.786 ms - 74[0m
[0mGET /api/items?limit=100 [33m401[0m 0.871 ms - 74[0m
[0mGET /api/warehouses?limit=100 [33m401[0m 0.717 ms - 74[0m
[0mPOST /api/auth/refresh-token [33m401[0m 0.883 ms - 82[0m
[0mPOST /api/auth/refresh-token [33m401[0m 2.287 ms - 82[0m
[0mPOST /api/auth/refresh-token [33m401[0m 1.193 ms - 82[0m
[0mGET /api/auth/google/url [36m304[0m 0.283 ms - -[0m
[0mGET /api/vendors?limit=200 [33m401[0m 0.526 ms - 74[0m
[0mGET /api/items?limit=500 [33m401[0m 1.013 ms - 74[0m
[0mGET /api/warehouses?limit=100 [33m401[0m 0.810 ms - 74[0m
[0mGET /api/purchase/dashboard [33m401[0m 0.551 ms - 74[0m
[0mPOST /api/auth/refresh-token [33m401[0m 0.854 ms - 82[0m
[0mPOST /api/auth/refresh-token [33m401[0m 0.385 ms - 82[0m
[0mPOST /api/auth/refresh-token [33m401[0m 0.565 ms - 82[0m
[0mPOST /api/auth/refresh-token [33m401[0m 1.320 ms - 82[0m
[0mGET /api/auth/google/url [36m304[0m 0.172 ms - -[0m
[0mGET /api/auth/login [33m401[0m 14.697 ms - 73[0m
[0mGET /api/auth/register [33m401[0m 1.982 ms - 73[0m
[0mGET /api/auth/google/url [32m200[0m 0.315 ms - 94[0m
[0mPOST /api/auth/login [33m401[0m 3290.186 ms - 75[0m
[0mPOST /api/auth/login [33m401[0m 292.526 ms - 75[0m
[0mPOST /api/auth/login [33m401[0m 302.715 ms - 75[0m
[0mPOST /api/auth/login [33m401[0m 282.003 ms - 75[0m
[0mPOST /api/auth/login [33m401[0m 295.946 ms - 75[0m
[0mPOST /api/auth/login [33m401[0m 280.769 ms - 75[0m
[0mPOST /api/auth/login [33m401[0m 282.890 ms - 75[0m
[0mGET /api/health [32m200[0m 0.889 ms - 105[0m
[0mGET /api/dashboard/kpis [33m401[0m 2.583 ms - 74[0m
[0mGET /api/dashboard/sales-chart [33m401[0m 0.607 ms - 74[0m
[0mGET /api/dashboard/top-items [33m401[0m 0.753 ms - 74[0m
[0mPOST /api/auth/refresh-token [33m401[0m 2.420 ms - 82[0m
[0mPOST /api/auth/refresh-token [33m401[0m 1.311 ms - 82[0m
[0mPOST /api/auth/refresh-token [33m401[0m 1.143 ms - 82[0m
[0mGET /api/auth/google/url [36m304[0m 1.029 ms - -[0m
[0mGET /api/sales/dashboard [33m401[0m 1.065 ms - 74[0m
[0mGET /api/items?limit=500 [33m401[0m 1.486 ms - 74[0m
[0mGET /api/users?limit=200 [33m401[0m 0.946 ms - 74[0m
[0mGET /api/branches?limit=200 [33m401[0m 0.899 ms - 74[0m
[0mGET /api/customers?limit=500 [33m401[0m 0.925 ms - 74[0m
[0mPOST /api/auth/refresh-token [33m401[0m 3.172 ms - 82[0m
[0mPOST /api/auth/refresh-token [33m401[0m 1.567 ms - 82[0m
[0mPOST /api/auth/refresh-token [33m401[0m 0.689 ms - 82[0m
[0mPOST /api/auth/refresh-token [33m401[0m 0.764 ms - 82[0m
[0mPOST /api/auth/refresh-token [33m401[0m 3.772 ms - 82[0m
[0mGET /api/auth/google/url [36m304[0m 1.045 ms - -[0m
[0mGET /api/sales/owner-dashboard [33m401[0m 0.745 ms - 74[0m
[0mPOST /api/auth/refresh-token [33m401[0m 2.834 ms - 82[0m
[0mGET /api/auth/google/url [36m304[0m 2.641 ms - -[0m
[0mGET /api/crm/dashboard [33m401[0m 0.701 ms - 74[0m
[0mPOST /api/auth/refresh-token [33m401[0m 1.063 ms - 82[0m
[0mGET /api/auth/google/url [36m304[0m 0.732 ms - -[0m
[0mGET /api/accounts/dashboard [33m401[0m 0.963 ms - 74[0m
[0mPOST /api/auth/refresh-token [33m401[0m 1.268 ms - 82[0m
[0mGET /api/auth/google/url [36m304[0m 0.347 ms - -[0m
[0mGET /api/bi/executive-dashboard [33m401[0m 0.764 ms - 74[0m
[0mGET /api/bi/departments [33m401[0m 0.843 ms - 74[0m
[0mGET /api/bi/insights [33m401[0m 0.533 ms - 74[0m
[0mPOST /api/auth/refresh-token [33m401[0m 0.980 ms - 82[0m
[0mPOST /api/auth/refresh-token [33m401[0m 0.693 ms - 82[0m
[0mPOST /api/auth/refresh-token [33m401[0m 1.887 ms - 82[0m
[0mGET /api/auth/google/url [36m304[0m 0.383 ms - -[0m
[0mGET /api/inventory/dashboard [33m401[0m 1.593 ms - 74[0m
[0mGET /api/warehouses?limit=100 [33m401[0m 1.003 ms - 74[0m
[0mGET /api/items?limit=100 [33m401[0m 0.706 ms - 74[0m
[0mPOST /api/auth/refresh-token [33m401[0m 1.145 ms - 82[0m
[0mPOST /api/auth/refresh-token [33m401[0m 1.379 ms - 82[0m
[0mPOST /api/auth/refresh-token [33m401[0m 8.022 ms - 82[0m
[0mGET /api/auth/google/url [36m304[0m 0.378 ms - -[0m
[0mGET /api/products?page=1&limit=20&q=undefined [33m401[0m 1.049 ms - 74[0m
[0mGET /api/item-categories?limit=100 [33m401[0m 1.023 ms - 74[0m
[0mGET /api/units-of-measure?limit=100 [33m401[0m 1.264 ms - 74[0m
[0mPOST /api/auth/refresh-token [33m401[0m 1.066 ms - 82[0m
[0mPOST /api/auth/refresh-token [33m401[0m 1.867 ms - 82[0m
[0mPOST /api/auth/refresh-token [33m401[0m 0.977 ms - 82[0m
[0mGET /api/auth/google/url [36m304[0m 0.357 ms - -[0m
[0mGET /api/inventory/valuation-report [33m401[0m 0.825 ms - 74[0m
[0mPOST /api/auth/refresh-token [33m401[0m 1.351 ms - 82[0m
[0mGET /api/auth/google/url [36m304[0m 0.374 ms - -[0m
[0mGET /api/inventory/suppliers [33m401[0m 1.078 ms - 74[0m
[0mPOST /api/auth/refresh-token [33m401[0m 0.586 ms - 82[0m
[0mGET /api/auth/google/url [36m304[0m 0.428 ms - -[0m
[0mGET /api/vendors?limit=200 [33m401[0m 0.894 ms - 74[0m
[0mGET /api/items?limit=500 [33m401[0m 1.500 ms - 74[0m
[0mGET /api/warehouses?limit=100 [33m401[0m 1.395 ms - 74[0m
[0mGET /api/purchase/dashboard [33m401[0m 0.722 ms - 74[0m
[0mPOST /api/auth/refresh-token [33m401[0m 1.108 ms - 82[0m
[0mPOST /api/auth/refresh-token [33m401[0m 1.204 ms - 82[0m
[0mPOST /api/auth/refresh-token [33m401[0m 0.590 ms - 82[0m
[0mPOST /api/auth/refresh-token [33m401[0m 3.754 ms - 82[0m
[0mGET /api/auth/google/url [36m304[0m 0.380 ms - -[0m
[0mGET /api/manufacturing/access [33m401[0m 0.682 ms - 74[0m
[0mGET /api/manufacturing/dashboard [33m401[0m 0.566 ms - 74[0m
[0mPOST /api/auth/refresh-token [33m401[0m 1.543 ms - 82[0m
[0mPOST /api/auth/refresh-token [33m401[0m 1.242 ms - 82[0m
[0mGET /api/auth/google/url [36m304[0m 0.205 ms - -[0m
[0mGET /api/wms/dashboard [33m401[0m 0.669 ms - 74[0m
[0mPOST /api/auth/refresh-token [33m401[0m 0.354 ms - 82[0m
[0mGET /api/auth/google/url [36m304[0m 0.217 ms - -[0m
[0mGET /api/hrms/dashboard [33m401[0m 0.597 ms - 74[0m
[0mPOST /api/auth/refresh-token [33m401[0m 1.458 ms - 82[0m
[0mGET /api/auth/google/url [36m304[0m 0.786 ms - -[0m
[0mGET /api/eam/dashboard [33m401[0m 0.496 ms - 74[0m
[0mPOST /api/auth/refresh-token [33m401[0m 1.561 ms - 82[0m
[0mGET /api/auth/google/url [36m304[0m 0.335 ms - -[0m
[0mGET /api/supplier-portal/vendors [33m401[0m 0.961 ms - 74[0m
[0mGET /api/supplier-portal/dashboard [33m401[0m 0.709 ms - 74[0m
[0mPOST /api/auth/refresh-token [33m401[0m 0.976 ms - 82[0m
[0mPOST /api/auth/refresh-token [33m401[0m 2.062 ms - 82[0m
[0mGET /api/auth/google/url [36m304[0m 0.288 ms - -[0m
[0mGET /api/audit-logs?client=%5Bobject+Object%5D&queryKey=audit-logs&meta=undefined&signal=%5Bobject+AbortSignal%5D [33m401[0m 1.162 ms - 74[0m
[0mGET /api/audit-logs?client=%5Bobject+Object%5D&queryKey=audit-logs&meta=undefined&signal=%5Bobject+AbortSignal%5D [33m401[0m 0.741 ms - 74[0m
[0mPOST /api/auth/refresh-token [33m401[0m 0.978 ms - 82[0m
[0mPOST /api/auth/refresh-token [33m401[0m 0.790 ms - 82[0m
[0mGET /api/auth/google/url [36m304[0m 0.279 ms - -[0m
[0mGET /api/admin/permissions [33m401[0m 0.843 ms - 74[0m
[0mGET /api/admin/roles [33m401[0m 0.993 ms - 74[0m
[0mPOST /api/auth/refresh-token [33m401[0m 0.656 ms - 82[0m
[0mPOST /api/auth/refresh-token [33m401[0m 0.574 ms - 82[0m
[0mGET /api/auth/google/url [36m304[0m 0.389 ms - -[0m
[0mGET /api/company [33m401[0m 0.589 ms - 74[0m
[0mPOST /api/auth/refresh-token [33m401[0m 0.429 ms - 82[0m
[0mGET /api/auth/google/url [36m304[0m 0.329 ms - -[0m
[0mGET /api/branches [33m401[0m 1.703 ms - 74[0m
[0mPOST /api/auth/refresh-token [33m401[0m 0.870 ms - 82[0m
[0mGET /api/auth/google/url [36m304[0m 0.270 ms - -[0m
[0mGET /api/users [33m401[0m 0.914 ms - 74[0m
[0mPOST /api/auth/refresh-token [33m401[0m 1.128 ms - 82[0m
[0mGET /api/auth/google/url [36m304[0m 0.448 ms - -[0m
[0mGET /api/products [33m401[0m 0.984 ms - 74[0m
[0mPOST /api/auth/refresh-token [33m401[0m 0.540 ms - 82[0m
[0mGET /api/auth/google/url [36m304[0m 0.269 ms - -[0m
[0mGET /api/customers?limit=500 [33m401[0m 2.429 ms - 74[0m
[0mGET /api/items?limit=500 [33m401[0m 1.595 ms - 74[0m
[0mGET /api/branches?limit=200 [33m401[0m 0.560 ms - 74[0m
[0mGET /api/sales/dashboard [33m401[0m 31.493 ms - 74[0m
[0mGET /api/users?limit=200 [33m401[0m 0.595 ms - 74[0m
[0mPOST /api/auth/refresh-token [33m401[0m 1.318 ms - 82[0m
[0mPOST /api/auth/refresh-token [33m401[0m 0.521 ms - 82[0m
[0mPOST /api/auth/refresh-token [33m401[0m 0.821 ms - 82[0m
[0mPOST /api/auth/refresh-token [33m401[0m 0.909 ms - 82[0m
[0mPOST /api/auth/refresh-token [33m401[0m 0.899 ms - 82[0m
[0mGET /api/auth/google/url [32m200[0m 0.755 ms - 94[0m
[0mGET /api/sales/dashboard [33m401[0m 1.178 ms - 74[0m
[0mGET /api/customers?limit=500 [33m401[0m 0.551 ms - 74[0m
[0mGET /api/items?limit=500 [33m401[0m 1.369 ms - 74[0m
[0mGET /api/users?limit=200 [33m401[0m 0.768 ms - 74[0m
[0mGET /api/branches?limit=200 [33m401[0m 0.899 ms - 74[0m
[0mPOST /api/auth/refresh-token [33m401[0m 1.598 ms - 82[0m
[0mPOST /api/auth/refresh-token [33m401[0m 0.592 ms - 82[0m
[0mPOST /api/auth/refresh-token [33m401[0m 1.997 ms - 82[0m
[0mPOST /api/auth/refresh-token [33m401[0m 0.759 ms - 82[0m
[0mPOST /api/auth/refresh-token [33m401[0m 0.652 ms - 82[0m
[0mGET /api/auth/google/url [32m200[0m 0.693 ms - 94[0m
[0mGET /api/sales/dashboard [33m401[0m 1.069 ms - 74[0m
[0mGET /api/customers?limit=500 [33m401[0m 0.496 ms - 74[0m
[0mGET /api/items?limit=500 [33m401[0m 0.412 ms - 74[0m
[0mGET /api/users?limit=200 [33m401[0m 5.326 ms - 74[0m
[0mGET /api/branches?limit=200 [33m401[0m 0.702 ms - 74[0m
[0mPOST /api/auth/refresh-token [33m401[0m 0.976 ms - 82[0m
[0mPOST /api/auth/refresh-token [33m401[0m 2.158 ms - 82[0m
[0mPOST /api/auth/refresh-token [33m401[0m 1.828 ms - 82[0m
[0mPOST /api/auth/refresh-token [33m401[0m 1.807 ms - 82[0m
[0mPOST /api/auth/refresh-token [33m401[0m 2.417 ms - 82[0m
[0mGET /api/auth/google/url [32m200[0m 0.468 ms - 94[0m
[0mGET /api/sales/dashboard [33m401[0m 0.829 ms - 74[0m
[0mGET /api/customers?limit=500 [33m401[0m 0.672 ms - 74[0m
[0mGET /api/items?limit=500 [33m401[0m 0.703 ms - 74[0m
[0mGET /api/users?limit=200 [33m401[0m 0.647 ms - 74[0m
[0mGET /api/branches?limit=200 [33m401[0m 0.577 ms - 74[0m
[0mPOST /api/auth/refresh-token [33m401[0m 1.253 ms - 82[0m
[0mPOST /api/auth/refresh-token [33m401[0m 0.876 ms - 82[0m
[0mPOST /api/auth/refresh-token [33m401[0m 0.965 ms - 82[0m
[0mPOST /api/auth/refresh-token [33m401[0m 0.784 ms - 82[0m
[0mPOST /api/auth/refresh-token [33m401[0m 0.793 ms - 82[0m
[0mGET /api/auth/google/url [32m200[0m 0.384 ms - 94[0m
[0mGET /api/crm/dashboard [33m401[0m 0.817 ms - 74[0m
[0mPOST /api/auth/refresh-token [33m401[0m 0.659 ms - 82[0m
[0mGET /api/auth/google/url [32m200[0m 0.308 ms - 94[0m
[0mGET /api/crm/dashboard [33m401[0m 0.521 ms - 74[0m
[0mPOST /api/auth/refresh-token [33m401[0m 1.356 ms - 82[0m
[0mGET /api/auth/google/url [32m200[0m 0.183 ms - 94[0m
[0mGET /api/crm/dashboard [33m401[0m 0.791 ms - 74[0m
[0mPOST /api/auth/refresh-token [33m401[0m 0.789 ms - 82[0m
[0mGET /api/auth/google/url [32m200[0m 0.251 ms - 94[0m
[0mGET /api/accounts/dashboard [33m401[0m 0.989 ms - 74[0m
[0mPOST /api/auth/refresh-token [33m401[0m 1.253 ms - 82[0m
[0mGET /api/auth/google/url [32m200[0m 0.457 ms - 94[0m
[0mGET /api/accounts/dashboard [33m401[0m 1.050 ms - 74[0m
[0mPOST /api/auth/refresh-token [33m401[0m 1.028 ms - 82[0m
[0mGET /api/auth/google/url [32m200[0m 0.627 ms - 94[0m
[0mGET /api/accounts/dashboard [33m401[0m 1.080 ms - 74[0m
[0mPOST /api/auth/refresh-token [33m401[0m 0.933 ms - 82[0m
[0mGET /api/auth/google/url [32m200[0m 0.371 ms - 94[0m
[0mGET /api/bi/executive-dashboard [33m401[0m 0.536 ms - 74[0m
[0mGET /api/bi/departments [33m401[0m 0.538 ms - 74[0m
[0mGET /api/bi/insights [33m401[0m 0.643 ms - 74[0m
[0mPOST /api/auth/refresh-token [33m401[0m 0.658 ms - 82[0m
[0mPOST /api/auth/refresh-token [33m401[0m 0.873 ms - 82[0m
[0mPOST /api/auth/refresh-token [33m401[0m 0.972 ms - 82[0m
[0mGET /api/auth/google/url [32m200[0m 0.483 ms - 94[0m
[0mGET /api/bi/executive-dashboard [33m401[0m 0.573 ms - 74[0m
[0mGET /api/bi/departments [33m401[0m 0.534 ms - 74[0m
[0mGET /api/bi/insights [33m401[0m 0.853 ms - 74[0m
[0mPOST /api/auth/refresh-token [33m401[0m 0.838 ms - 82[0m
[0mPOST /api/auth/refresh-token [33m401[0m 0.958 ms - 82[0m
[0mPOST /api/auth/refresh-token [33m401[0m 0.692 ms - 82[0m
[0mGET /api/auth/google/url [32m200[0m 0.265 ms - 94[0m
[0mGET /api/bi/executive-dashboard [33m401[0m 0.626 ms - 74[0m
[0mGET /api/bi/departments [33m401[0m 0.567 ms - 74[0m
[0mGET /api/bi/insights [33m401[0m 0.532 ms - 74[0m
[0mPOST /api/auth/refresh-token [33m401[0m 0.491 ms - 82[0m
[0mPOST /api/auth/refresh-token [33m401[0m 2.338 ms - 82[0m
[0mPOST /api/auth/refresh-token [33m401[0m 0.766 ms - 82[0m
[0mGET /api/auth/google/url [32m200[0m 0.576 ms - 94[0m
[0mGET /api/bi/departments [33m401[0m 0.924 ms - 74[0m
[0mGET /api/bi/executive-dashboard [33m401[0m 0.683 ms - 74[0m
[0mGET /api/bi/insights [33m401[0m 0.471 ms - 74[0m
[0mPOST /api/auth/refresh-token [33m401[0m 0.737 ms - 82[0m
[0mPOST /api/auth/refresh-token [33m401[0m 0.550 ms - 82[0m
[0mPOST /api/auth/refresh-token [33m401[0m 0.581 ms - 82[0m
[0mGET /api/auth/google/url [32m200[0m 0.465 ms - 94[0m
[0mGET /api/dashboard/kpis [33m401[0m 6.912 ms - 74[0m
[0mGET /api/dashboard/top-items [33m401[0m 0.924 ms - 74[0m
[0mGET /api/dashboard/sales-chart [33m401[0m 0.718 ms - 74[0m
[0mPOST /api/auth/refresh-token [33m401[0m 0.626 ms - 82[0m
[0mPOST /api/auth/refresh-token [33m401[0m 1.098 ms - 82[0m
[0mPOST /api/auth/refresh-token [33m401[0m 1.394 ms - 82[0m
[0mGET /api/auth/google/url [32m200[0m 0.688 ms - 94[0m
[0mGET /api/dashboard/kpis [33m401[0m 1.448 ms - 74[0m
[0mGET /api/dashboard/sales-chart [33m401[0m 0.791 ms - 74[0m
[0mGET /api/dashboard/top-items [33m401[0m 0.657 ms - 74[0m
[0mPOST /api/auth/refresh-token [33m401[0m 1.170 ms - 82[0m
[0mPOST /api/auth/refresh-token [33m401[0m 0.772 ms - 82[0m
[0mPOST /api/auth/refresh-token [33m401[0m 1.772 ms - 82[0m
[0mGET /api/auth/google/url [32m200[0m 0.460 ms - 94[0m
[0mGET /api/dashboard/kpis [33m401[0m 1.199 ms - 74[0m
[0mGET /api/dashboard/sales-chart [33m401[0m 1.243 ms - 74[0m
[0mGET /api/dashboard/top-items [33m401[0m 0.602 ms - 74[0m
[0mPOST /api/auth/refresh-token [33m401[0m 1.247 ms - 82[0m
[0mPOST /api/auth/refresh-token [33m401[0m 0.848 ms - 82[0m
[0mPOST /api/auth/refresh-token [33m401[0m 0.787 ms - 82[0m
[0mGET /api/auth/google/url [32m200[0m 0.319 ms - 94[0m
[0mGET /api/manufacturing/access [33m401[0m 0.550 ms - 74[0m
[0mGET /api/manufacturing/dashboard [33m401[0m 1.148 ms - 74[0m
[0mPOST /api/auth/refresh-token [33m401[0m 0.640 ms - 82[0m
[0mPOST /api/auth/refresh-token [33m401[0m 0.884 ms - 82[0m
[0mGET /api/auth/google/url [32m200[0m 0.352 ms - 94[0m
[0mGET /api/manufacturing/access [33m401[0m 0.487 ms - 74[0m
[0mGET /api/manufacturing/dashboard [33m401[0m 0.520 ms - 74[0m
[0mPOST /api/auth/refresh-token [33m401[0m 0.565 ms - 82[0m
[0mPOST /api/auth/refresh-token [33m401[0m 1.018 ms - 82[0m
[0mGET /api/auth/google/url [32m200[0m 0.557 ms - 94[0m
[0mGET /api/inventory/dashboard [33m401[0m 0.709 ms - 74[0m
[0mGET /api/warehouses?limit=100 [33m401[0m 0.615 ms - 74[0m
[0mGET /api/items?limit=100 [33m401[0m 2.409 ms - 74[0m
[0mPOST /api/auth/refresh-token [33m401[0m 0.675 ms - 82[0m
[0mPOST /api/auth/refresh-token [33m401[0m 1.167 ms - 82[0m
[0mPOST /api/auth/refresh-token [33m401[0m 0.672 ms - 82[0m
[0mGET /api/auth/google/url [32m200[0m 0.563 ms - 94[0m
[0mGET /api/inventory/dashboard [33m401[0m 0.504 ms - 74[0m
[0mGET /api/warehouses?limit=100 [33m401[0m 0.764 ms - 74[0m
[0mGET /api/items?limit=100 [33m401[0m 0.448 ms - 74[0m
[0mPOST /api/auth/refresh-token [33m401[0m 1.242 ms - 82[0m
[0mPOST /api/auth/refresh-token [33m401[0m 1.139 ms - 82[0m
[0mPOST /api/auth/refresh-token [33m401[0m 0.791 ms - 82[0m
[0mGET /api/auth/google/url [32m200[0m 0.266 ms - 94[0m
[0mGET /api/vendors?limit=200 [33m401[0m 1.914 ms - 74[0m
[0mGET /api/warehouses?limit=100 [33m401[0m 0.588 ms - 74[0m
[0mGET /api/purchase/dashboard [33m401[0m 1.262 ms - 74[0m
[0mGET /api/items?limit=500 [33m401[0m 0.621 ms - 74[0m
[0mPOST /api/auth/refresh-token [33m401[0m 1.354 ms - 82[0m
[0mPOST /api/auth/refresh-token [33m401[0m 0.967 ms - 82[0m
[0mPOST /api/auth/refresh-token [33m401[0m 1.075 ms - 82[0m
[0mPOST /api/auth/refresh-token [33m401[0m 2.659 ms - 82[0m
[0mGET /api/auth/google/url [32m200[0m 0.189 ms - 94[0m
[0mGET /api/vendors?limit=200 [33m401[0m 0.907 ms - 74[0m
[0mGET /api/items?limit=500 [33m401[0m 0.710 ms - 74[0m
[0mGET /api/warehouses?limit=100 [33m401[0m 1.079 ms - 74[0m
[0mGET /api/purchase/dashboard [33m401[0m 0.652 ms - 74[0m
[0mPOST /api/auth/refresh-token [33m401[0m 0.696 ms - 82[0m
[0mPOST /api/auth/refresh-token [33m401[0m 0.632 ms - 82[0m
[0mPOST /api/auth/refresh-token [33m401[0m 0.617 ms - 82[0m
[0mPOST /api/auth/refresh-token [33m401[0m 0.831 ms - 82[0m
[0mGET /api/auth/google/url [32m200[0m 0.315 ms - 94[0m
prisma:error Error in PostgreSQL connection: Error { kind: Closed, cause: None }
[0mGET /api/hrms/dashboard [33m401[0m 0.901 ms - 74[0m
[0mPOST /api/auth/refresh-token [33m401[0m 0.916 ms - 82[0m
[0mGET /api/auth/google/url [32m200[0m 0.386 ms - 94[0m
[0mGET /api/hrms/dashboard [33m401[0m 0.857 ms - 74[0m
[0mPOST /api/auth/refresh-token [33m401[0m 1.695 ms - 82[0m
[0mGET /api/auth/google/url [32m200[0m 0.299 ms - 94[0m
[0mGET /api/wms/dashboard [33m401[0m 0.781 ms - 74[0m
[0mPOST /api/auth/refresh-token [33m401[0m 0.995 ms - 82[0m
[0mGET /api/auth/google/url [32m200[0m 0.332 ms - 94[0m
[0mGET /api/eam/dashboard [33m401[0m 0.851 ms - 74[0m
[0mPOST /api/auth/refresh-token [33m401[0m 1.108 ms - 82[0m
[0mGET /api/auth/google/url [32m200[0m 0.586 ms - 94[0m
[0mGET /api/eam/dashboard [33m401[0m 0.778 ms - 74[0m
[0mPOST /api/auth/refresh-token [33m401[0m 1.192 ms - 82[0m
[0mGET /api/auth/google/url [32m200[0m 0.333 ms - 94[0m
[0mGET /api/auth/me [33m401[0m 127.985 ms - 74[0m
[0mGET /api/dashboard/kpis [0m-[0m - ms - -[0m
[0mGET /api/dashboard/sales-chart [0m-[0m - ms - -[0m
[0mGET /api/dashboard/top-items [0m-[0m - ms - -[0m
[0mGET /api/branches?limit=200 [33m403[0m 4492.867 ms - 92[0m
[0mGET /api/sales/dashboard [33m403[0m 4551.328 ms - 89[0m
[0mGET /api/customers?limit=500 [33m403[0m 4582.501 ms - 90[0m
[0mGET /api/users?limit=200 [33m403[0m 4910.685 ms - 89[0m
[0mGET /api/items?limit=500 [33m403[0m 4990.753 ms - 90[0m
[0mGET /api/customers?limit=500 [33m403[0m 4.954 ms - 90[0m
[0mGET /api/items?limit=500 [33m403[0m 7.811 ms - 90[0m
[0mGET /api/branches?limit=200 [33m403[0m 5.534 ms - 92[0m
[0mGET /api/users?limit=200 [33m403[0m 4.655 ms - 89[0m
[0mGET /api/sales/dashboard [33m403[0m 1.008 ms - 89[0m
[0mGET /api/sales/owner-dashboard [33m403[0m 1.556 ms - 89[0m
[0mGET /api/sales/owner-dashboard [33m403[0m 2.104 ms - 89[0m
[0mGET /api/crm/dashboard [33m403[0m 1.286 ms - 89[0m
[0mGET /api/crm/dashboard [33m403[0m 4.165 ms - 89[0m
[0mGET /api/accounts/dashboard [33m403[0m 5.628 ms - 92[0m
[0mGET /api/accounts/dashboard [33m403[0m 5.343 ms - 92[0m
[0mGET /api/bi/executive-dashboard [33m403[0m 4.579 ms - 93[0m
[0mGET /api/bi/departments [33m403[0m 3.032 ms - 93[0m
[0mGET /api/bi/insights [33m403[0m 4.744 ms - 93[0m
[0mGET /api/bi/executive-dashboard [33m403[0m 3.504 ms - 93[0m
[0mGET /api/bi/departments [33m403[0m 3.429 ms - 93[0m
[0mGET /api/bi/insights [33m403[0m 3.692 ms - 93[0m
[0mGET /api/inventory/dashboard [33m403[0m 3.382 ms - 93[0m
[0mGET /api/warehouses?limit=100 [33m403[0m 5.190 ms - 90[0m
[0mGET /api/items?limit=100 [33m403[0m 7.818 ms - 90[0m
[0mGET /api/inventory/dashboard [33m403[0m 1.574 ms - 93[0m
[0mGET /api/warehouses?limit=100 [33m403[0m 5.515 ms - 90[0m
[0mGET /api/items?limit=100 [33m403[0m 4.736 ms - 90[0m
[0mGET /api/products?page=1&limit=20&q=undefined [33m403[0m 5.119 ms - 92[0m
[0mGET /api/item-categories?limit=100 [33m403[0m 8.323 ms - 90[0m
[0mGET /api/units-of-measure?limit=100 [33m403[0m 4.015 ms - 90[0m
[0mGET /api/units-of-measure?limit=100 [33m403[0m 5.244 ms - 90[0m
[0mGET /api/item-categories?limit=100 [33m403[0m 7.245 ms - 90[0m
[0mGET /api/products?page=1&limit=20&q=undefined [33m403[0m 7.339 ms - 92[0m
[0mGET /api/inventory/valuation-report [33m403[0m 7.945 ms - 93[0m
[0mGET /api/inventory/valuation-report [33m403[0m 2.379 ms - 93[0m
[0mGET /api/inventory/suppliers [33m403[0m 5.787 ms - 93[0m
[0mGET /api/inventory/suppliers [33m403[0m 1.697 ms - 93[0m
[0mGET /api/items?limit=500 [33m403[0m 6.673 ms - 90[0m
[0mGET /api/purchase/dashboard [33m403[0m 2.602 ms - 92[0m
[0mGET /api/vendors?limit=200 [33m403[0m 8.430 ms - 90[0m
[0mGET /api/warehouses?limit=100 [33m403[0m 5.256 ms - 90[0m
[0mGET /api/vendors?limit=200 [33m403[0m 5.407 ms - 90[0m
[0mGET /api/items?limit=500 [33m403[0m 5.372 ms - 90[0m
[0mGET /api/warehouses?limit=100 [33m403[0m 7.165 ms - 90[0m
[0mGET /api/purchase/dashboard [33m403[0m 1.821 ms - 92[0m
[0mGET /api/manufacturing/access [33m403[0m 9.748 ms - 97[0m
[0mGET /api/manufacturing/dashboard [33m403[0m 3.826 ms - 97[0m
[0mGET /api/manufacturing/access [33m403[0m 5.869 ms - 97[0m
[0mGET /api/manufacturing/dashboard [33m403[0m 3.697 ms - 97[0m
[0mGET /api/wms/dashboard [33m403[0m 2.794 ms - 93[0m
[0mGET /api/wms/dashboard [33m403[0m 4.782 ms - 93[0m
[0mGET /api/hrms/dashboard [33m403[0m 2.778 ms - 93[0m
[0mGET /api/hrms/dashboard [33m403[0m 7.269 ms - 93[0m
[0mGET /api/eam/dashboard [33m403[0m 5.824 ms - 97[0m
[0mGET /api/eam/dashboard [33m403[0m 3.664 ms - 97[0m
[0mGET /api/supplier-portal/vendors [33m403[0m 4.131 ms - 92[0m
[0mGET /api/supplier-portal/dashboard [33m403[0m 6.858 ms - 92[0m
[0mGET /api/supplier-portal/vendors [33m403[0m 5.481 ms - 92[0m
[0mGET /api/supplier-portal/dashboard [33m403[0m 6.836 ms - 92[0m
[0mGET /api/audit-logs?client=%5Bobject+Object%5D&queryKey=audit-logs&meta=undefined&signal=%5Bobject+AbortSignal%5D [33m403[0m 5.707 ms - 89[0m
[0mGET /api/audit-logs?client=%5Bobject+Object%5D&queryKey=audit-logs&meta=undefined&signal=%5Bobject+AbortSignal%5D [33m403[0m 5.052 ms - 89[0m
[0mGET /api/audit-logs?client=%5Bobject+Object%5D&queryKey=audit-logs&meta=undefined&signal=%5Bobject+AbortSignal%5D [33m403[0m 4.496 ms - 89[0m
[0mGET /api/company [33m403[0m 13.193 ms - 91[0m
[0mGET /api/company [33m403[0m 5.047 ms - 91[0m
[0mGET /api/branches [33m403[0m 4.214 ms - 92[0m
[0mGET /api/branches [33m403[0m 3.823 ms - 92[0m
[0mGET /api/users [33m403[0m 6.553 ms - 89[0m
[0mGET /api/users [33m403[0m 3.712 ms - 89[0m
[0mGET /api/products [33m403[0m 4.270 ms - 92[0m
[0mGET /api/products [33m403[0m 5.212 ms - 92[0m
[0mGET /api/dashboard/sales-chart [32m200[0m 3418.678 ms - 292[0m
[0mGET /api/dashboard/kpis [32m200[0m 4006.290 ms - 265[0m
[0mGET /api/dashboard/top-items [32m200[0m 3962.945 ms - 67[0m
[0mGET /api/branches?limit=200 [32m200[0m 1081.081 ms - 3310[0m
[0mGET /api/sales/dashboard [32m200[0m 1393.196 ms - 3311[0m
[0mGET /api/users?limit=200 [32m200[0m 1642.120 ms - 38056[0m
[0mGET /api/customers?limit=500 [32m200[0m 2031.459 ms - 288926[0m
[0mGET /api/items?limit=500 [32m200[0m 3330.026 ms - 266414[0m
[0mGET /api/sales/owner-dashboard [32m200[0m 2707.167 ms - 3113[0m
[0mGET /api/crm/dashboard [32m200[0m 1129.588 ms - 3733[0m
[0mGET /api/accounts/dashboard [32m200[0m 1832.902 ms - 3966[0m
[0mGET /api/bi/departments [32m200[0m 1967.927 ms - 468[0m
[0mGET /api/bi/executive-dashboard [32m200[0m 2220.209 ms - 3010[0m
[0mGET /api/bi/insights [32m200[0m 4641.121 ms - 443[0m
[0mGET /api/warehouses?limit=100 [32m200[0m 815.779 ms - 6989[0m
[0mGET /api/items?limit=100 [32m200[0m 1452.432 ms - 88685[0m
[0mGET /api/inventory/dashboard [32m200[0m 4309.283 ms - 12884[0m
[0mGET /api/units-of-measure?limit=100 [32m200[0m 591.104 ms - 3967[0m
[0mGET /api/item-categories?limit=100 [32m200[0m 854.203 ms - 4881[0m
[0mGET /api/products?page=1&limit=20&q=undefined [32m200[0m 880.179 ms - 93[0m
[0mGET /api/inventory/valuation-report [32m200[0m 2072.112 ms - 167695[0m
[0mGET /api/inventory/suppliers [32m200[0m 1466.381 ms - 45322[0m
[0mGET /api/warehouses?limit=100 [32m200[0m 853.012 ms - 6989[0m
[0mGET /api/vendors?limit=200 [32m200[0m 1117.225 ms - 41671[0m
[0mGET /api/purchase/dashboard [32m200[0m 1426.852 ms - 276[0m
[0mGET /api/items?limit=500 [32m200[0m 2315.976 ms - 266414[0m
[0mGET /api/manufacturing/access [32m200[0m 2.814 ms - 119[0m
[0mGET /api/manufacturing/dashboard [32m200[0m 613.174 ms - 187[0m
[0mGET /api/wms/dashboard [32m200[0m 1088.444 ms - 3082[0m
[0mGET /api/hrms/dashboard [32m200[0m 1919.694 ms - 2261[0m
[0mGET /api/eam/dashboard [32m200[0m 1355.083 ms - 2800[0m
[0mGET /api/supplier-portal/dashboard [32m200[0m 570.577 ms - 594[0m
[0mGET /api/supplier-portal/vendors [32m200[0m 1150.915 ms - 41640[0m
[0mGET /api/audit-logs?client=%5Bobject+Object%5D&queryKey=audit-logs&meta=undefined&signal=%5Bobject+AbortSignal%5D [32m200[0m 865.696 ms - 3294[0m
[0mGET /api/audit-logs?client=%5Bobject+Object%5D&queryKey=audit-logs&meta=undefined&signal=%5Bobject+AbortSignal%5D [36m304[0m 661.832 ms - -[0m
[0mGET /api/admin/permissions [32m200[0m 549.777 ms - 8668[0m
[0mGET /api/admin/roles [32m200[0m 1144.937 ms - 3470[0m
[0mGET /api/company [32m200[0m 584.172 ms - 504[0m
[0mGET /api/branches [32m200[0m 862.288 ms - 3309[0m
[0mGET /api/users [32m200[0m 602.739 ms - 12744[0m
[0mGET /api/products [32m200[0m 778.296 ms - 17843[0m
[0mGET /api/dashboard/kpis [0m-[0m - ms - -[0m
[0mGET /api/dashboard/top-items [0m-[0m - ms - -[0m
[0mGET /api/dashboard/sales-chart [0m-[0m - ms - -[0m
[0mGET /api/sales/dashboard [33m403[0m 6.755 ms - 89[0m
[0mGET /api/customers?limit=500 [33m403[0m 69.612 ms - 90[0m
[0mGET /api/items?limit=500 [33m403[0m 18.384 ms - 90[0m
[0mGET /api/branches?limit=200 [33m403[0m 66.143 ms - 92[0m
[0mGET /api/users?limit=200 [33m403[0m 80.612 ms - 89[0m
[0mGET /api/sales/dashboard [33m403[0m 1.026 ms - 89[0m
[0mGET /api/items?limit=500 [33m403[0m 13.539 ms - 90[0m
[0mGET /api/customers?limit=500 [33m403[0m 10.828 ms - 90[0m
[0mGET /api/users?limit=200 [33m403[0m 2.955 ms - 89[0m
[0mGET /api/branches?limit=200 [33m403[0m 6.773 ms - 92[0m
[0mGET /api/sales/owner-dashboard [33m403[0m 27.062 ms - 89[0m
[0mGET /api/sales/owner-dashboard [33m403[0m 0.867 ms - 89[0m
[0mGET /api/crm/dashboard [33m403[0m 2.719 ms - 89[0m
[0mGET /api/crm/dashboard [33m403[0m 1.915 ms - 89[0m
[0mGET /api/accounts/dashboard [33m403[0m 59.246 ms - 92[0m
[0mGET /api/accounts/dashboard [33m403[0m 1.369 ms - 92[0m
[0mGET /api/bi/executive-dashboard [33m403[0m 2.748 ms - 93[0m
[0mGET /api/bi/departments [33m403[0m 4.350 ms - 93[0m
[0mGET /api/bi/insights [33m403[0m 2.749 ms - 93[0m
[0mGET /api/bi/executive-dashboard [33m403[0m 5.758 ms - 93[0m
[0mGET /api/bi/departments [33m403[0m 4.495 ms - 93[0m
[0mGET /api/bi/insights [33m403[0m 2.760 ms - 93[0m
[0mGET /api/sales/dashboard [33m403[0m 93.391 ms - 89[0m
[0mGET /api/customers?limit=500 [33m403[0m 15.788 ms - 90[0m
[0mGET /api/items?limit=500 [33m403[0m 16.136 ms - 90[0m
[0mGET /api/users?limit=200 [33m403[0m 43.406 ms - 89[0m
[0mGET /api/branches?limit=200 [33m403[0m 5.260 ms - 92[0m
[0mGET /api/sales/dashboard [33m403[0m 1.116 ms - 89[0m
[0mGET /api/customers?limit=500 [33m403[0m 3.173 ms - 90[0m
[0mGET /api/items?limit=500 [33m403[0m 5.767 ms - 90[0m
[0mGET /api/users?limit=200 [33m403[0m 3.172 ms - 89[0m
[0mGET /api/branches?limit=200 [33m403[0m 2.970 ms - 92[0m
prisma:error Error in PostgreSQL connection: Error { kind: Closed, cause: None }
prisma:error Error in PostgreSQL connection: Error { kind: Closed, cause: None }
prisma:error Error in PostgreSQL connection: Error { kind: Closed, cause: None }
prisma:error Error in PostgreSQL connection: Error { kind: Closed, cause: None }
prisma:error Error in PostgreSQL connection: Error { kind: Closed, cause: None }
prisma:error Error in PostgreSQL connection: Error { kind: Closed, cause: None }
prisma:error Error in PostgreSQL connection: Error { kind: Closed, cause: None }
prisma:error Error in PostgreSQL connection: Error { kind: Closed, cause: None }
prisma:error Error in PostgreSQL connection: Error { kind: Closed, cause: None }
