
> @velora-erp/backend@1.5.0 dev
> nodemon src/server.js

[33m[nodemon] 3.1.14[39m
[33m[nodemon] to restart at any time, enter `rs`[39m
[33m[nodemon] watching path(s): *.*[39m
[33m[nodemon] watching extensions: js,mjs,cjs,json[39m
[32m[nodemon] starting `node src/server.js`[39m
◇ injected env (10) from .env // tip: ◈ encrypted .env [www.dotenvx.com]
Velora ERP API listening on port 4000
[0mGET /api/dashboard/kpis [33m401[0m 2.889 ms - 74[0m
⚠️  Redis unavailable — using in-memory fallback
[0mPOST /api/auth/login [33m401[0m 6051.790 ms - 75[0m
[0mPOST /api/auth/login [32m200[0m 4618.447 ms - 1121[0m
[0mGET /api/sales/owner-dashboard [32m200[0m 10077.803 ms - 3113[0m
[0mGET /api/accounts/dashboard [32m200[0m 3488.391 ms - 3966[0m
[0mGET /api/bi/departments [32m200[0m 1437.654 ms - 468[0m
[0mGET /api/dashboard/kpis [32m200[0m 3274.197 ms - 265[0m
[0mGET /api/dashboard/sales-chart [32m200[0m 1466.930 ms - 292[0m
[0mGET /api/dashboard/top-items [32m200[0m 2887.024 ms - 67[0m
[0mGET /api/sales/dashboard [32m200[0m 3098.616 ms - 3311[0m
[0mGET /api/sales/owner-dashboard [32m200[0m 4619.103 ms - 3113[0m
[0mGET /api/sales/analytics [32m200[0m 18272.183 ms - 1073[0m
[0mGET /api/crm/dashboard [32m200[0m 1685.729 ms - 3733[0m
[0mGET /api/crm/pipeline [32m200[0m 1679.225 ms - 42508[0m
[0mGET /api/wms/dashboard [32m200[0m 1944.048 ms - 3082[0m
[0mGET /api/hrms/dashboard [32m200[0m 2485.761 ms - 2261[0m
[0mGET /api/eam/dashboard [32m200[0m 1892.664 ms - 2800[0m
[0mGET /api/manufacturing/dashboard [32m200[0m 1634.300 ms - 187[0m
[0mGET /api/manufacturing/access [32m200[0m 1.252 ms - 119[0m
[0mGET /api/purchase/dashboard [32m200[0m 1633.002 ms - 276[0m
[0mGET /api/accounts/dashboard [32m200[0m 3349.857 ms - 3966[0m
[0mGET /api/bi/executive-dashboard [32m200[0m 3375.195 ms - 3010[0m
[0mGET /api/bi/departments [32m200[0m 1412.477 ms - 468[0m
[0mGET /api/bi/insights [32m200[0m 7468.181 ms - 443[0m
[0mGET /api/inventory/dashboard [32m200[0m 8707.172 ms - 12884[0m
[0mGET /api/inventory/valuation-report [32m200[0m 3764.714 ms - 167695[0m
[0mGET /api/inventory/suppliers [32m200[0m 3151.771 ms - 45322[0m
[0mGET /api/supplier-portal/dashboard [32m200[0m 1696.500 ms - 594[0m
[0mGET /api/audit-logs?limit=20 [32m200[0m 1468.738 ms - 3294[0m
[0mGET /api/company [32m200[0m 1400.599 ms - 504[0m
[0mGET /api/branches [32m200[0m 1378.092 ms - 3309[0m
[0mGET /api/users?limit=10 [32m200[0m 1395.330 ms - 6416[0m
[0mGET /api/items?limit=10 [32m200[0m 1701.032 ms - 8952[0m
[0mGET /api/customers?limit=10 [32m200[0m 1405.928 ms - 5895[0m
[0mGET /api/admin/permissions [32m200[0m 1391.013 ms - 8668[0m
[0mGET /api/admin/roles [32m200[0m 1942.860 ms - 3470[0m
[0mGET /api/settings [33m404[0m 2.123 ms - 80[0m
[0mPOST /auth/login [33m404[0m 1.107 ms - 83[0m
[0mGET /api/dashboard/kpis [33m401[0m 0.593 ms - 74[0m
[0mGET /api/auth/google/url [32m200[0m 1.572 ms - 94[0m
[0mPOST /api/auth/login [32m200[0m 4488.218 ms - 1121[0m
[0mGET /api/dashboard/kpis [32m200[0m 0.736 ms - 265[0m
[0mGET /api/dashboard/sales-chart [0m-[0m - ms - -[0m
[0mGET /api/dashboard/top-items [0m-[0m - ms - -[0m
[0mGET /api/dashboard/kpis [36m304[0m 0.850 ms - -[0m
[0mGET /api/dashboard/sales-chart [32m200[0m 1640.857 ms - 292[0m
[0mGET /api/dashboard/top-items [0m-[0m - ms - -[0m
[0mGET /api/auth/google/url [36m304[0m 0.285 ms - -[0m
[0mGET /api/dashboard/kpis [36m304[0m 0.519 ms - -[0m
[0mGET /api/dashboard/sales-chart [36m304[0m 1667.704 ms - -[0m
[0mGET /api/dashboard/top-items [32m200[0m 3094.164 ms - 67[0m
[0mGET /api/company [32m200[0m 1392.774 ms - 504[0m
[0mGET /api/branches [32m200[0m 1386.148 ms - 3309[0m
[0mGET /api/users [32m200[0m 2004.020 ms - 12744[0m
[0mGET /api/products [32m200[0m 1716.336 ms - 17843[0m
[0mGET /api/branches?limit=200 [32m200[0m 1595.781 ms - 3310[0m
[0mGET /api/users?limit=200 [32m200[0m 1958.290 ms - 38056[0m
[0mGET /api/items?limit=500 [32m200[0m 2526.512 ms - 266414[0m
[0mGET /api/customers?limit=500 [32m200[0m 2805.517 ms - 288926[0m
[0mGET /api/sales/dashboard [32m200[0m 4735.325 ms - 3311[0m
[0mGET /api/sales/owner-dashboard [32m200[0m 4190.743 ms - 3113[0m
[0mGET /api/warehouses?limit=100 [32m200[0m 1700.049 ms - 6989[0m
[0mGET /api/purchase/dashboard [32m200[0m 1696.048 ms - 276[0m
[0mGET /api/vendors?limit=200 [32m200[0m 1710.678 ms - 41671[0m
[0mGET /api/items?limit=500 [32m200[0m 2374.980 ms - 266414[0m
[0mGET /api/warehouses?limit=100 [36m304[0m 1608.453 ms - -[0m
[0mGET /api/items?limit=100 [32m200[0m 2296.467 ms - 88685[0m
[0mGET /api/inventory/dashboard [0m-[0m - ms - -[0m
[0mGET /api/units-of-measure?limit=100 [32m200[0m 1731.376 ms - 3967[0m
[0mGET /api/products?page=1&limit=20&q=undefined [32m200[0m 1792.614 ms - 93[0m
[0mGET /api/item-categories?limit=100 [32m200[0m 1866.711 ms - 4881[0m
[0mGET /api/inventory/valuation-report [32m200[0m 3988.172 ms - 167695[0m
[0mGET /api/inventory/suppliers [32m200[0m 4323.464 ms - 45322[0m
[0mGET /api/accounts/dashboard [0m-[0m - ms - -[0m
[0mGET /api/manufacturing/access [32m200[0m 2.075 ms - 119[0m
[0mGET /api/manufacturing/dashboard [32m200[0m 1704.133 ms - 187[0m
[0mGET /api/crm/dashboard [32m200[0m 1630.624 ms - 3733[0m
[0mGET /api/wms/dashboard [32m200[0m 2372.477 ms - 3082[0m
[0mGET /api/bi/executive-dashboard [32m200[0m 4242.769 ms - 3010[0m
[0mGET /api/bi/departments [32m200[0m 4307.756 ms - 468[0m
[0mGET /api/bi/insights [0m-[0m - ms - -[0m
[0mGET /api/hrms/dashboard [32m200[0m 2571.412 ms - 2261[0m
[0mGET /api/eam/dashboard [32m200[0m 1921.818 ms - 2800[0m
[0mGET /api/supplier-portal/dashboard [32m200[0m 1425.310 ms - 594[0m
[0mGET /api/supplier-portal/vendors [32m200[0m 1916.215 ms - 41640[0m
[0mGET /api/audit-logs?client=%5Bobject+Object%5D&queryKey=audit-logs&meta=undefined&signal=%5Bobject+AbortSignal%5D [32m200[0m 1643.799 ms - 3294[0m
[0mGET /api/audit-logs?client=%5Bobject+Object%5D&queryKey=audit-logs&meta=undefined&signal=%5Bobject+AbortSignal%5D [36m304[0m 1503.111 ms - -[0m
[0mGET /api/admin/permissions [32m200[0m 1339.414 ms - 8668[0m
[0mGET /api/admin/roles [32m200[0m 1953.602 ms - 3470[0m
prisma:error Error in PostgreSQL connection: Error { kind: Closed, cause: None }
prisma:error Error in PostgreSQL connection: Error { kind: Closed, cause: None }
prisma:error Error in PostgreSQL connection: Error { kind: Closed, cause: None }
prisma:error Error in PostgreSQL connection: Error { kind: Closed, cause: None }
prisma:error Error in PostgreSQL connection: Error { kind: Closed, cause: None }
prisma:error Error in PostgreSQL connection: Error { kind: Closed, cause: None }
prisma:error Error in PostgreSQL connection: Error { kind: Closed, cause: None }
prisma:error Error in PostgreSQL connection: Error { kind: Closed, cause: None }
prisma:error Error in PostgreSQL connection: Error { kind: Closed, cause: None }
prisma:error Error in PostgreSQL connection: Error { kind: Closed, cause: None }
prisma:error Error in PostgreSQL connection: Error { kind: Closed, cause: None }
prisma:error Error in PostgreSQL connection: Error { kind: Closed, cause: None }
prisma:error Error in PostgreSQL connection: Error { kind: Closed, cause: None }
prisma:error Error in PostgreSQL connection: Error { kind: Closed, cause: None }
prisma:error Error in PostgreSQL connection: Error { kind: Closed, cause: None }
prisma:error Error in PostgreSQL connection: Error { kind: Closed, cause: None }
prisma:error Error in PostgreSQL connection: Error { kind: Closed, cause: None }
prisma:error Error in PostgreSQL connection: Error { kind: Closed, cause: None }
prisma:error Error in PostgreSQL connection: Error { kind: Closed, cause: None }
prisma:error Error in PostgreSQL connection: Error { kind: Closed, cause: None }
prisma:error Error in PostgreSQL connection: Error { kind: Closed, cause: None }
prisma:error Error in PostgreSQL connection: Error { kind: Closed, cause: None }
prisma:error Error in PostgreSQL connection: Error { kind: Closed, cause: None }
prisma:error Error in PostgreSQL connection: Error { kind: Closed, cause: None }
prisma:error Error in PostgreSQL connection: Error { kind: Closed, cause: None }
prisma:error Error in PostgreSQL connection: Error { kind: Closed, cause: None }
prisma:error Error in PostgreSQL connection: Error { kind: Closed, cause: None }
prisma:error Error in PostgreSQL connection: Error { kind: Closed, cause: None }
prisma:error Error in PostgreSQL connection: Error { kind: Closed, cause: None }
[0mGET /api/dashboard/kpis [33m401[0m 0.510 ms - 74[0m
[0mGET /api/auth/google/url [32m200[0m 1.154 ms - 94[0m
[0mPOST /auth/login [33m404[0m 0.216 ms - 83[0m
[0mPOST /api/auth/login [32m200[0m 7102.618 ms - 1121[0m
[0mGET /api/auth/google/url [32m200[0m 0.420 ms - 94[0m
[0mPOST /api/auth/login [32m200[0m 5543.312 ms - 1121[0m
[0mGET /api/dashboard/kpis [0m-[0m - ms - -[0m
[0mGET /api/dashboard/top-items [0m-[0m - ms - -[0m
[0mGET /api/dashboard/sales-chart [0m-[0m - ms - -[0m
[0mGET /api/dashboard/sales-chart [32m200[0m 7150.080 ms - 292[0m
[0mGET /api/dashboard/kpis [32m200[0m 9171.722 ms - 265[0m
[0mGET /api/dashboard/top-items [32m200[0m 9439.428 ms - 67[0m
[0mGET /api/auth/google/url [32m200[0m 0.368 ms - 94[0m
[0mPOST /api/auth/login [32m200[0m 5095.965 ms - 1121[0m
[0mGET /api/dashboard/kpis [32m200[0m 2.383 ms - 265[0m
[0mGET /api/dashboard/sales-chart [32m200[0m 1611.207 ms - 292[0m
[0mGET /api/dashboard/top-items [0m-[0m - ms - -[0m
[0mGET /api/customers?limit=500 [32m200[0m 2930.935 ms - 288926[0m
[0mGET /api/sales/dashboard [32m200[0m 3567.244 ms - 3311[0m
[0mGET /api/branches?limit=200 [0m-[0m - ms - -[0m
[0mGET /api/items?limit=500 [0m-[0m - ms - -[0m
[0mGET /api/users?limit=200 [0m-[0m - ms - -[0m
[0mGET /api/crm/dashboard [32m200[0m 1630.699 ms - 3733[0m
[0mGET /api/accounts/dashboard [0m-[0m - ms - -[0m
[0mGET /api/warehouses?limit=100 [32m200[0m 1570.656 ms - 6989[0m
[0mGET /api/items?limit=100 [32m200[0m 2264.261 ms - 88685[0m
[0mGET /api/inventory/dashboard [0m-[0m - ms - -[0m
[0mGET /api/manufacturing/access [32m200[0m 1.601 ms - 119[0m
[0mGET /api/manufacturing/dashboard [32m200[0m 1948.565 ms - 187[0m
[0mGET /api/hrms/dashboard [32m200[0m 3296.051 ms - 2261[0m
[0mGET /api/eam/dashboard [32m200[0m 2347.031 ms - 2800[0m
[0mGET /api/bi/departments [0m-[0m - ms - -[0m
[0mGET /api/bi/executive-dashboard [0m-[0m - ms - -[0m
[0mGET /api/bi/insights [0m-[0m - ms - -[0m
[0mGET /api/audit-logs?client=%5Bobject+Object%5D&queryKey=audit-logs&meta=undefined&signal=%5Bobject+AbortSignal%5D [32m200[0m 1643.601 ms - 3294[0m
[0mGET /api/audit-logs?client=%5Bobject+Object%5D&queryKey=audit-logs&meta=undefined&signal=%5Bobject+AbortSignal%5D [0m-[0m - ms - -[0m
[0mGET /api/warehouses?limit=100 [36m304[0m 1618.053 ms - -[0m
[0mGET /api/vendors?limit=200 [32m200[0m 1940.472 ms - 41671[0m
[0mGET /api/purchase/dashboard [32m200[0m 2279.896 ms - 276[0m
[0mGET /api/items?limit=500 [0m-[0m - ms - -[0m
[0mGET /api/wms/dashboard [32m200[0m 2669.696 ms - 3082[0m
[0mGET /api/admin/permissions [32m200[0m 1700.444 ms - 8668[0m
[0mGET /api/admin/roles [32m200[0m 2776.991 ms - 3470[0m
[0mGET /api/dashboard/kpis [32m200[0m 0.767 ms - 265[0m
[0mGET /api/dashboard/sales-chart [32m200[0m 1643.656 ms - 292[0m
[0mGET /api/dashboard/top-items [0m-[0m - ms - -[0m
[0mGET /api/branches?limit=200 [32m200[0m 1855.476 ms - 3310[0m
[0mGET /api/users?limit=200 [32m200[0m 2521.604 ms - 38056[0m
[0mGET /api/customers?limit=500 [32m200[0m 2930.880 ms - 288926[0m
[0mGET /api/items?limit=500 [0m-[0m - ms - -[0m
[0mGET /api/sales/dashboard [0m-[0m - ms - -[0m
[0mGET /api/crm/dashboard [32m200[0m 1666.493 ms - 3733[0m
[0mGET /api/accounts/dashboard [0m-[0m - ms - -[0m
[0mGET /api/auth/google/url [32m200[0m 0.289 ms - 94[0m
[0mPOST /api/auth/login [0m-[0m - ms - -[0m
[0mGET /api/auth/google/url [36m304[0m 0.195 ms - -[0m
[0mGET /api/auth/google/url [36m304[0m 0.278 ms - -[0m
[0mGET /api/auth/google/url [36m304[0m 0.237 ms - -[0m
[0mGET /api/auth/google/url [36m304[0m 0.146 ms - -[0m
[0mGET /api/auth/google/url [36m304[0m 0.239 ms - -[0m
[0mGET /api/auth/google/url [36m304[0m 0.209 ms - -[0m
[0mGET /api/auth/google/url [36m304[0m 0.151 ms - -[0m
[0mGET /api/auth/google/url [36m304[0m 0.197 ms - -[0m
[0mGET /api/auth/google/url [36m304[0m 0.148 ms - -[0m
[0mGET /api/auth/google/url [36m304[0m 0.183 ms - -[0m
[0mGET /api/auth/google/url [36m304[0m 0.215 ms - -[0m
[0mGET /api/auth/google/url [36m304[0m 0.155 ms - -[0m
[0mGET /api/auth/google/url [36m304[0m 0.156 ms - -[0m
[0mGET /api/auth/google/url [36m304[0m 0.149 ms - -[0m
[0mGET /api/auth/google/url [36m304[0m 0.147 ms - -[0m
[0mGET /api/auth/google/url [36m304[0m 0.187 ms - -[0m
[0mGET /api/auth/google/url [36m304[0m 0.143 ms - -[0m
[0mGET /api/auth/google/url [36m304[0m 0.335 ms - -[0m
[0mGET /api/auth/google/url [36m304[0m 0.245 ms - -[0m
[0mGET /api/auth/google/url [36m304[0m 0.141 ms - -[0m
[0mGET /api/auth/google/url [36m304[0m 0.204 ms - -[0m
[0mGET /api/auth/google/url [36m304[0m 0.188 ms - -[0m
[0mGET /api/auth/google/url [36m304[0m 0.140 ms - -[0m
[0mGET /api/auth/google/url [36m304[0m 0.302 ms - -[0m
[0mGET /api/auth/google/url [36m304[0m 0.212 ms - -[0m
[0mGET /api/auth/google/url [36m304[0m 0.130 ms - -[0m
[0mGET /api/auth/google/url [32m200[0m 0.202 ms - 94[0m
[0mPOST /api/auth/login [32m200[0m 5302.084 ms - 1121[0m
[0mGET /api/dashboard/sales-chart [0m-[0m - ms - -[0m
[0mGET /api/dashboard/top-items [0m-[0m - ms - -[0m
[0mGET /api/dashboard/kpis [0m-[0m - ms - -[0m
[0mGET /api/dashboard/kpis [0m-[0m - ms - -[0m
[0mGET /api/dashboard/top-items [0m-[0m - ms - -[0m
[0mGET /api/dashboard/sales-chart [0m-[0m - ms - -[0m
[0mGET /api/auth/google/url [36m304[0m 0.190 ms - -[0m
[0mGET /api/dashboard/kpis [32m200[0m 0.546 ms - 265[0m
[0mGET /api/dashboard/sales-chart [32m200[0m 1647.831 ms - 292[0m
[0mGET /api/dashboard/top-items [32m200[0m 3240.674 ms - 67[0m
[0mGET /api/company [32m200[0m 2003.615 ms - 504[0m
[0mGET /api/branches [32m200[0m 2527.567 ms - 3309[0m
[0mGET /api/users [32m200[0m 1668.305 ms - 12744[0m
[0mGET /api/products [32m200[0m 1978.897 ms - 17843[0m
[0mGET /api/customers?limit=500 [32m200[0m 3088.629 ms - 288926[0m
[0mGET /api/sales/dashboard [32m200[0m 3681.084 ms - 3311[0m
[0mGET /api/branches?limit=200 [32m200[0m 3823.265 ms - 3310[0m
[0mGET /api/users?limit=200 [32m200[0m 4245.251 ms - 38056[0m
[0mGET /api/items?limit=500 [0m-[0m - ms - -[0m
[0mGET /api/sales/owner-dashboard [32m200[0m 5008.526 ms - 3113[0m
[0mGET /api/warehouses?limit=100 [32m200[0m 1655.207 ms - 6989[0m
[0mGET /api/vendors?limit=200 [32m200[0m 2325.785 ms - 41671[0m
[0mGET /api/purchase/dashboard [32m200[0m 2472.891 ms - 276[0m
[0mGET /api/items?limit=500 [32m200[0m 2649.493 ms - 266414[0m
[0mGET /api/warehouses?limit=100 [36m304[0m 1925.613 ms - -[0m
[0mGET /api/items?limit=100 [32m200[0m 2253.754 ms - 88685[0m
[0mGET /api/inventory/dashboard [0m-[0m - ms - -[0m
[0mGET /api/item-categories?limit=100 [32m200[0m 1733.532 ms - 4881[0m
[0mGET /api/products?page=1&limit=20&q=undefined [32m200[0m 1968.522 ms - 93[0m
[0mGET /api/units-of-measure?limit=100 [32m200[0m 2058.387 ms - 3967[0m
[0mGET /api/inventory/valuation-report [32m200[0m 4079.309 ms - 167695[0m
[0mGET /api/inventory/suppliers [32m200[0m 3726.178 ms - 45322[0m
[0mGET /api/accounts/dashboard [32m200[0m 4399.424 ms - 3966[0m
[0mGET /api/manufacturing/access [32m200[0m 1.450 ms - 119[0m
[0mGET /api/manufacturing/dashboard [32m200[0m 1778.922 ms - 187[0m
[0mGET /api/crm/dashboard [32m200[0m 1945.155 ms - 3733[0m
[0mGET /api/wms/dashboard [32m200[0m 2922.310 ms - 3082[0m
[0mGET /api/bi/executive-dashboard [32m200[0m 3863.544 ms - 3010[0m
[0mGET /api/bi/departments [32m200[0m 4005.567 ms - 468[0m
[0mGET /api/bi/insights [0m-[0m - ms - -[0m
[0mGET /api/hrms/dashboard [32m200[0m 2809.220 ms - 2261[0m
[0mGET /api/eam/dashboard [32m200[0m 2205.335 ms - 2800[0m
[0mGET /api/supplier-portal/dashboard [32m200[0m 1604.627 ms - 594[0m
[0mGET /api/supplier-portal/vendors [32m200[0m 1889.761 ms - 41640[0m
[0mGET /api/audit-logs [32m200[0m 1978.808 ms - 3294[0m
[0mGET /api/admin/permissions [32m200[0m 1552.843 ms - 8668[0m
[0mGET /api/admin/roles [32m200[0m 2247.098 ms - 3470[0m
[0mGET /api/auth/google/url [32m200[0m 0.193 ms - 94[0m
[0mPOST /api/auth/login [32m200[0m 5195.525 ms - 1121[0m
[0mGET /api/audit-logs [32m200[0m 1940.064 ms - 3294[0m
[0mGET /api/auth/google/url [32m200[0m 0.277 ms - 94[0m
[0mPOST /api/auth/login [32m200[0m 5014.750 ms - 1121[0m
[0mGET /api/dashboard/kpis [32m200[0m 0.551 ms - 265[0m
[0mGET /api/dashboard/sales-chart [32m200[0m 1579.682 ms - 292[0m
[0mGET /api/dashboard/top-items [0m-[0m - ms - -[0m
[0mGET /api/branches?limit=200 [32m200[0m 1935.058 ms - 3310[0m
[0mGET /api/users?limit=200 [32m200[0m 2147.847 ms - 38056[0m
[0mGET /api/customers?limit=500 [32m200[0m 2826.617 ms - 288926[0m
[0mGET /api/items?limit=500 [32m200[0m 2831.818 ms - 266414[0m
[0mGET /api/sales/dashboard [32m200[0m 3545.479 ms - 3311[0m
[0mGET /api/crm/dashboard [32m200[0m 1616.174 ms - 3733[0m
[0mGET /api/accounts/dashboard [0m-[0m - ms - -[0m
[0mGET /api/warehouses?limit=100 [32m200[0m 1873.066 ms - 6989[0m
[0mGET /api/items?limit=100 [32m200[0m 2186.988 ms - 88685[0m
[0mGET /api/inventory/dashboard [0m-[0m - ms - -[0m
[0mGET /api/manufacturing/access [32m200[0m 1.748 ms - 119[0m
[0mGET /api/manufacturing/dashboard [32m200[0m 1621.901 ms - 187[0m
[0mGET /api/hrms/dashboard [32m200[0m 3108.118 ms - 2261[0m
[0mGET /api/eam/dashboard [32m200[0m 2477.082 ms - 2800[0m
[0mGET /api/bi/executive-dashboard [32m200[0m 3096.573 ms - 3010[0m
[0mGET /api/bi/insights [0m-[0m - ms - -[0m
[0mGET /api/bi/departments [0m-[0m - ms - -[0m
[0mGET /api/audit-logs [32m200[0m 1951.810 ms - 3294[0m
[0mGET /api/purchase/dashboard [32m200[0m 1601.098 ms - 276[0m
[0mGET /api/warehouses?limit=100 [36m304[0m 1615.374 ms - -[0m
[0mGET /api/vendors?limit=200 [32m200[0m 2309.192 ms - 41671[0m
[0mGET /api/items?limit=500 [0m-[0m - ms - -[0m
[0mGET /api/wms/dashboard [32m200[0m 2334.437 ms - 3082[0m
[0mGET /api/admin/permissions [32m200[0m 1550.527 ms - 8668[0m
[0mGET /api/admin/roles [32m200[0m 2549.528 ms - 3470[0m
[0mGET /api/dashboard/kpis [36m304[0m 0.768 ms - -[0m
[0mGET /api/dashboard/sales-chart [36m304[0m 1587.964 ms - -[0m
[0mGET /api/dashboard/top-items [32m200[0m 3090.982 ms - 67[0m
[0mGET /api/branches?limit=200 [36m304[0m 1943.772 ms - -[0m
[0mGET /api/users?limit=200 [36m304[0m 3092.923 ms - -[0m
[0mGET /api/items?limit=500 [32m200[0m 3546.166 ms - 266414[0m
[0mGET /api/customers?limit=500 [0m-[0m - ms - -[0m
[0mGET /api/sales/dashboard [0m-[0m - ms - -[0m
[0mGET /api/crm/dashboard [36m304[0m 1635.686 ms - -[0m
[0mGET /api/accounts/dashboard [0m-[0m - ms - -[0m
prisma:error Error in PostgreSQL connection: Error { kind: Closed, cause: None }
prisma:error Error in PostgreSQL connection: Error { kind: Closed, cause: None }
prisma:error Error in PostgreSQL connection: Error { kind: Closed, cause: None }
prisma:error Error in PostgreSQL connection: Error { kind: Closed, cause: None }
prisma:error Error in PostgreSQL connection: Error { kind: Closed, cause: None }
prisma:error Error in PostgreSQL connection: Error { kind: Closed, cause: None }
prisma:error Error in PostgreSQL connection: Error { kind: Closed, cause: None }
prisma:error Error in PostgreSQL connection: Error { kind: Closed, cause: None }
prisma:error Error in PostgreSQL connection: Error { kind: Closed, cause: None }
prisma:error Error in PostgreSQL connection: Error { kind: Closed, cause: None }
prisma:error Error in PostgreSQL connection: Error { kind: Closed, cause: None }
prisma:error Error in PostgreSQL connection: Error { kind: Closed, cause: None }
prisma:error Error in PostgreSQL connection: Error { kind: Closed, cause: None }
prisma:error Error in PostgreSQL connection: Error { kind: Closed, cause: None }
prisma:error Error in PostgreSQL connection: Error { kind: Closed, cause: None }
prisma:error Error in PostgreSQL connection: Error { kind: Closed, cause: None }
prisma:error Error in PostgreSQL connection: Error { kind: Closed, cause: None }
prisma:error Error in PostgreSQL connection: Error { kind: Closed, cause: None }
prisma:error Error in PostgreSQL connection: Error { kind: Closed, cause: None }
prisma:error Error in PostgreSQL connection: Error { kind: Closed, cause: None }
prisma:error Error in PostgreSQL connection: Error { kind: Closed, cause: None }
prisma:error Error in PostgreSQL connection: Error { kind: Closed, cause: None }
prisma:error Error in PostgreSQL connection: Error { kind: Closed, cause: None }
prisma:error Error in PostgreSQL connection: Error { kind: Closed, cause: None }
prisma:error Error in PostgreSQL connection: Error { kind: Closed, cause: None }
prisma:error Error in PostgreSQL connection: Error { kind: Closed, cause: None }
prisma:error Error in PostgreSQL connection: Error { kind: Closed, cause: None }
prisma:error Error in PostgreSQL connection: Error { kind: Closed, cause: None }
prisma:error Error in PostgreSQL connection: Error { kind: Closed, cause: None }
[0mGET /api/auth/google/url [32m200[0m 0.334 ms - 94[0m
[0mPOST /api/auth/login [32m200[0m 7885.325 ms - 1121[0m
[0mGET /api/dashboard/sales-chart [0m-[0m - ms - -[0m
[0mGET /api/dashboard/kpis [0m-[0m - ms - -[0m
[0mGET /api/dashboard/top-items [0m-[0m - ms - -[0m
[0mGET /api/dashboard/sales-chart [32m200[0m 7490.072 ms - 292[0m
[0mGET /api/dashboard/top-items [32m200[0m 8609.978 ms - 67[0m
[0mGET /api/dashboard/kpis [32m200[0m 8697.958 ms - 265[0m
[0mGET /api/dashboard/kpis [36m304[0m 0.834 ms - -[0m
[0mGET /api/dashboard/kpis [36m304[0m 0.646 ms - -[0m
[0mGET /api/dashboard/kpis [36m304[0m 0.588 ms - -[0m
[0mGET /api/dashboard/kpis [36m304[0m 0.480 ms - -[0m
[0mGET /api/dashboard/kpis [36m304[0m 0.842 ms - -[0m
[0mGET /api/dashboard/kpis [36m304[0m 0.584 ms - -[0m
[0mGET /api/dashboard/kpis [36m304[0m 0.749 ms - -[0m
[0mGET /api/dashboard/kpis [36m304[0m 0.455 ms - -[0m
[0mGET /api/dashboard/kpis [36m304[0m 0.449 ms - -[0m
prisma:error Error in PostgreSQL connection: Error { kind: Closed, cause: None }
prisma:error Error in PostgreSQL connection: Error { kind: Closed, cause: None }
prisma:error Error in PostgreSQL connection: Error { kind: Closed, cause: None }
prisma:error Error in PostgreSQL connection: Error { kind: Closed, cause: None }
prisma:error Error in PostgreSQL connection: Error { kind: Closed, cause: None }
prisma:error Error in PostgreSQL connection: Error { kind: Closed, cause: None }
prisma:error Error in PostgreSQL connection: Error { kind: Closed, cause: None }
prisma:error Error in PostgreSQL connection: Error { kind: Closed, cause: None }
prisma:error Error in PostgreSQL connection: Error { kind: Closed, cause: None }
prisma:error Error in PostgreSQL connection: Error { kind: Closed, cause: None }
[0mGET /api/auth/google/url [32m200[0m 0.215 ms - 94[0m
[0mPOST /api/auth/login [32m200[0m 8077.935 ms - 1121[0m
[0mGET /api/dashboard/top-items [0m-[0m - ms - -[0m
[0mGET /api/dashboard/kpis [0m-[0m - ms - -[0m
[0mGET /api/dashboard/sales-chart [0m-[0m - ms - -[0m
[0mGET /api/dashboard/kpis [0m-[0m - ms - -[0m
[0mGET /api/dashboard/top-items [0m-[0m - ms - -[0m
[0mGET /api/dashboard/sales-chart [0m-[0m - ms - -[0m
[0mGET /api/auth/google/url [36m304[0m 0.145 ms - -[0m
[0mGET /api/dashboard/kpis [32m200[0m 0.404 ms - 265[0m
[0mGET /api/dashboard/sales-chart [32m200[0m 1947.541 ms - 292[0m
[0mGET /api/dashboard/top-items [32m200[0m 3276.555 ms - 67[0m
[0mGET /api/company [32m200[0m 1931.468 ms - 504[0m
[0mGET /api/branches [32m200[0m 1650.309 ms - 3309[0m
[0mGET /api/users [32m200[0m 2485.216 ms - 12744[0m
[0mGET /api/products [32m200[0m 2003.392 ms - 17843[0m
[0mGET /api/customers?limit=500 [32m200[0m 2939.489 ms - 288926[0m
[0mGET /api/sales/dashboard [32m200[0m 3665.088 ms - 3311[0m
[0mGET /api/branches?limit=200 [32m200[0m 3839.444 ms - 3310[0m
[0mGET /api/users?limit=200 [32m200[0m 4176.403 ms - 38056[0m
[0mGET /api/items?limit=500 [0m-[0m - ms - -[0m
[0mGET /api/sales/owner-dashboard [32m200[0m 4989.156 ms - 3113[0m
[0mGET /api/warehouses?limit=100 [32m200[0m 1902.750 ms - 6989[0m
[0mGET /api/vendors?limit=200 [32m200[0m 1910.310 ms - 41671[0m
[0mGET /api/purchase/dashboard [32m200[0m 2006.018 ms - 276[0m
[0mGET /api/items?limit=500 [32m200[0m 2540.027 ms - 266414[0m
[0mGET /api/warehouses?limit=100 [36m304[0m 1902.039 ms - -[0m
[0mGET /api/items?limit=100 [32m200[0m 2228.600 ms - 88685[0m
[0mGET /api/inventory/dashboard [0m-[0m - ms - -[0m
[0mGET /api/units-of-measure?limit=100 [32m200[0m 1601.015 ms - 3967[0m
[0mGET /api/item-categories?limit=100 [32m200[0m 1627.831 ms - 4881[0m
[0mGET /api/products?page=1&limit=20&q=undefined [32m200[0m 1911.536 ms - 93[0m
[0mGET /api/inventory/valuation-report [32m200[0m 4753.141 ms - 167695[0m
[0mGET /api/inventory/suppliers [32m200[0m 3465.957 ms - 45322[0m
[0mGET /api/accounts/dashboard [32m200[0m 4183.881 ms - 3966[0m
[0mGET /api/manufacturing/access [32m200[0m 1.938 ms - 119[0m
[0mGET /api/manufacturing/dashboard [32m200[0m 1662.673 ms - 187[0m
[0mGET /api/crm/dashboard [32m200[0m 1955.958 ms - 3733[0m
[0mGET /api/wms/dashboard [32m200[0m 2875.631 ms - 3082[0m
[0mGET /api/bi/executive-dashboard [32m200[0m 4061.951 ms - 3010[0m
[0mGET /api/bi/departments [32m200[0m 4083.076 ms - 468[0m
[0mGET /api/bi/insights [0m-[0m - ms - -[0m
[0mGET /api/hrms/dashboard [32m200[0m 2986.936 ms - 2261[0m
[0mGET /api/eam/dashboard [32m200[0m 2264.911 ms - 2800[0m
[0mGET /api/supplier-portal/dashboard [32m200[0m 1641.579 ms - 594[0m
[0mGET /api/supplier-portal/vendors [32m200[0m 1961.374 ms - 41640[0m
[0mGET /api/audit-logs [32m200[0m 1983.535 ms - 3294[0m
[0mGET /api/admin/permissions [32m200[0m 1580.917 ms - 8668[0m
[0mGET /api/admin/roles [32m200[0m 2279.033 ms - 3470[0m
prisma:error Error in PostgreSQL connection: Error { kind: Closed, cause: None }
prisma:error Error in PostgreSQL connection: Error { kind: Closed, cause: None }
prisma:error Error in PostgreSQL connection: Error { kind: Closed, cause: None }
prisma:error Error in PostgreSQL connection: Error { kind: Closed, cause: None }
prisma:error Error in PostgreSQL connection: Error { kind: Closed, cause: None }
prisma:error Error in PostgreSQL connection: Error { kind: Closed, cause: None }
prisma:error Error in PostgreSQL connection: Error { kind: Closed, cause: None }
prisma:error Error in PostgreSQL connection: Error { kind: Closed, cause: None }
prisma:error Error in PostgreSQL connection: Error { kind: Closed, cause: None }
prisma:error Error in PostgreSQL connection: Error { kind: Closed, cause: None }
prisma:error Error in PostgreSQL connection: Error { kind: Closed, cause: None }
prisma:error Error in PostgreSQL connection: Error { kind: Closed, cause: None }
prisma:error Error in PostgreSQL connection: Error { kind: Closed, cause: None }
prisma:error Error in PostgreSQL connection: Error { kind: Closed, cause: None }
prisma:error Error in PostgreSQL connection: Error { kind: Closed, cause: None }
prisma:error Error in PostgreSQL connection: Error { kind: Closed, cause: None }
prisma:error Error in PostgreSQL connection: Error { kind: Closed, cause: None }
prisma:error Error in PostgreSQL connection: Error { kind: Closed, cause: None }
prisma:error Error in PostgreSQL connection: Error { kind: Closed, cause: None }
prisma:error Error in PostgreSQL connection: Error { kind: Closed, cause: None }
prisma:error Error in PostgreSQL connection: Error { kind: Closed, cause: None }
prisma:error Error in PostgreSQL connection: Error { kind: Closed, cause: None }
prisma:error Error in PostgreSQL connection: Error { kind: Closed, cause: None }
prisma:error Error in PostgreSQL connection: Error { kind: Closed, cause: None }
prisma:error Error in PostgreSQL connection: Error { kind: Closed, cause: None }
prisma:error Error in PostgreSQL connection: Error { kind: Closed, cause: None }
prisma:error Error in PostgreSQL connection: Error { kind: Closed, cause: None }
prisma:error Error in PostgreSQL connection: Error { kind: Closed, cause: None }
prisma:error Error in PostgreSQL connection: Error { kind: Closed, cause: None }
[0mGET /api/health [32m200[0m 27.803 ms - 105[0m
[0mGET /api/auth/google/url [32m200[0m 4.435 ms - 94[0m
[0mPOST /api/auth/login [32m200[0m 7221.307 ms - 1121[0m
[0mGET /api/dashboard/sales-chart [32m200[0m 6371.126 ms - 292[0m
[0mGET /api/dashboard/top-items [32m200[0m 7584.080 ms - 67[0m
[0mGET /api/dashboard/kpis [32m200[0m 7722.779 ms - 265[0m
[0mGET /api/dashboard/kpis [36m304[0m 3.091 ms - -[0m
[0mGET /api/dashboard/kpis [36m304[0m 0.820 ms - -[0m
[0mGET /api/dashboard/kpis [36m304[0m 2.471 ms - -[0m
[0mGET /api/dashboard/kpis [36m304[0m 1.649 ms - -[0m
[0mGET /api/dashboard/kpis [36m304[0m 2.899 ms - -[0m
[0mGET /api/dashboard/kpis [36m304[0m 1.269 ms - -[0m
[0mGET /api/dashboard/kpis [36m304[0m 2.998 ms - -[0m
[0mGET /api/dashboard/kpis [36m304[0m 0.953 ms - -[0m
[0mGET /api/dashboard/kpis [36m304[0m 2.229 ms - -[0m
prisma:error Error in PostgreSQL connection: Error { kind: Closed, cause: None }
prisma:error Error in PostgreSQL connection: Error { kind: Closed, cause: None }
prisma:error Error in PostgreSQL connection: Error { kind: Closed, cause: None }
prisma:error Error in PostgreSQL connection: Error { kind: Closed, cause: None }
prisma:error Error in PostgreSQL connection: Error { kind: Closed, cause: None }
prisma:error Error in PostgreSQL connection: Error { kind: Closed, cause: None }
prisma:error Error in PostgreSQL connection: Error { kind: Closed, cause: None }
[0mGET /api/auth/google/url [32m200[0m 17.725 ms - 94[0m
[0mPOST /api/auth/login [32m200[0m 8137.763 ms - 1121[0m
[0mGET /api/dashboard/sales-chart [0m-[0m - ms - -[0m
[0mGET /api/dashboard/kpis [0m-[0m - ms - -[0m
[0mGET /api/dashboard/top-items [0m-[0m - ms - -[0m
[0mGET /api/sales/dashboard [0m-[0m - ms - -[0m
[0mGET /api/items?limit=500 [0m-[0m - ms - -[0m
[0mGET /api/customers?limit=500 [0m-[0m - ms - -[0m
[0mGET /api/users?limit=200 [0m-[0m - ms - -[0m
[0mGET /api/branches?limit=200 [0m-[0m - ms - -[0m
[0mGET /api/crm/dashboard [32m200[0m 1437.589 ms - 3733[0m
[0mGET /api/accounts/dashboard [32m200[0m 3311.365 ms - 3966[0m
[0mGET /api/warehouses?limit=100 [32m200[0m 1363.935 ms - 6989[0m
[0mGET /api/items?limit=100 [32m200[0m 2217.214 ms - 88685[0m
[0mGET /api/inventory/dashboard [0m-[0m - ms - -[0m
[0mGET /api/manufacturing/access [32m200[0m 7.811 ms - 119[0m
[0mGET /api/manufacturing/dashboard [32m200[0m 1793.069 ms - 187[0m
[0mGET /api/hrms/dashboard [32m200[0m 2518.309 ms - 2261[0m
[0mGET /api/eam/dashboard [32m200[0m 2200.516 ms - 2800[0m
[0mGET /api/bi/executive-dashboard [32m200[0m 2808.513 ms - 3010[0m
[0mGET /api/bi/departments [32m200[0m 3308.012 ms - 468[0m
[0mGET /api/bi/insights [0m-[0m - ms - -[0m
[0mGET /api/audit-logs [32m200[0m 1432.949 ms - 3294[0m
[0mGET /api/purchase/dashboard [32m200[0m 1417.992 ms - 276[0m
[0mGET /api/warehouses?limit=100 [32m200[0m 1642.003 ms - 6989[0m
[0mGET /api/vendors?limit=200 [32m200[0m 1711.474 ms - 41671[0m
[0mGET /api/items?limit=500 [32m200[0m 2242.336 ms - 266414[0m
[0mGET /api/wms/dashboard [32m200[0m 1978.141 ms - 3082[0m
[0mGET /api/admin/permissions [32m200[0m 1686.324 ms - 8668[0m
[0mGET /api/admin/roles [32m200[0m 1908.304 ms - 3470[0m
[0mGET /api/dashboard/kpis [32m200[0m 2.183 ms - 265[0m
[0mGET /api/dashboard/sales-chart [32m200[0m 1713.345 ms - 292[0m
[0mGET /api/dashboard/top-items [32m200[0m 3009.437 ms - 67[0m
[0mGET /api/branches?limit=200 [32m200[0m 1764.703 ms - 3310[0m
[0mGET /api/users?limit=200 [32m200[0m 2063.147 ms - 38056[0m
[0mGET /api/items?limit=500 [32m200[0m 2730.381 ms - 266414[0m
[0mGET /api/sales/dashboard [32m200[0m 3228.615 ms - 3311[0m
[0mGET /api/customers?limit=500 [32m200[0m 3329.735 ms - 288926[0m
[0mGET /api/crm/dashboard [32m200[0m 1415.250 ms - 3733[0m
[0mGET /api/accounts/dashboard [0m-[0m - ms - -[0m
prisma:error Error in PostgreSQL connection: Error { kind: Closed, cause: None }
prisma:error Error in PostgreSQL connection: Error { kind: Closed, cause: None }
prisma:error Error in PostgreSQL connection: Error { kind: Closed, cause: None }
prisma:error Error in PostgreSQL connection: Error { kind: Closed, cause: None }
prisma:error Error in PostgreSQL connection: Error { kind: Closed, cause: None }
prisma:error Error in PostgreSQL connection: Error { kind: Closed, cause: None }
prisma:error Error in PostgreSQL connection: Error { kind: Closed, cause: None }
prisma:error Error in PostgreSQL connection: Error { kind: Closed, cause: None }
prisma:error Error in PostgreSQL connection: Error { kind: Closed, cause: None }
prisma:error Error in PostgreSQL connection: Error { kind: Closed, cause: None }
prisma:error Error in PostgreSQL connection: Error { kind: Closed, cause: None }
prisma:error Error in PostgreSQL connection: Error { kind: Closed, cause: None }
prisma:error Error in PostgreSQL connection: Error { kind: Closed, cause: None }
prisma:error Error in PostgreSQL connection: Error { kind: Closed, cause: None }
prisma:error Error in PostgreSQL connection: Error { kind: Closed, cause: None }
prisma:error Error in PostgreSQL connection: Error { kind: Closed, cause: None }
prisma:error Error in PostgreSQL connection: Error { kind: Closed, cause: None }
prisma:error Error in PostgreSQL connection: Error { kind: Closed, cause: None }
prisma:error Error in PostgreSQL connection: Error { kind: Closed, cause: None }
prisma:error Error in PostgreSQL connection: Error { kind: Closed, cause: None }
prisma:error Error in PostgreSQL connection: Error { kind: Closed, cause: None }
prisma:error Error in PostgreSQL connection: Error { kind: Closed, cause: None }
prisma:error Error in PostgreSQL connection: Error { kind: Closed, cause: None }
prisma:error Error in PostgreSQL connection: Error { kind: Closed, cause: None }
prisma:error Error in PostgreSQL connection: Error { kind: Closed, cause: None }
prisma:error Error in PostgreSQL connection: Error { kind: Closed, cause: None }
prisma:error Error in PostgreSQL connection: Error { kind: Closed, cause: None }
prisma:error Error in PostgreSQL connection: Error { kind: Closed, cause: None }
prisma:error Error in PostgreSQL connection: Error { kind: Closed, cause: None }
[0mGET /api/health [32m200[0m 28.259 ms - 105[0m
[0mGET /api/auth/google/url [32m200[0m 13.339 ms - 94[0m
prisma:error 
Invalid `prisma.user.findFirst()` invocation:


Can't reach database server at `ep-dry-cake-ahqjfp92-pooler.c-3.us-east-1.aws.neon.tech:5432`

Please make sure your database server is running at `ep-dry-cake-ahqjfp92-pooler.c-3.us-east-1.aws.neon.tech:5432`.
[500] PrismaClientKnownRequestError: 
Invalid `prisma.user.findFirst()` invocation:


Can't reach database server at `ep-dry-cake-ahqjfp92-pooler.c-3.us-east-1.aws.neon.tech:5432`

Please make sure your database server is running at `ep-dry-cake-ahqjfp92-pooler.c-3.us-east-1.aws.neon.tech:5432`.
    at ei.handleRequestError (D:\Jishan\Velora\ERPs\node_modules\@prisma\client\runtime\library.js:121:7268)
    at ei.handleAndLogRequestError (D:\Jishan\Velora\ERPs\node_modules\@prisma\client\runtime\library.js:121:6593)
    at ei.request (D:\Jishan\Velora\ERPs\node_modules\@prisma\client\runtime\library.js:121:6300)
    at async a (D:\Jishan\Velora\ERPs\node_modules\@prisma\client\runtime\library.js:130:9551)
    at async loginUser (file:///D:/Jishan/Velora/ERPs/backend/src/modules/auth/auth.service.js:192:16)
    at async file:///D:/Jishan/Velora/ERPs/backend/src/modules/auth/auth.controller.js:123:20
[0mPOST /api/auth/login [31m500[0m 15620.574 ms - 331[0m
[0mGET /api/health [32m200[0m 0.171 ms - 105[0m
prisma:error 
Invalid `prisma.user.findFirst()` invocation:


Can't reach database server at `ep-dry-cake-ahqjfp92-pooler.c-3.us-east-1.aws.neon.tech:5432`

Please make sure your database server is running at `ep-dry-cake-ahqjfp92-pooler.c-3.us-east-1.aws.neon.tech:5432`.
[500] PrismaClientKnownRequestError: 
Invalid `prisma.user.findFirst()` invocation:


Can't reach database server at `ep-dry-cake-ahqjfp92-pooler.c-3.us-east-1.aws.neon.tech:5432`

Please make sure your database server is running at `ep-dry-cake-ahqjfp92-pooler.c-3.us-east-1.aws.neon.tech:5432`.
    at ei.handleRequestError (D:\Jishan\Velora\ERPs\node_modules\@prisma\client\runtime\library.js:121:7268)
    at ei.handleAndLogRequestError (D:\Jishan\Velora\ERPs\node_modules\@prisma\client\runtime\library.js:121:6593)
    at ei.request (D:\Jishan\Velora\ERPs\node_modules\@prisma\client\runtime\library.js:121:6300)
    at async a (D:\Jishan\Velora\ERPs\node_modules\@prisma\client\runtime\library.js:130:9551)
    at async loginUser (file:///D:/Jishan/Velora/ERPs/backend/src/modules/auth/auth.service.js:192:16)
    at async file:///D:/Jishan/Velora/ERPs/backend/src/modules/auth/auth.controller.js:123:20
[0mPOST /api/auth/login [31m500[0m 15063.435 ms - 331[0m
[0mGET /api/dashboard/kpis [33m401[0m 18.928 ms - 74[0m
prisma:error 
Invalid `prisma.user.findFirst()` invocation:


Can't reach database server at `ep-dry-cake-ahqjfp92-pooler.c-3.us-east-1.aws.neon.tech:5432`

Please make sure your database server is running at `ep-dry-cake-ahqjfp92-pooler.c-3.us-east-1.aws.neon.tech:5432`.
[500] PrismaClientKnownRequestError: 
Invalid `prisma.user.findFirst()` invocation:


Can't reach database server at `ep-dry-cake-ahqjfp92-pooler.c-3.us-east-1.aws.neon.tech:5432`

Please make sure your database server is running at `ep-dry-cake-ahqjfp92-pooler.c-3.us-east-1.aws.neon.tech:5432`.
    at ei.handleRequestError (D:\Jishan\Velora\ERPs\node_modules\@prisma\client\runtime\library.js:121:7268)
    at ei.handleAndLogRequestError (D:\Jishan\Velora\ERPs\node_modules\@prisma\client\runtime\library.js:121:6593)
    at ei.request (D:\Jishan\Velora\ERPs\node_modules\@prisma\client\runtime\library.js:121:6300)
    at async a (D:\Jishan\Velora\ERPs\node_modules\@prisma\client\runtime\library.js:130:9551)
    at async loginUser (file:///D:/Jishan/Velora/ERPs/backend/src/modules/auth/auth.service.js:192:16)
    at async file:///D:/Jishan/Velora/ERPs/backend/src/modules/auth/auth.controller.js:123:20
[0mPOST /api/auth/login [31m500[0m 15051.577 ms - 331[0m
prisma:error 
Invalid `prisma.user.findFirst()` invocation:


Can't reach database server at `ep-dry-cake-ahqjfp92-pooler.c-3.us-east-1.aws.neon.tech:5432`

Please make sure your database server is running at `ep-dry-cake-ahqjfp92-pooler.c-3.us-east-1.aws.neon.tech:5432`.
[500] PrismaClientKnownRequestError: 
Invalid `prisma.user.findFirst()` invocation:


Can't reach database server at `ep-dry-cake-ahqjfp92-pooler.c-3.us-east-1.aws.neon.tech:5432`

Please make sure your database server is running at `ep-dry-cake-ahqjfp92-pooler.c-3.us-east-1.aws.neon.tech:5432`.
    at ei.handleRequestError (D:\Jishan\Velora\ERPs\node_modules\@prisma\client\runtime\library.js:121:7268)
    at ei.handleAndLogRequestError (D:\Jishan\Velora\ERPs\node_modules\@prisma\client\runtime\library.js:121:6593)
    at ei.request (D:\Jishan\Velora\ERPs\node_modules\@prisma\client\runtime\library.js:121:6300)
    at async a (D:\Jishan\Velora\ERPs\node_modules\@prisma\client\runtime\library.js:130:9551)
    at async loginUser (file:///D:/Jishan/Velora/ERPs/backend/src/modules/auth/auth.service.js:192:16)
    at async file:///D:/Jishan/Velora/ERPs/backend/src/modules/auth/auth.controller.js:123:20
[0mPOST /api/auth/login [31m500[0m 15028.701 ms - 331[0m
prisma:error 
Invalid `prisma.user.findFirst()` invocation:


Can't reach database server at `ep-dry-cake-ahqjfp92-pooler.c-3.us-east-1.aws.neon.tech:5432`

Please make sure your database server is running at `ep-dry-cake-ahqjfp92-pooler.c-3.us-east-1.aws.neon.tech:5432`.
[500] PrismaClientKnownRequestError: 
Invalid `prisma.user.findFirst()` invocation:


Can't reach database server at `ep-dry-cake-ahqjfp92-pooler.c-3.us-east-1.aws.neon.tech:5432`

Please make sure your database server is running at `ep-dry-cake-ahqjfp92-pooler.c-3.us-east-1.aws.neon.tech:5432`.
    at ei.handleRequestError (D:\Jishan\Velora\ERPs\node_modules\@prisma\client\runtime\library.js:121:7268)
    at ei.handleAndLogRequestError (D:\Jishan\Velora\ERPs\node_modules\@prisma\client\runtime\library.js:121:6593)
    at ei.request (D:\Jishan\Velora\ERPs\node_modules\@prisma\client\runtime\library.js:121:6300)
    at async a (D:\Jishan\Velora\ERPs\node_modules\@prisma\client\runtime\library.js:130:9551)
    at async loginUser (file:///D:/Jishan/Velora/ERPs/backend/src/modules/auth/auth.service.js:192:16)
    at async file:///D:/Jishan/Velora/ERPs/backend/src/modules/auth/auth.controller.js:123:20
[0mPOST /api/auth/login [31m500[0m 15018.549 ms - 331[0m
[0mPOST /api/auth/login [0m-[0m - ms - -[0m
prisma:error 
Invalid `prisma.user.findFirst()` invocation:


Can't reach database server at `ep-dry-cake-ahqjfp92-pooler.c-3.us-east-1.aws.neon.tech:5432`

Please make sure your database server is running at `ep-dry-cake-ahqjfp92-pooler.c-3.us-east-1.aws.neon.tech:5432`.
[500] PrismaClientKnownRequestError: 
Invalid `prisma.user.findFirst()` invocation:


Can't reach database server at `ep-dry-cake-ahqjfp92-pooler.c-3.us-east-1.aws.neon.tech:5432`

Please make sure your database server is running at `ep-dry-cake-ahqjfp92-pooler.c-3.us-east-1.aws.neon.tech:5432`.
    at ei.handleRequestError (D:\Jishan\Velora\ERPs\node_modules\@prisma\client\runtime\library.js:121:7268)
    at ei.handleAndLogRequestError (D:\Jishan\Velora\ERPs\node_modules\@prisma\client\runtime\library.js:121:6593)
    at ei.request (D:\Jishan\Velora\ERPs\node_modules\@prisma\client\runtime\library.js:121:6300)
    at async a (D:\Jishan\Velora\ERPs\node_modules\@prisma\client\runtime\library.js:130:9551)
    at async loginUser (file:///D:/Jishan/Velora/ERPs/backend/src/modules/auth/auth.service.js:192:16)
    at async file:///D:/Jishan/Velora/ERPs/backend/src/modules/auth/auth.controller.js:123:20
prisma:error 
Invalid `prisma.user.findFirst()` invocation:


Can't reach database server at `ep-dry-cake-ahqjfp92-pooler.c-3.us-east-1.aws.neon.tech:5432`

Please make sure your database server is running at `ep-dry-cake-ahqjfp92-pooler.c-3.us-east-1.aws.neon.tech:5432`.
[500] PrismaClientKnownRequestError: 
Invalid `prisma.user.findFirst()` invocation:


Can't reach database server at `ep-dry-cake-ahqjfp92-pooler.c-3.us-east-1.aws.neon.tech:5432`

Please make sure your database server is running at `ep-dry-cake-ahqjfp92-pooler.c-3.us-east-1.aws.neon.tech:5432`.
    at ei.handleRequestError (D:\Jishan\Velora\ERPs\node_modules\@prisma\client\runtime\library.js:121:7268)
    at ei.handleAndLogRequestError (D:\Jishan\Velora\ERPs\node_modules\@prisma\client\runtime\library.js:121:6593)
    at ei.request (D:\Jishan\Velora\ERPs\node_modules\@prisma\client\runtime\library.js:121:6300)
    at async a (D:\Jishan\Velora\ERPs\node_modules\@prisma\client\runtime\library.js:130:9551)
    at async loginUser (file:///D:/Jishan/Velora/ERPs/backend/src/modules/auth/auth.service.js:192:16)
    at async file:///D:/Jishan/Velora/ERPs/backend/src/modules/auth/auth.controller.js:123:20
[0mPOST /api/auth/login [31m500[0m 15022.126 ms - 331[0m
[32m[nodemon] restarting due to changes...[39m
[32m[nodemon] starting `node src/server.js`[39m
◇ injected env (10) from .env // tip: ⌘ enable debugging { debug: true }
Velora ERP API listening on port 4000
[32m[nodemon] clean exit - waiting for changes before restart[39m
[32m[nodemon] restarting due to changes...[39m
[32m[nodemon] starting `node src/server.js`[39m
◇ injected env (10) from .env // tip: ⌘ custom filepath { path: '/custom/path/.env' }
Velora ERP API listening on port 4000
[32m[nodemon] restarting due to changes...[39m
[32m[nodemon] starting `node src/server.js`[39m
◇ injected env (10) from .env // tip: ⌘ custom filepath { path: '/custom/path/.env' }
Velora ERP API listening on port 4000
[32m[nodemon] clean exit - waiting for changes before restart[39m
[32m[nodemon] restarting due to changes...[39m
[32m[nodemon] starting `node src/server.js`[39m
◇ injected env (10) from .env // tip: ⌘ custom filepath { path: '/custom/path/.env' }
Velora ERP API listening on port 4000
[0mGET /api/health [32m200[0m 11.053 ms - 149[0m
⚠️  Redis unavailable — using in-memory fallback
prisma:error 
Invalid `prisma.user.findFirst()` invocation:


Can't reach database server at `ep-dry-cake-ahqjfp92-pooler.c-3.us-east-1.aws.neon.tech:5432`

Please make sure your database server is running at `ep-dry-cake-ahqjfp92-pooler.c-3.us-east-1.aws.neon.tech:5432`.
[DB_ERROR] 
Invalid `prisma.user.findFirst()` invocation:


Can't reach database server at `ep-dry-cake-ahqjfp92-pooler.c-3.us-east-1.aws.neon.tech:5432`

Please make sure your database server is running at `ep-
[0mPOST /api/auth/login [31m503[0m 15388.220 ms - 112[0m
[0mGET /api/auth/google/url [32m200[0m 3.314 ms - 94[0m
prisma:error 
Invalid `prisma.user.findFirst()` invocation:


Can't reach database server at `ep-dry-cake-ahqjfp92-pooler.c-3.us-east-1.aws.neon.tech:5432`

Please make sure your database server is running at `ep-dry-cake-ahqjfp92-pooler.c-3.us-east-1.aws.neon.tech:5432`.
[DB_ERROR] 
Invalid `prisma.user.findFirst()` invocation:


Can't reach database server at `ep-dry-cake-ahqjfp92-pooler.c-3.us-east-1.aws.neon.tech:5432`

Please make sure your database server is running at `ep-
[0mPOST /api/auth/login [31m503[0m 15014.541 ms - 112[0m
prisma:error 
Invalid `prisma.$queryRaw()` invocation:


Can't reach database server at `ep-dry-cake-ahqjfp92-pooler.c-3.us-east-1.aws.neon.tech:5432`

Please make sure your database server is running at `ep-dry-cake-ahqjfp92-pooler.c-3.us-east-1.aws.neon.tech:5432`.
[0mGET /api/health [32m200[0m 15067.803 ms - 153[0m
[0mGET /api/auth/google/url [32m200[0m 2.688 ms - 94[0m
prisma:error 
Invalid `prisma.user.findFirst()` invocation:


Can't reach database server at `ep-dry-cake-ahqjfp92-pooler.c-3.us-east-1.aws.neon.tech:5432`

Please make sure your database server is running at `ep-dry-cake-ahqjfp92-pooler.c-3.us-east-1.aws.neon.tech:5432`.
[DB_ERROR] 
Invalid `prisma.user.findFirst()` invocation:


Can't reach database server at `ep-dry-cake-ahqjfp92-pooler.c-3.us-east-1.aws.neon.tech:5432`

Please make sure your database server is running at `ep-
[0mPOST /api/auth/login [31m503[0m 15037.291 ms - 112[0m
prisma:error 
Invalid `prisma.$queryRaw()` invocation:


Can't reach database server at `ep-dry-cake-ahqjfp92-pooler.c-3.us-east-1.aws.neon.tech:5432`

Please make sure your database server is running at `ep-dry-cake-ahqjfp92-pooler.c-3.us-east-1.aws.neon.tech:5432`.
[0mGET /api/health [32m200[0m 15028.252 ms - 153[0m
