
> velora-erp@1.5.0 dev:backend
> npm run dev --workspace backend


> @velora-erp/backend@1.5.0 dev
> nodemon src/server.js

[33m[nodemon] 3.1.14[39m
[33m[nodemon] to restart at any time, enter `rs`[39m
[33m[nodemon] watching path(s): *.*[39m
[33m[nodemon] watching extensions: js,mjs,cjs,json[39m
[32m[nodemon] starting `node src/server.js`[39m
◇ injected env (10) from .env // tip: ⌁ auth for agents [www.vestauth.com]
Velora ERP API listening on port 4000
⚠️  Redis unavailable — using in-memory fallback
[0mGET /api/customers?limit=100 [32m200[0m 23329.275 ms - 57854[0m
[0mGET /api/crm/dashboard [32m200[0m 23987.751 ms - 3733[0m
[0mGET /api/crm/dashboard [32m200[0m 23973.804 ms - 3733[0m
[0mGET /api/crm/dashboard [32m200[0m 23984.193 ms - 3733[0m
[0mGET /api/crm/dashboard [32m200[0m 23966.115 ms - 3733[0m
[0mGET /api/crm/dashboard [32m200[0m 23970.191 ms - 3733[0m
[0mGET /api/crm/dashboard [32m200[0m 23959.255 ms - 3733[0m
[0mGET /api/crm/dashboard [32m200[0m 23982.926 ms - 3733[0m
[0mGET /api/crm/dashboard [32m200[0m 23956.100 ms - 3733[0m
[0mGET /api/crm/dashboard [32m200[0m 23954.269 ms - 3733[0m
[0mGET /api/crm/dashboard [32m200[0m 23967.139 ms - 3733[0m
[0mGET /api/crm/dashboard [32m200[0m 23964.325 ms - 3733[0m
[0mGET /api/crm/dashboard [32m200[0m 23982.534 ms - 3733[0m
[0mGET /api/crm/dashboard [32m200[0m 23976.633 ms - 3733[0m
[0mGET /api/crm/dashboard [32m200[0m 23951.427 ms - 3733[0m
[0mGET /api/crm/dashboard [32m200[0m 23945.628 ms - 3733[0m
[0mGET /api/crm/dashboard [32m200[0m 23954.619 ms - 3733[0m
[0mGET /api/crm/dashboard [32m200[0m 23950.020 ms - 3733[0m
[0mGET /api/crm/dashboard [32m200[0m 23943.817 ms - 3733[0m
[0mGET /api/crm/dashboard [32m200[0m 23941.856 ms - 3733[0m
[0mGET /api/crm/dashboard [32m200[0m 23939.779 ms - 3733[0m
[0mGET /api/customers?limit=100 [32m200[0m 25390.459 ms - 57854[0m
[0mGET /api/branches?limit=100 [32m200[0m 25817.295 ms - 3310[0m
[0mGET /api/branches?limit=100 [32m200[0m 25887.472 ms - 3310[0m
[0mGET /api/customers?limit=100 [32m200[0m 26114.388 ms - 57854[0m
[0mGET /api/customers?limit=100 [32m200[0m 26157.338 ms - 57854[0m
[0mGET /api/items?limit=100 [32m200[0m 26164.805 ms - 88685[0m
[0mGET /api/items?limit=100 [32m200[0m 26311.937 ms - 88685[0m
[0mGET /api/items?limit=100 [32m200[0m 26412.430 ms - 88685[0m
[0mGET /api/branches?limit=100 [32m200[0m 26729.143 ms - 3310[0m
[0mGET /api/customers?limit=100 [32m200[0m 26728.140 ms - 57854[0m
[0mGET /api/items?limit=100 [32m200[0m 27155.839 ms - 88685[0m
[0mGET /api/branches?limit=100 [32m200[0m 27361.463 ms - 3310[0m
[0mGET /api/branches?limit=100 [32m200[0m 27507.675 ms - 3310[0m
[0mGET /api/customers?limit=100 [32m200[0m 27597.183 ms - 57854[0m
[0mGET /api/customers?limit=100 [32m200[0m 27622.382 ms - 57854[0m
[0mGET /api/items?limit=100 [32m200[0m 27646.374 ms - 88685[0m
[0mGET /api/branches?limit=100 [32m200[0m 27628.264 ms - 3310[0m
[0mGET /api/branches?limit=100 [32m200[0m 27864.742 ms - 3310[0m
[0mGET /api/customers?limit=100 [32m200[0m 27881.495 ms - 57854[0m
[0mGET /api/customers?limit=100 [32m200[0m 27869.741 ms - 57854[0m
[0mGET /api/customers?limit=100 [32m200[0m 27879.930 ms - 57854[0m
[0mGET /api/customers?limit=100 [32m200[0m 27973.260 ms - 57854[0m
[0mGET /api/branches?limit=100 [32m200[0m 28062.317 ms - 3310[0m
[0mGET /api/branches?limit=100 [32m200[0m 28065.359 ms - 3310[0m
[0mGET /api/items?limit=100 [32m200[0m 28273.159 ms - 88685[0m
[0mGET /api/items?limit=100 [32m200[0m 28290.272 ms - 88685[0m
[0mGET /api/branches?limit=100 [32m200[0m 28624.649 ms - 3310[0m
[0mGET /api/branches?limit=100 [32m200[0m 28673.304 ms - 3310[0m
[0mGET /api/items?limit=100 [32m200[0m 28725.644 ms - 88685[0m
[0mGET /api/items?limit=100 [32m200[0m 28884.528 ms - 88685[0m
[0mGET /api/items?limit=100 [32m200[0m 29020.183 ms - 88685[0m
[0mGET /api/items?limit=100 [32m200[0m 29079.770 ms - 88685[0m
[0mGET /api/customers?limit=100 [32m200[0m 29356.512 ms - 57854[0m
[0mGET /api/branches?limit=100 [32m200[0m 29488.028 ms - 3310[0m
[0mGET /api/items?limit=100 [32m200[0m 29576.359 ms - 88685[0m
[0mGET /api/branches?limit=100 [32m200[0m 29585.353 ms - 3310[0m
[0mGET /api/customers?limit=100 [32m200[0m 29623.749 ms - 57854[0m
[0mGET /api/customers?limit=100 [32m200[0m 29628.050 ms - 57854[0m
[0mGET /api/branches?limit=100 [32m200[0m 29760.552 ms - 3310[0m
[0mGET /api/items?limit=100 [32m200[0m 29807.919 ms - 88685[0m
[0mGET /api/branches?limit=100 [32m200[0m 29888.913 ms - 3310[0m
[0mGET /api/customers?limit=100 [32m200[0m 29986.349 ms - 57854[0m
[0mGET /api/customers?limit=100 [32m200[0m 30002.011 ms - 57854[0m
[0mGET /api/items?limit=100 [32m200[0m 30127.553 ms - 88685[0m
[0mGET /api/items?limit=100 [32m200[0m 30143.173 ms - 88685[0m
[0mGET /api/customers?limit=100 [32m200[0m 30144.996 ms - 57854[0m
[0mGET /api/branches?limit=100 [32m200[0m 30179.547 ms - 3310[0m
[0mGET /api/customers?limit=100 [32m200[0m 30341.144 ms - 57854[0m
[0mGET /api/items?limit=100 [32m200[0m 30805.777 ms - 88685[0m
[0mGET /api/branches?limit=100 [32m200[0m 30905.631 ms - 3310[0m
[0mGET /api/branches?limit=100 [32m200[0m 30980.595 ms - 3310[0m
[0mGET /api/items?limit=100 [32m200[0m 31153.531 ms - 88685[0m
[0mGET /api/branches?limit=100 [32m200[0m 31157.451 ms - 3310[0m
[0mGET /api/sales/dashboard [32m200[0m 31402.415 ms - 3311[0m
[0mGET /api/sales/dashboard [32m200[0m 31419.876 ms - 3311[0m
[0mGET /api/sales/dashboard [32m200[0m 31426.912 ms - 3311[0m
[0mGET /api/sales/dashboard [32m200[0m 31415.480 ms - 3311[0m
[0mGET /api/sales/dashboard [32m200[0m 31409.934 ms - 3311[0m
[0mGET /api/sales/dashboard [32m200[0m 31407.680 ms - 3311[0m
[0mGET /api/sales/dashboard [32m200[0m 31386.766 ms - 3311[0m
[0mGET /api/sales/dashboard [32m200[0m 31391.477 ms - 3311[0m
[0mGET /api/sales/dashboard [32m200[0m 31399.581 ms - 3311[0m
[0mGET /api/sales/dashboard [32m200[0m 31414.380 ms - 3311[0m
[0mGET /api/sales/dashboard [32m200[0m 31404.039 ms - 3311[0m
[0mGET /api/sales/dashboard [32m200[0m 31386.444 ms - 3311[0m
[0mGET /api/sales/dashboard [32m200[0m 31399.255 ms - 3311[0m
[0mGET /api/sales/dashboard [32m200[0m 31396.564 ms - 3311[0m
[0mGET /api/sales/dashboard [32m200[0m 31385.269 ms - 3311[0m
[0mGET /api/sales/dashboard [32m200[0m 31376.774 ms - 3311[0m
[0mGET /api/sales/dashboard [32m200[0m 31380.944 ms - 3311[0m
[0mGET /api/sales/dashboard [32m200[0m 31374.968 ms - 3311[0m
[0mGET /api/sales/dashboard [32m200[0m 31372.853 ms - 3311[0m
[0mGET /api/sales/dashboard [32m200[0m 31384.186 ms - 3311[0m
[0mGET /api/bi/executive-dashboard [32m200[0m 31408.006 ms - 3010[0m
[0mGET /api/bi/executive-dashboard [32m200[0m 31431.764 ms - 3010[0m
[0mGET /api/bi/executive-dashboard [32m200[0m 31420.320 ms - 3010[0m
[0mGET /api/bi/executive-dashboard [32m200[0m 31427.005 ms - 3010[0m
[0mGET /api/bi/executive-dashboard [32m200[0m 31400.588 ms - 3010[0m
[0mGET /api/bi/executive-dashboard [32m200[0m 31396.434 ms - 3010[0m
[0mGET /api/bi/executive-dashboard [32m200[0m 31418.026 ms - 3010[0m
[0mGET /api/bi/executive-dashboard [32m200[0m 31423.744 ms - 3010[0m
[0mGET /api/bi/executive-dashboard [32m200[0m 31412.136 ms - 3010[0m
[0mGET /api/bi/executive-dashboard [32m200[0m 31394.554 ms - 3010[0m
[0mGET /api/bi/executive-dashboard [32m200[0m 31403.789 ms - 3010[0m
[0mGET /api/bi/executive-dashboard [32m200[0m 31407.141 ms - 3010[0m
[0mGET /api/bi/executive-dashboard [32m200[0m 31392.592 ms - 3010[0m
[0mGET /api/bi/executive-dashboard [32m200[0m 31415.706 ms - 3010[0m
[0mGET /api/bi/executive-dashboard [32m200[0m 31390.338 ms - 3010[0m
[0mGET /api/bi/executive-dashboard [32m200[0m 31384.232 ms - 3010[0m
[0mGET /api/bi/executive-dashboard [32m200[0m 31387.849 ms - 3010[0m
[0mGET /api/bi/executive-dashboard [32m200[0m 31379.412 ms - 3010[0m
[0mGET /api/bi/executive-dashboard [32m200[0m 31381.933 ms - 3010[0m
[0mGET /api/bi/executive-dashboard [32m200[0m 31377.355 ms - 3010[0m
[0mGET /api/branches?limit=100 [32m200[0m 31387.461 ms - 3310[0m
[0mGET /api/dashboard/kpis [32m200[0m 31448.864 ms - 265[0m
[0mGET /api/dashboard/kpis [32m200[0m 31431.228 ms - 265[0m
[0mGET /api/dashboard/kpis [32m200[0m 31504.777 ms - 265[0m
[0mGET /api/dashboard/kpis [32m200[0m 31443.634 ms - 265[0m
[0mGET /api/dashboard/kpis [32m200[0m 31437.848 ms - 265[0m
[0mGET /api/dashboard/kpis [32m200[0m 31426.217 ms - 265[0m
[0mGET /api/dashboard/kpis [32m200[0m 31418.193 ms - 265[0m
[0mGET /api/dashboard/kpis [32m200[0m 31414.103 ms - 265[0m
[0mGET /api/dashboard/kpis [32m200[0m 31434.800 ms - 265[0m
[0mGET /api/dashboard/kpis [32m200[0m 31441.264 ms - 265[0m
[0mGET /api/dashboard/kpis [32m200[0m 31412.203 ms - 265[0m
[0mGET /api/dashboard/kpis [32m200[0m 31430.454 ms - 265[0m
[0mGET /api/dashboard/kpis [32m200[0m 31421.792 ms - 265[0m
[0mGET /api/dashboard/kpis [32m200[0m 31425.142 ms - 265[0m
[0mGET /api/dashboard/kpis [32m200[0m 31410.618 ms - 265[0m
[0mGET /api/dashboard/kpis [32m200[0m 31405.829 ms - 265[0m
[0mGET /api/dashboard/kpis [32m200[0m 31402.115 ms - 265[0m
[0mGET /api/dashboard/kpis [32m200[0m 31399.846 ms - 265[0m
[0mGET /api/dashboard/kpis [32m200[0m 31408.898 ms - 265[0m
[0mGET /api/dashboard/kpis [32m200[0m 31397.897 ms - 265[0m
[0mGET /api/customers?limit=100 [32m200[0m 31440.407 ms - 57854[0m
[0mGET /api/customers?limit=100 [32m200[0m 31679.504 ms - 57854[0m
[0mGET /api/items?limit=100 [32m200[0m 31715.102 ms - 88685[0m
[0mGET /api/items?limit=100 [32m200[0m 31761.886 ms - 88685[0m
[0mGET /api/items?limit=100 [32m200[0m 31876.093 ms - 88685[0m
[0mGET /api/inventory/dashboard [32m200[0m 37334.311 ms - 12884[0m
[0mGET /api/inventory/dashboard [32m200[0m 37358.142 ms - 12884[0m
[0mGET /api/inventory/dashboard [32m200[0m 37348.076 ms - 12884[0m
[0mGET /api/inventory/dashboard [32m200[0m 37354.708 ms - 12884[0m
[0mGET /api/inventory/dashboard [32m200[0m 37343.100 ms - 12884[0m
[0mGET /api/inventory/dashboard [32m200[0m 37329.859 ms - 12884[0m
[0mGET /api/inventory/dashboard [32m200[0m 37353.878 ms - 12884[0m
[0mGET /api/inventory/dashboard [32m200[0m 37348.113 ms - 12884[0m
[0mGET /api/inventory/dashboard [32m200[0m 37327.209 ms - 12884[0m
[0mGET /api/inventory/dashboard [32m200[0m 37343.740 ms - 12884[0m
[0mGET /api/inventory/dashboard [32m200[0m 37325.979 ms - 12884[0m
[0mGET /api/inventory/dashboard [32m200[0m 37338.949 ms - 12884[0m
[0mGET /api/inventory/dashboard [32m200[0m 37336.304 ms - 12884[0m
[0mGET /api/inventory/dashboard [32m200[0m 37325.482 ms - 12884[0m
[0mGET /api/inventory/dashboard [32m200[0m 37321.526 ms - 12884[0m
[0mGET /api/inventory/dashboard [32m200[0m 37317.811 ms - 12884[0m
[0mGET /api/inventory/dashboard [32m200[0m 37324.689 ms - 12884[0m
[0mGET /api/inventory/dashboard [32m200[0m 37316.372 ms - 12884[0m
[0mGET /api/inventory/dashboard [32m200[0m 37314.561 ms - 12884[0m
[0mGET /api/inventory/dashboard [32m200[0m 37312.698 ms - 12884[0m
[0mGET /api/dashboard/kpis [32m200[0m 0.683 ms - 265[0m
[0mGET /api/sales/dashboard [32m200[0m 0.669 ms - 3311[0m
[0mGET /api/crm/dashboard [32m200[0m 2322.433 ms - 3733[0m
[0mGET /api/bi/executive-dashboard [32m200[0m 3.459 ms - 3010[0m
[0mGET /api/inventory/dashboard [32m200[0m 2.076 ms - 12884[0m
[0mGET /api/dashboard/sales-chart [0m-[0m - ms - -[0m
[0mGET /api/dashboard/kpis [0m-[0m - ms - -[0m
[0mGET /api/dashboard/top-items [0m-[0m - ms - -[0m
[0mGET /api/items?limit=500 [0m-[0m - ms - -[0m
[0mGET /api/branches?limit=200 [0m-[0m - ms - -[0m
[0mGET /api/customers?limit=500 [0m-[0m - ms - -[0m
[0mGET /api/users?limit=200 [0m-[0m - ms - -[0m
[0mGET /api/sales/dashboard [0m-[0m - ms - -[0m
[0mGET /api/sales/owner-dashboard [0m-[0m - ms - -[0m
[0mGET /api/warehouses?limit=100 [32m200[0m 2373.743 ms - 6989[0m
[0mGET /api/vendors?limit=200 [0m-[0m - ms - -[0m
[0mGET /api/purchase/dashboard [0m-[0m - ms - -[0m
[0mGET /api/items?limit=500 [0m-[0m - ms - -[0m
[0mGET /api/warehouses?limit=100 [36m304[0m 2403.490 ms - -[0m
[0mGET /api/items?limit=100 [0m-[0m - ms - -[0m
[0mGET /api/inventory/dashboard [0m-[0m - ms - -[0m
[0mGET /api/products?page=1&limit=20&q=undefined [32m200[0m 1898.162 ms - 93[0m
[0mGET /api/units-of-measure?limit=100 [32m200[0m 1950.274 ms - 3967[0m
[0mGET /api/item-categories?limit=100 [32m200[0m 1969.484 ms - 4881[0m
[0mGET /api/inventory/valuation-report [0m-[0m - ms - -[0m
[0mGET /api/inventory/suppliers [0m-[0m - ms - -[0m
[0mGET /api/manufacturing/access [32m200[0m 0.870 ms - 119[0m
[0mGET /api/manufacturing/dashboard [32m200[0m 2287.885 ms - 187[0m
[0mGET /api/accounts/dashboard [0m-[0m - ms - -[0m
[0mGET /api/crm/dashboard [0m-[0m - ms - -[0m
[0mGET /api/wms/dashboard [0m-[0m - ms - -[0m
[0mGET /api/eam/dashboard [0m-[0m - ms - -[0m
[0mGET /api/bi/departments [32m200[0m 2354.174 ms - 468[0m
[0mGET /api/bi/insights [0m-[0m - ms - -[0m
[0mGET /api/bi/executive-dashboard [0m-[0m - ms - -[0m
[0mGET /api/hrms/dashboard [0m-[0m - ms - -[0m
[0mGET /api/supplier-portal/dashboard [32m200[0m 1887.096 ms - 594[0m
[0mGET /api/supplier-portal/vendors [32m200[0m 2357.871 ms - 41640[0m
[0mGET /api/audit-logs?client=%5Bobject+Object%5D&queryKey=audit-logs&meta=undefined&signal=%5Bobject+AbortSignal%5D [32m200[0m 1939.505 ms - 3294[0m
[0mGET /api/audit-logs?client=%5Bobject+Object%5D&queryKey=audit-logs&meta=undefined&signal=%5Bobject+AbortSignal%5D [0m-[0m - ms - -[0m
[0mGET /api/admin/permissions [32m200[0m 1962.877 ms - 8668[0m
[0mGET /api/admin/roles [0m-[0m - ms - -[0m
[0mGET /api/company [32m200[0m 2333.738 ms - 504[0m
[0mGET /api/branches [32m200[0m 2434.498 ms - 3309[0m
[0mGET /api/users [32m200[0m 1975.318 ms - 12744[0m
[0mGET /api/products [32m200[0m 2372.744 ms - 17843[0m
[0mGET /api/dashboard/kpis [0m-[0m - ms - -[0m
[0mGET /api/dashboard/sales-chart [0m-[0m - ms - -[0m
[0mGET /api/dashboard/top-items [0m-[0m - ms - -[0m
[0mGET /api/branches?limit=200 [0m-[0m - ms - -[0m
[0mGET /api/customers?limit=500 [0m-[0m - ms - -[0m
[0mGET /api/sales/dashboard [0m-[0m - ms - -[0m
[0mGET /api/users?limit=200 [0m-[0m - ms - -[0m
[0mGET /api/items?limit=500 [0m-[0m - ms - -[0m
[0mGET /api/sales/owner-dashboard [0m-[0m - ms - -[0m
[0mGET /api/warehouses?limit=100 [32m200[0m 2238.407 ms - 6989[0m
[0mGET /api/vendors?limit=200 [0m-[0m - ms - -[0m
[0mGET /api/items?limit=500 [0m-[0m - ms - -[0m
[0mGET /api/purchase/dashboard [0m-[0m - ms - -[0m
[0mGET /api/warehouses?limit=100 [36m304[0m 2084.180 ms - -[0m
[0mGET /api/items?limit=100 [0m-[0m - ms - -[0m
[0mGET /api/inventory/dashboard [0m-[0m - ms - -[0m
[0mGET /api/units-of-measure?limit=100 [32m200[0m 1909.915 ms - 3967[0m
[0mGET /api/products?page=1&limit=20&q=undefined [32m200[0m 1916.191 ms - 93[0m
[0mGET /api/item-categories?limit=100 [32m200[0m 1914.923 ms - 4881[0m
[0mGET /api/inventory/valuation-report [0m-[0m - ms - -[0m
[0mGET /api/inventory/suppliers [0m-[0m - ms - -[0m
[0mGET /api/manufacturing/access [32m200[0m 0.901 ms - 119[0m
[0mGET /api/manufacturing/dashboard [32m200[0m 2377.072 ms - 187[0m
[0mGET /api/accounts/dashboard [0m-[0m - ms - -[0m
[0mGET /api/crm/dashboard [32m200[0m 2329.434 ms - 3733[0m
[0mGET /api/wms/dashboard [0m-[0m - ms - -[0m
[0mGET /api/eam/dashboard [0m-[0m - ms - -[0m
[0mGET /api/bi/departments [32m200[0m 2423.814 ms - 468[0m
[0mGET /api/bi/insights [0m-[0m - ms - -[0m
[0mGET /api/bi/executive-dashboard [0m-[0m - ms - -[0m
[0mGET /api/hrms/dashboard [0m-[0m - ms - -[0m
[0mGET /api/supplier-portal/dashboard [32m200[0m 1970.110 ms - 594[0m
[0mGET /api/supplier-portal/vendors [32m200[0m 2467.525 ms - 41640[0m
[0mGET /api/audit-logs?client=%5Bobject+Object%5D&queryKey=audit-logs&meta=undefined&signal=%5Bobject+AbortSignal%5D [32m200[0m 1984.063 ms - 3294[0m
[0mGET /api/audit-logs?client=%5Bobject+Object%5D&queryKey=audit-logs&meta=undefined&signal=%5Bobject+AbortSignal%5D [0m-[0m - ms - -[0m
[0mGET /api/admin/permissions [32m200[0m 1864.402 ms - 8668[0m
[0mGET /api/admin/roles [0m-[0m - ms - -[0m
[0mGET /api/company [32m200[0m 2150.262 ms - 504[0m
[0mGET /api/branches [0m-[0m - ms - -[0m
[0mGET /api/users [32m200[0m 2446.641 ms - 12744[0m
[0mGET /api/products [32m200[0m 2182.270 ms - 17843[0m
[0mGET /api/dashboard/top-items [0m-[0m - ms - -[0m
[0mGET /api/dashboard/kpis [0m-[0m - ms - -[0m
[0mGET /api/dashboard/sales-chart [0m-[0m - ms - -[0m
[0mGET /api/customers?limit=500 [0m-[0m - ms - -[0m
[0mGET /api/branches?limit=200 [0m-[0m - ms - -[0m
[0mGET /api/items?limit=500 [0m-[0m - ms - -[0m
[0mGET /api/users?limit=200 [0m-[0m - ms - -[0m
[0mGET /api/sales/dashboard [0m-[0m - ms - -[0m
[0mGET /api/sales/owner-dashboard [0m-[0m - ms - -[0m
[0mGET /api/warehouses?limit=100 [32m200[0m 2274.103 ms - 6989[0m
[0mGET /api/vendors?limit=200 [0m-[0m - ms - -[0m
[0mGET /api/items?limit=500 [0m-[0m - ms - -[0m
[0mGET /api/purchase/dashboard [0m-[0m - ms - -[0m
[0mGET /api/warehouses?limit=100 [36m304[0m 1899.116 ms - -[0m
[0mGET /api/items?limit=100 [0m-[0m - ms - -[0m
[0mGET /api/inventory/dashboard [0m-[0m - ms - -[0m
[0mGET /api/units-of-measure?limit=100 [32m200[0m 1884.151 ms - 3967[0m
[0mGET /api/products?page=1&limit=20&q=undefined [32m200[0m 1964.632 ms - 93[0m
[0mGET /api/item-categories?limit=100 [32m200[0m 1965.984 ms - 4881[0m
[0mGET /api/inventory/valuation-report [0m-[0m - ms - -[0m
[0mGET /api/inventory/suppliers [0m-[0m - ms - -[0m
[0mGET /api/manufacturing/access [33m403[0m 1.124 ms - 97[0m
[0mGET /api/manufacturing/dashboard [33m403[0m 3.506 ms - 97[0m
[0mGET /api/manufacturing/access [33m403[0m 2.264 ms - 97[0m
[0mGET /api/manufacturing/dashboard [33m403[0m 2.071 ms - 97[0m
[0mGET /api/accounts/dashboard [0m-[0m - ms - -[0m
[0mGET /api/crm/dashboard [32m200[0m 2339.821 ms - 3733[0m
[0mGET /api/wms/dashboard [0m-[0m - ms - -[0m
[0mGET /api/eam/dashboard [33m403[0m 1.482 ms - 97[0m
[0mGET /api/eam/dashboard [33m403[0m 3.147 ms - 97[0m
[0mGET /api/bi/insights [0m-[0m - ms - -[0m
[0mGET /api/bi/executive-dashboard [0m-[0m - ms - -[0m
[0mGET /api/bi/departments [0m-[0m - ms - -[0m
[0mGET /api/hrms/dashboard [0m-[0m - ms - -[0m
[0mGET /api/supplier-portal/dashboard [32m200[0m 1937.899 ms - 594[0m
[0mGET /api/supplier-portal/vendors [32m200[0m 2365.232 ms - 41640[0m
[0mGET /api/audit-logs?client=%5Bobject+Object%5D&queryKey=audit-logs&meta=undefined&signal=%5Bobject+AbortSignal%5D [32m200[0m 1966.086 ms - 3294[0m
[0mGET /api/audit-logs?client=%5Bobject+Object%5D&queryKey=audit-logs&meta=undefined&signal=%5Bobject+AbortSignal%5D [0m-[0m - ms - -[0m
[0mGET /api/company [32m200[0m 2018.037 ms - 504[0m
[0mGET /api/branches [32m200[0m 2306.813 ms - 3309[0m
[0mGET /api/users [33m403[0m 2.723 ms - 89[0m
[0mGET /api/users [33m403[0m 1.540 ms - 89[0m
[0mGET /api/products [32m200[0m 2427.589 ms - 17843[0m
[0mGET /api/dashboard/top-items [0m-[0m - ms - -[0m
[0mGET /api/dashboard/sales-chart [0m-[0m - ms - -[0m
[0mGET /api/dashboard/kpis [0m-[0m - ms - -[0m
[0mGET /api/items?limit=500 [0m-[0m - ms - -[0m
[0mGET /api/sales/dashboard [0m-[0m - ms - -[0m
[0mGET /api/customers?limit=500 [0m-[0m - ms - -[0m
[0mGET /api/users?limit=200 [0m-[0m - ms - -[0m
[0mGET /api/branches?limit=200 [0m-[0m - ms - -[0m
[0mGET /api/sales/owner-dashboard [0m-[0m - ms - -[0m
[0mGET /api/purchase/dashboard [33m403[0m 0.594 ms - 92[0m
[0mGET /api/purchase/dashboard [33m403[0m 1.372 ms - 92[0m
[0mGET /api/vendors?limit=200 [32m200[0m 2281.108 ms - 41671[0m
[0mGET /api/warehouses?limit=100 [0m-[0m - ms - -[0m
[0mGET /api/items?limit=500 [0m-[0m - ms - -[0m
[0mGET /api/warehouses?limit=100 [32m200[0m 1893.528 ms - 6989[0m
[0mGET /api/items?limit=100 [0m-[0m - ms - -[0m
[0mGET /api/inventory/dashboard [0m-[0m - ms - -[0m
[0mGET /api/units-of-measure?limit=100 [32m200[0m 1903.774 ms - 3967[0m
[0mGET /api/products?page=1&limit=20&q=undefined [32m200[0m 1916.060 ms - 93[0m
[0mGET /api/item-categories?limit=100 [32m200[0m 2364.820 ms - 4881[0m
[0mGET /api/inventory/valuation-report [0m-[0m - ms - -[0m
[0mGET /api/inventory/suppliers [0m-[0m - ms - -[0m
[0mGET /api/manufacturing/access [33m403[0m 0.884 ms - 97[0m
[0mGET /api/manufacturing/dashboard [33m403[0m 0.989 ms - 97[0m
[0mGET /api/manufacturing/access [33m403[0m 1.910 ms - 97[0m
[0mGET /api/manufacturing/dashboard [33m403[0m 1.998 ms - 97[0m
[0mGET /api/accounts/dashboard [33m403[0m 0.836 ms - 92[0m
[0mGET /api/accounts/dashboard [33m403[0m 2.087 ms - 92[0m
[0mGET /api/crm/dashboard [32m200[0m 2255.626 ms - 3733[0m
[0mGET /api/wms/dashboard [0m-[0m - ms - -[0m
[0mGET /api/eam/dashboard [33m403[0m 1.100 ms - 97[0m
[0mGET /api/eam/dashboard [33m403[0m 2.723 ms - 97[0m
[0mGET /api/bi/departments [32m200[0m 2331.729 ms - 468[0m
[0mGET /api/bi/executive-dashboard [0m-[0m - ms - -[0m
[0mGET /api/bi/insights [0m-[0m - ms - -[0m
[0mGET /api/hrms/dashboard [0m-[0m - ms - -[0m
[0mGET /api/supplier-portal/vendors [33m403[0m 1.570 ms - 92[0m
[0mGET /api/supplier-portal/dashboard [33m403[0m 1.544 ms - 92[0m
[0mGET /api/supplier-portal/vendors [33m403[0m 4.283 ms - 92[0m
[0mGET /api/supplier-portal/dashboard [33m403[0m 5.048 ms - 92[0m
[0mGET /api/audit-logs?client=%5Bobject+Object%5D&queryKey=audit-logs&meta=undefined&signal=%5Bobject+AbortSignal%5D [32m200[0m 1930.382 ms - 3294[0m
[0mGET /api/audit-logs?client=%5Bobject+Object%5D&queryKey=audit-logs&meta=undefined&signal=%5Bobject+AbortSignal%5D [0m-[0m - ms - -[0m
[0mGET /api/company [32m200[0m 2477.757 ms - 504[0m
[0mGET /api/branches [32m200[0m 2481.503 ms - 3309[0m
[0mGET /api/users [33m403[0m 1.739 ms - 89[0m
[0mGET /api/users [33m403[0m 4.808 ms - 89[0m
[0mGET /api/products [32m200[0m 2449.516 ms - 17843[0m
[0mGET /api/dashboard/top-items [0m-[0m - ms - -[0m
[0mGET /api/dashboard/kpis [0m-[0m - ms - -[0m
[0mGET /api/dashboard/sales-chart [0m-[0m - ms - -[0m
[0mGET /api/users?limit=200 [0m-[0m - ms - -[0m
[0mGET /api/sales/dashboard [0m-[0m - ms - -[0m
[0mGET /api/branches?limit=200 [0m-[0m - ms - -[0m
[0mGET /api/customers?limit=500 [0m-[0m - ms - -[0m
[0mGET /api/items?limit=500 [0m-[0m - ms - -[0m
[0mGET /api/sales/owner-dashboard [0m-[0m - ms - -[0m
[0mGET /api/purchase/dashboard [33m403[0m 0.485 ms - 92[0m
[0mGET /api/purchase/dashboard [33m403[0m 1.423 ms - 92[0m
[0mGET /api/warehouses?limit=100 [32m200[0m 2246.202 ms - 6989[0m
[0mGET /api/vendors?limit=200 [0m-[0m - ms - -[0m
[0mGET /api/items?limit=500 [0m-[0m - ms - -[0m
[0mGET /api/warehouses?limit=100 [36m304[0m 2390.201 ms - -[0m
[0mGET /api/items?limit=100 [0m-[0m - ms - -[0m
[0mGET /api/inventory/dashboard [0m-[0m - ms - -[0m
[0mGET /api/units-of-measure?limit=100 [32m200[0m 1901.367 ms - 3967[0m
[0mGET /api/item-categories?limit=100 [32m200[0m 1905.165 ms - 4881[0m
[0mGET /api/products?page=1&limit=20&q=undefined [32m200[0m 1924.109 ms - 93[0m
[0mGET /api/inventory/valuation-report [0m-[0m - ms - -[0m
[0mGET /api/inventory/suppliers [0m-[0m - ms - -[0m
[0mGET /api/manufacturing/access [33m403[0m 0.922 ms - 97[0m
[0mGET /api/manufacturing/dashboard [33m403[0m 0.974 ms - 97[0m
[0mGET /api/manufacturing/access [33m403[0m 2.434 ms - 97[0m
[0mGET /api/manufacturing/dashboard [33m403[0m 2.182 ms - 97[0m
[0mGET /api/accounts/dashboard [33m403[0m 0.813 ms - 92[0m
[0mGET /api/accounts/dashboard [33m403[0m 1.758 ms - 92[0m
[0mGET /api/crm/dashboard [32m200[0m 2282.077 ms - 3733[0m
[0mGET /api/wms/dashboard [0m-[0m - ms - -[0m
[0mGET /api/eam/dashboard [33m403[0m 1.883 ms - 97[0m
[0mGET /api/eam/dashboard [33m403[0m 2.818 ms - 97[0m
[0mGET /api/bi/departments [32m200[0m 2415.009 ms - 468[0m
[0mGET /api/bi/insights [0m-[0m - ms - -[0m
[0mGET /api/bi/executive-dashboard [0m-[0m - ms - -[0m
[0mGET /api/hrms/dashboard [0m-[0m - ms - -[0m
[0mGET /api/supplier-portal/vendors [33m403[0m 1.755 ms - 92[0m
[0mGET /api/supplier-portal/dashboard [33m403[0m 1.592 ms - 92[0m
[0mGET /api/supplier-portal/vendors [33m403[0m 3.582 ms - 92[0m
[0mGET /api/supplier-portal/dashboard [33m403[0m 3.717 ms - 92[0m
[0mGET /api/audit-logs?client=%5Bobject+Object%5D&queryKey=audit-logs&meta=undefined&signal=%5Bobject+AbortSignal%5D [33m403[0m 4.868 ms - 89[0m
[0mGET /api/audit-logs?client=%5Bobject+Object%5D&queryKey=audit-logs&meta=undefined&signal=%5Bobject+AbortSignal%5D [33m403[0m 1.736 ms - 89[0m
[0mGET /api/audit-logs?client=%5Bobject+Object%5D&queryKey=audit-logs&meta=undefined&signal=%5Bobject+AbortSignal%5D [33m403[0m 8.394 ms - 89[0m
[0mGET /api/company [0m-[0m - ms - -[0m
[0mGET /api/branches [32m200[0m 2250.401 ms - 3309[0m
[0mGET /api/users [33m403[0m 1.494 ms - 89[0m
[0mGET /api/users [33m403[0m 4.731 ms - 89[0m
[0mGET /api/products [32m200[0m 2021.131 ms - 17843[0m
[0mGET /api/dashboard/kpis [0m-[0m - ms - -[0m
[0mGET /api/dashboard/top-items [0m-[0m - ms - -[0m
[0mGET /api/dashboard/sales-chart [0m-[0m - ms - -[0m
[0mGET /api/users?limit=200 [0m-[0m - ms - -[0m
[0mGET /api/items?limit=500 [0m-[0m - ms - -[0m
[0mGET /api/sales/dashboard [0m-[0m - ms - -[0m
[0mGET /api/customers?limit=500 [0m-[0m - ms - -[0m
[0mGET /api/branches?limit=200 [0m-[0m - ms - -[0m
[0mGET /api/sales/owner-dashboard [33m403[0m 0.474 ms - 89[0m
[0mGET /api/sales/owner-dashboard [33m403[0m 1.148 ms - 89[0m
[0mGET /api/warehouses?limit=100 [32m200[0m 2328.209 ms - 6989[0m
[0mGET /api/purchase/dashboard [32m200[0m 2321.543 ms - 276[0m
[0mGET /api/items?limit=500 [0m-[0m - ms - -[0m
[0mGET /api/vendors?limit=200 [0m-[0m - ms - -[0m
[0mGET /api/warehouses?limit=100 [36m304[0m 1916.601 ms - -[0m
[0mGET /api/items?limit=100 [0m-[0m - ms - -[0m
[0mGET /api/inventory/dashboard [0m-[0m - ms - -[0m
[0mGET /api/products?page=1&limit=20&q=undefined [32m200[0m 1975.946 ms - 93[0m
[0mGET /api/units-of-measure?limit=100 [32m200[0m 1983.528 ms - 3967[0m
[0mGET /api/item-categories?limit=100 [32m200[0m 2003.845 ms - 4881[0m
[0mGET /api/inventory/valuation-report [0m-[0m - ms - -[0m
[0mGET /api/inventory/suppliers [0m-[0m - ms - -[0m
[0mGET /api/manufacturing/access [33m403[0m 1.118 ms - 97[0m
[0mGET /api/manufacturing/dashboard [33m403[0m 1.150 ms - 97[0m
[0mGET /api/manufacturing/access [33m403[0m 1.185 ms - 97[0m
[0mGET /api/manufacturing/dashboard [33m403[0m 1.953 ms - 97[0m
[0mGET /api/accounts/dashboard [33m403[0m 0.858 ms - 92[0m
[0mGET /api/accounts/dashboard [33m403[0m 1.939 ms - 92[0m
[0mGET /api/crm/dashboard [33m403[0m 0.941 ms - 89[0m
[0mGET /api/crm/dashboard [33m403[0m 0.901 ms - 89[0m
[0mGET /api/wms/dashboard [0m-[0m - ms - -[0m
[0mGET /api/eam/dashboard [33m403[0m 1.081 ms - 97[0m
[0mGET /api/eam/dashboard [33m403[0m 2.786 ms - 97[0m
[0mGET /api/bi/departments [32m200[0m 2393.155 ms - 468[0m
[0mGET /api/bi/executive-dashboard [0m-[0m - ms - -[0m
[0mGET /api/bi/insights [0m-[0m - ms - -[0m
[0mGET /api/hrms/dashboard [0m-[0m - ms - -[0m
[0mGET /api/supplier-portal/dashboard [32m200[0m 1950.702 ms - 594[0m
[0mGET /api/supplier-portal/vendors [32m200[0m 2410.801 ms - 41640[0m
[0mGET /api/audit-logs?client=%5Bobject+Object%5D&queryKey=audit-logs&meta=undefined&signal=%5Bobject+AbortSignal%5D [32m200[0m 2029.173 ms - 3294[0m
[0mGET /api/audit-logs?client=%5Bobject+Object%5D&queryKey=audit-logs&meta=undefined&signal=%5Bobject+AbortSignal%5D [0m-[0m - ms - -[0m
[0mGET /api/company [32m200[0m 2428.096 ms - 504[0m
[0mGET /api/branches [32m200[0m 2265.162 ms - 3309[0m
[0mGET /api/users [33m403[0m 1.596 ms - 89[0m
[0mGET /api/users [33m403[0m 4.074 ms - 89[0m
[0mGET /api/products [0m-[0m - ms - -[0m
[0mGET /api/dashboard/sales-chart [0m-[0m - ms - -[0m
[0mGET /api/dashboard/kpis [0m-[0m - ms - -[0m
[0mGET /api/dashboard/top-items [0m-[0m - ms - -[0m
[0mGET /api/items?limit=500 [0m-[0m - ms - -[0m
[0mGET /api/customers?limit=500 [0m-[0m - ms - -[0m
[0mGET /api/branches?limit=200 [0m-[0m - ms - -[0m
[0mGET /api/users?limit=200 [0m-[0m - ms - -[0m
[0mGET /api/sales/dashboard [0m-[0m - ms - -[0m
[0mGET /api/sales/owner-dashboard [33m403[0m 0.564 ms - 89[0m
[0mGET /api/sales/owner-dashboard [33m403[0m 1.406 ms - 89[0m
[0mGET /api/purchase/dashboard [32m200[0m 2261.578 ms - 276[0m
[0mGET /api/warehouses?limit=100 [32m200[0m 2303.289 ms - 6989[0m
[0mGET /api/items?limit=500 [0m-[0m - ms - -[0m
[0mGET /api/vendors?limit=200 [0m-[0m - ms - -[0m
[0mGET /api/warehouses?limit=100 [36m304[0m 1885.375 ms - -[0m
[0mGET /api/items?limit=100 [0m-[0m - ms - -[0m
[0mGET /api/inventory/dashboard [0m-[0m - ms - -[0m
[0mGET /api/products?page=1&limit=20&q=undefined [32m200[0m 1882.733 ms - 93[0m
[0mGET /api/units-of-measure?limit=100 [32m200[0m 1897.786 ms - 3967[0m
[0mGET /api/item-categories?limit=100 [32m200[0m 2265.387 ms - 4881[0m
[0mGET /api/inventory/valuation-report [0m-[0m - ms - -[0m
[0mGET /api/inventory/suppliers [0m-[0m - ms - -[0m
[0mGET /api/manufacturing/access [33m403[0m 0.901 ms - 97[0m
[0mGET /api/manufacturing/dashboard [33m403[0m 0.969 ms - 97[0m
[0mGET /api/manufacturing/access [33m403[0m 2.130 ms - 97[0m
[0mGET /api/manufacturing/dashboard [33m403[0m 2.716 ms - 97[0m
[0mGET /api/accounts/dashboard [33m403[0m 0.773 ms - 92[0m
[0mGET /api/accounts/dashboard [33m403[0m 2.745 ms - 92[0m
[0mGET /api/crm/dashboard [33m403[0m 1.003 ms - 89[0m
[0mGET /api/crm/dashboard [33m403[0m 2.857 ms - 89[0m
[0mGET /api/wms/dashboard [0m-[0m - ms - -[0m
[0mGET /api/eam/dashboard [33m403[0m 2.557 ms - 97[0m
[0mGET /api/eam/dashboard [33m403[0m 2.423 ms - 97[0m
[0mGET /api/bi/departments [32m200[0m 2350.534 ms - 468[0m
[0mGET /api/bi/executive-dashboard [0m-[0m - ms - -[0m
[0mGET /api/bi/insights [0m-[0m - ms - -[0m
[0mGET /api/hrms/dashboard [0m-[0m - ms - -[0m
[0mGET /api/supplier-portal/dashboard [32m200[0m 1937.431 ms - 594[0m
[0mGET /api/supplier-portal/vendors [32m200[0m 2293.223 ms - 41640[0m
[0mGET /api/audit-logs?client=%5Bobject+Object%5D&queryKey=audit-logs&meta=undefined&signal=%5Bobject+AbortSignal%5D [32m200[0m 2068.695 ms - 3294[0m
[0mGET /api/audit-logs?client=%5Bobject+Object%5D&queryKey=audit-logs&meta=undefined&signal=%5Bobject+AbortSignal%5D [0m-[0m - ms - -[0m
[0mGET /api/company [32m200[0m 1920.933 ms - 504[0m
[0mGET /api/branches [32m200[0m 2391.912 ms - 3309[0m
[0mGET /api/users [33m403[0m 1.630 ms - 89[0m
[0mGET /api/users [33m403[0m 4.251 ms - 89[0m
[0mGET /api/products [32m200[0m 2390.224 ms - 17843[0m
[0mGET /api/dashboard/top-items [0m-[0m - ms - -[0m
[0mGET /api/dashboard/kpis [0m-[0m - ms - -[0m
[0mGET /api/dashboard/sales-chart [0m-[0m - ms - -[0m
[0mGET /api/branches?limit=200 [0m-[0m - ms - -[0m
[0mGET /api/customers?limit=500 [0m-[0m - ms - -[0m
[0mGET /api/items?limit=500 [0m-[0m - ms - -[0m
[0mGET /api/sales/dashboard [0m-[0m - ms - -[0m
[0mGET /api/users?limit=200 [0m-[0m - ms - -[0m
[0mGET /api/sales/owner-dashboard [33m403[0m 0.843 ms - 89[0m
[0mGET /api/sales/owner-dashboard [33m403[0m 0.497 ms - 89[0m
[0mGET /api/purchase/dashboard [33m403[0m 0.561 ms - 92[0m
[0mGET /api/purchase/dashboard [33m403[0m 1.969 ms - 92[0m
[0mGET /api/warehouses?limit=100 [32m200[0m 2220.012 ms - 6989[0m
[0mGET /api/items?limit=500 [0m-[0m - ms - -[0m
[0mGET /api/vendors?limit=200 [0m-[0m - ms - -[0m
[0mGET /api/items?limit=100 [0m-[0m - ms - -[0m
[0mGET /api/warehouses?limit=100 [0m-[0m - ms - -[0m
[0mGET /api/inventory/dashboard [0m-[0m - ms - -[0m
[0mGET /api/units-of-measure?limit=100 [0m-[0m - ms - -[0m
[0mGET /api/item-categories?limit=100 [0m-[0m - ms - -[0m
[0mGET /api/products?page=1&limit=20&q=undefined [0m-[0m - ms - -[0m
[0mGET /api/inventory/valuation-report [0m-[0m - ms - -[0m
[0mGET /api/inventory/suppliers [0m-[0m - ms - -[0m
[0mGET /api/manufacturing/access [32m200[0m 0.768 ms - 119[0m
[0mGET /api/manufacturing/dashboard [0m-[0m - ms - -[0m
[0mGET /api/accounts/dashboard [33m403[0m 0.919 ms - 92[0m
[0mGET /api/accounts/dashboard [33m403[0m 1.894 ms - 92[0m
[0mGET /api/crm/dashboard [33m403[0m 0.903 ms - 89[0m
[0mGET /api/crm/dashboard [33m403[0m 2.334 ms - 89[0m
[0mGET /api/wms/dashboard [0m-[0m - ms - -[0m
[0mGET /api/eam/dashboard [0m-[0m - ms - -[0m
[0mGET /api/bi/departments [0m-[0m - ms - -[0m
[0mGET /api/bi/executive-dashboard [0m-[0m - ms - -[0m
[0mGET /api/bi/insights [0m-[0m - ms - -[0m
[0mGET /api/hrms/dashboard [0m-[0m - ms - -[0m
[0mGET /api/supplier-portal/vendors [33m403[0m 1.807 ms - 92[0m
[0mGET /api/supplier-portal/dashboard [33m403[0m 1.496 ms - 92[0m
[0mGET /api/supplier-portal/vendors [33m403[0m 3.522 ms - 92[0m
[0mGET /api/supplier-portal/dashboard [33m403[0m 5.047 ms - 92[0m
[0mGET /api/audit-logs?client=%5Bobject+Object%5D&queryKey=audit-logs&meta=undefined&signal=%5Bobject+AbortSignal%5D [33m403[0m 1.589 ms - 89[0m
[0mGET /api/audit-logs?client=%5Bobject+Object%5D&queryKey=audit-logs&meta=undefined&signal=%5Bobject+AbortSignal%5D [33m403[0m 1.716 ms - 89[0m
[0mGET /api/audit-logs?client=%5Bobject+Object%5D&queryKey=audit-logs&meta=undefined&signal=%5Bobject+AbortSignal%5D [33m403[0m 4.530 ms - 89[0m
[0mGET /api/company [32m200[0m 1943.998 ms - 504[0m
[0mGET /api/branches [32m200[0m 2231.729 ms - 3309[0m
[0mGET /api/users [33m403[0m 1.614 ms - 89[0m
[0mGET /api/users [33m403[0m 4.740 ms - 89[0m
[0mGET /api/products [32m200[0m 2405.059 ms - 17843[0m
[0mGET /api/dashboard/kpis [0m-[0m - ms - -[0m
[0mGET /api/dashboard/sales-chart [0m-[0m - ms - -[0m
[0mGET /api/dashboard/top-items [0m-[0m - ms - -[0m
[0mGET /api/sales/dashboard [0m-[0m - ms - -[0m
[0mGET /api/items?limit=500 [0m-[0m - ms - -[0m
[0mGET /api/users?limit=200 [0m-[0m - ms - -[0m
[0mGET /api/customers?limit=500 [0m-[0m - ms - -[0m
[0mGET /api/branches?limit=200 [0m-[0m - ms - -[0m
[0mGET /api/sales/owner-dashboard [33m403[0m 0.581 ms - 89[0m
[0mGET /api/sales/owner-dashboard [33m403[0m 0.881 ms - 89[0m
[0mGET /api/vendors?limit=200 [33m403[0m 1.776 ms - 90[0m
[0mGET /api/items?limit=500 [33m403[0m 2.531 ms - 90[0m
[0mGET /api/warehouses?limit=100 [33m403[0m 2.133 ms - 90[0m
[0mGET /api/purchase/dashboard [33m403[0m 0.678 ms - 92[0m
[0mGET /api/vendors?limit=200 [33m403[0m 7.905 ms - 90[0m
[0mGET /api/items?limit=500 [33m403[0m 6.772 ms - 90[0m
[0mGET /api/warehouses?limit=100 [33m403[0m 7.704 ms - 90[0m
[0mGET /api/purchase/dashboard [33m403[0m 1.696 ms - 92[0m
[0mGET /api/inventory/dashboard [33m403[0m 0.678 ms - 93[0m
[0mGET /api/warehouses?limit=100 [33m403[0m 1.993 ms - 90[0m
[0mGET /api/items?limit=100 [33m403[0m 1.903 ms - 90[0m
[0mGET /api/inventory/dashboard [33m403[0m 1.430 ms - 93[0m
[0mGET /api/warehouses?limit=100 [33m403[0m 5.302 ms - 90[0m
[0mGET /api/items?limit=100 [33m403[0m 7.292 ms - 90[0m
[0mGET /api/products?page=1&limit=20&q=undefined [33m403[0m 1.638 ms - 92[0m
[0mGET /api/item-categories?limit=100 [33m403[0m 1.853 ms - 90[0m
[0mGET /api/units-of-measure?limit=100 [33m403[0m 2.805 ms - 90[0m
[0mGET /api/item-categories?limit=100 [33m403[0m 4.633 ms - 90[0m
[0mGET /api/products?page=1&limit=20&q=undefined [33m403[0m 4.694 ms - 92[0m
[0mGET /api/units-of-measure?limit=100 [33m403[0m 4.486 ms - 90[0m
[0mGET /api/inventory/valuation-report [33m403[0m 0.979 ms - 93[0m
[0mGET /api/inventory/valuation-report [33m403[0m 1.995 ms - 93[0m
[0mGET /api/inventory/suppliers [33m403[0m 0.799 ms - 93[0m
[0mGET /api/inventory/suppliers [33m403[0m 1.174 ms - 93[0m
[0mGET /api/manufacturing/access [33m403[0m 1.141 ms - 97[0m
[0mGET /api/manufacturing/dashboard [33m403[0m 0.972 ms - 97[0m
[0mGET /api/manufacturing/access [33m403[0m 2.083 ms - 97[0m
[0mGET /api/manufacturing/dashboard [33m403[0m 3.039 ms - 97[0m
[0mGET /api/accounts/dashboard [33m403[0m 0.815 ms - 92[0m
[0mGET /api/accounts/dashboard [33m403[0m 1.896 ms - 92[0m
[0mGET /api/crm/dashboard [33m403[0m 1.209 ms - 89[0m
[0mGET /api/crm/dashboard [33m403[0m 2.186 ms - 89[0m
[0mGET /api/wms/dashboard [33m403[0m 1.303 ms - 93[0m
[0mGET /api/wms/dashboard [33m403[0m 3.265 ms - 93[0m
[0mGET /api/eam/dashboard [33m403[0m 1.184 ms - 97[0m
[0mGET /api/eam/dashboard [33m403[0m 3.977 ms - 97[0m
[0mGET /api/bi/departments [32m200[0m 2305.695 ms - 468[0m
[0mGET /api/bi/insights [0m-[0m - ms - -[0m
[0mGET /api/bi/executive-dashboard [0m-[0m - ms - -[0m
[0mGET /api/hrms/dashboard [0m-[0m - ms - -[0m
[0mGET /api/supplier-portal/vendors [33m403[0m 1.860 ms - 92[0m
[0mGET /api/supplier-portal/dashboard [33m403[0m 1.565 ms - 92[0m
[0mGET /api/supplier-portal/vendors [33m403[0m 3.603 ms - 92[0m
[0mGET /api/supplier-portal/dashboard [33m403[0m 5.529 ms - 92[0m
[0mGET /api/audit-logs?client=%5Bobject+Object%5D&queryKey=audit-logs&meta=undefined&signal=%5Bobject+AbortSignal%5D [32m200[0m 2044.833 ms - 3294[0m
[0mGET /api/audit-logs?client=%5Bobject+Object%5D&queryKey=audit-logs&meta=undefined&signal=%5Bobject+AbortSignal%5D [0m-[0m - ms - -[0m
[0mGET /api/company [32m200[0m 2337.406 ms - 504[0m
[0mGET /api/branches [32m200[0m 2438.487 ms - 3309[0m
[0mGET /api/users [32m200[0m 2010.652 ms - 12744[0m
[0mGET /api/products [33m403[0m 1.803 ms - 92[0m
[0mGET /api/products [33m403[0m 3.789 ms - 92[0m
[0mPOST /api/auth/login [32m200[0m 6229.519 ms - 1121[0m
[0mGET /api/auth/google/url [32m200[0m 0.858 ms - 94[0m
[0mGET /api/auth/google/url [32m200[0m 0.421 ms - 94[0m
[0mGET /api/auth/google/url [32m200[0m 0.195 ms - 94[0m
[0mGET /api/dashboard/kpis [32m200[0m 4623.576 ms - 265[0m
[0mGET /api/dashboard/sales-chart [32m200[0m 6861.619 ms - 292[0m
[0mGET /api/dashboard/top-items [32m200[0m 8283.345 ms - 67[0m
[0mGET /api/auth/google/url [32m200[0m 0.148 ms - 94[0m
[0mGET /api/company [32m200[0m 1893.184 ms - 504[0m
[0mGET /api/auth/google/url [32m200[0m 0.183 ms - 94[0m
[0mGET /api/branches [32m200[0m 2840.225 ms - 3309[0m
[0mGET /api/auth/google/url [32m200[0m 0.154 ms - 94[0m
[0mGET /api/users [32m200[0m 2021.869 ms - 12744[0m
[0mGET /api/auth/google/url [32m200[0m 0.200 ms - 94[0m
[0mGET /api/products [32m200[0m 2029.756 ms - 17843[0m
[0mGET /api/auth/google/url [32m200[0m 0.286 ms - 94[0m
[0mGET /api/branches?limit=200 [32m200[0m 2325.968 ms - 3310[0m
[0mGET /api/users?limit=200 [32m200[0m 2780.791 ms - 38056[0m
[0mGET /api/items?limit=500 [32m200[0m 3633.481 ms - 266414[0m
[0mGET /api/customers?limit=500 [32m200[0m 3656.034 ms - 288926[0m
[0mGET /api/sales/dashboard [32m200[0m 4494.312 ms - 3311[0m
[0mGET /api/auth/google/url [32m200[0m 0.145 ms - 94[0m
[0mGET /api/sales/owner-dashboard [32m200[0m 6444.172 ms - 3113[0m
[0mGET /api/auth/google/url [32m200[0m 0.152 ms - 94[0m
[0mGET /api/purchase/dashboard [32m200[0m 2333.212 ms - 276[0m
[0mGET /api/warehouses?limit=100 [32m200[0m 2339.229 ms - 6989[0m
[0mGET /api/vendors?limit=200 [32m200[0m 2814.597 ms - 41671[0m
[0mGET /api/items?limit=500 [32m200[0m 3852.004 ms - 266414[0m
[0mGET /api/auth/google/url [32m200[0m 0.242 ms - 94[0m
[0mGET /api/warehouses?limit=100 [32m200[0m 2338.675 ms - 6989[0m
[0mGET /api/items?limit=100 [32m200[0m 3320.452 ms - 88685[0m
[0mGET /api/inventory/dashboard [32m200[0m 11614.093 ms - 12884[0m
[0mGET /api/auth/google/url [32m200[0m 0.173 ms - 94[0m
[0mGET /api/products?page=1&limit=20&q=undefined [32m200[0m 2278.090 ms - 93[0m
[0mGET /api/item-categories?limit=100 [32m200[0m 2297.950 ms - 4881[0m
[0mGET /api/units-of-measure?limit=100 [32m200[0m 2381.225 ms - 3967[0m
[0mGET /api/auth/google/url [32m200[0m 0.207 ms - 94[0m
[0mGET /api/inventory/valuation-report [32m200[0m 5625.552 ms - 167695[0m
[0mGET /api/auth/google/url [32m200[0m 0.152 ms - 94[0m
[0mGET /api/inventory/suppliers [32m200[0m 4734.514 ms - 45322[0m
[0mGET /api/auth/google/url [32m200[0m 0.194 ms - 94[0m
[0mGET /api/accounts/dashboard [32m200[0m 8777.916 ms - 3966[0m
[0mGET /api/auth/google/url [32m200[0m 0.136 ms - 94[0m
[0mGET /api/manufacturing/access [32m200[0m 0.794 ms - 119[0m
[0mGET /api/manufacturing/dashboard [32m200[0m 4636.971 ms - 187[0m
[0mGET /api/auth/google/url [32m200[0m 0.142 ms - 94[0m
[0mGET /api/crm/dashboard [32m200[0m 4610.985 ms - 3733[0m
[0mGET /api/auth/google/url [32m200[0m 0.138 ms - 94[0m
[0mGET /api/wms/dashboard [32m200[0m 2965.216 ms - 3082[0m
[0mGET /api/auth/google/url [32m200[0m 0.219 ms - 94[0m
[0mGET /api/bi/departments [32m200[0m 4817.229 ms - 468[0m
[0mGET /api/bi/executive-dashboard [32m200[0m 4877.734 ms - 3010[0m
[0mGET /api/bi/insights [32m200[0m 12540.810 ms - 443[0m
[0mGET /api/auth/google/url [32m200[0m 0.148 ms - 94[0m
[0mGET /api/hrms/dashboard [32m200[0m 3559.767 ms - 2261[0m
[0mGET /api/auth/google/url [32m200[0m 0.150 ms - 94[0m
[0mGET /api/eam/dashboard [32m200[0m 3120.171 ms - 2800[0m
[0mGET /api/auth/google/url [32m200[0m 0.156 ms - 94[0m
[0mGET /api/supplier-portal/vendors [32m200[0m 2369.550 ms - 41640[0m
[0mGET /api/supplier-portal/dashboard [32m200[0m 2464.241 ms - 594[0m
[0mGET /api/auth/google/url [32m200[0m 0.228 ms - 94[0m
[0mGET /api/audit-logs?client=%5Bobject+Object%5D&queryKey=audit-logs&meta=undefined&signal=%5Bobject+AbortSignal%5D [32m200[0m 2090.127 ms - 3294[0m
[0mGET /api/audit-logs?client=%5Bobject+Object%5D&queryKey=audit-logs&meta=undefined&signal=%5Bobject+AbortSignal%5D [36m304[0m 1934.910 ms - -[0m
[0mGET /api/auth/google/url [32m200[0m 0.140 ms - 94[0m
[0mGET /api/dashboard/sales-chart [32m200[0m 2343.327 ms - 292[0m
[0mGET /api/dashboard/top-items [32m200[0m 4135.742 ms - 67[0m
[0mGET /api/dashboard/kpis [32m200[0m 4433.347 ms - 265[0m
[0mGET /api/auth/google/url [32m200[0m 0.172 ms - 94[0m
[0mGET /api/company [32m200[0m 2044.825 ms - 504[0m
[0mGET /api/auth/google/url [32m200[0m 0.198 ms - 94[0m
[0mGET /api/branches [32m200[0m 2003.641 ms - 3309[0m
[0mGET /api/auth/google/url [32m200[0m 0.206 ms - 94[0m
[0mGET /api/users [32m200[0m 2462.846 ms - 12744[0m
[0mGET /api/auth/google/url [32m200[0m 0.138 ms - 94[0m
[0mGET /api/products [32m200[0m 2381.445 ms - 17843[0m
[0mGET /api/auth/google/url [32m200[0m 0.172 ms - 94[0m
[0mGET /api/users?limit=200 [32m200[0m 2587.818 ms - 38056[0m
[0mGET /api/branches?limit=200 [32m200[0m 2816.468 ms - 3310[0m
[0mGET /api/customers?limit=500 [32m200[0m 3475.008 ms - 288926[0m
[0mGET /api/items?limit=500 [32m200[0m 3485.537 ms - 266414[0m
[0mGET /api/sales/dashboard [32m200[0m 4315.289 ms - 3311[0m
[0mGET /api/auth/google/url [32m200[0m 0.207 ms - 94[0m
[0mGET /api/sales/owner-dashboard [32m200[0m 6301.382 ms - 3113[0m
[0mGET /api/auth/google/url [32m200[0m 0.147 ms - 94[0m
[0mGET /api/warehouses?limit=100 [32m200[0m 2326.484 ms - 6989[0m
[0mGET /api/purchase/dashboard [32m200[0m 2422.062 ms - 276[0m
[0mGET /api/vendors?limit=200 [32m200[0m 3144.932 ms - 41671[0m
[0mGET /api/items?limit=500 [32m200[0m 3542.469 ms - 266414[0m
[0mGET /api/auth/google/url [32m200[0m 0.168 ms - 94[0m
[0mGET /api/warehouses?limit=100 [32m200[0m 2050.142 ms - 6989[0m
[0mGET /api/items?limit=100 [32m200[0m 2945.287 ms - 88685[0m
[0mGET /api/inventory/dashboard [32m200[0m 11972.170 ms - 12884[0m
[0mGET /api/auth/google/url [32m200[0m 0.148 ms - 94[0m
[0mGET /api/products?page=1&limit=20&q=undefined [32m200[0m 2337.932 ms - 93[0m
[0mGET /api/item-categories?limit=100 [32m200[0m 2373.737 ms - 4881[0m
[0mGET /api/units-of-measure?limit=100 [32m200[0m 2435.416 ms - 3967[0m
[0mGET /api/auth/google/url [32m200[0m 0.161 ms - 94[0m
[0mGET /api/inventory/valuation-report [32m200[0m 5725.674 ms - 167695[0m
[0mGET /api/auth/google/url [32m200[0m 0.141 ms - 94[0m
[0mGET /api/inventory/suppliers [32m200[0m 5352.352 ms - 45322[0m
[0mGET /api/auth/google/url [32m200[0m 0.153 ms - 94[0m
[0mGET /api/accounts/dashboard [32m200[0m 5359.748 ms - 3966[0m
[0mGET /api/auth/google/url [32m200[0m 0.213 ms - 94[0m
[0mGET /api/manufacturing/access [32m200[0m 0.953 ms - 119[0m
[0mGET /api/manufacturing/dashboard [32m200[0m 2026.052 ms - 187[0m
[0mGET /api/auth/google/url [32m200[0m 0.205 ms - 94[0m
[0mGET /api/crm/dashboard [32m200[0m 2407.144 ms - 3733[0m
[0mGET /api/auth/google/url [32m200[0m 0.130 ms - 94[0m
[0mGET /api/wms/dashboard [32m200[0m 2593.585 ms - 3082[0m
[0mGET /api/auth/google/url [32m200[0m 0.184 ms - 94[0m
[0mGET /api/bi/departments [32m200[0m 2323.808 ms - 468[0m
[0mGET /api/bi/executive-dashboard [32m200[0m 3716.094 ms - 3010[0m
[0mGET /api/bi/insights [32m200[0m 10535.827 ms - 443[0m
[0mGET /api/auth/google/url [32m200[0m 0.145 ms - 94[0m
[0mGET /api/hrms/dashboard [32m200[0m 3628.596 ms - 2261[0m
[0mGET /api/auth/google/url [32m200[0m 0.201 ms - 94[0m
[0mGET /api/eam/dashboard [32m200[0m 7821.974 ms - 2800[0m
[0mGET /api/auth/google/url [32m200[0m 0.155 ms - 94[0m
[0mGET /api/supplier-portal/dashboard [32m200[0m 2308.258 ms - 594[0m
[0mGET /api/supplier-portal/vendors [32m200[0m 2351.986 ms - 41640[0m
[0mGET /api/auth/google/url [32m200[0m 0.163 ms - 94[0m
[0mGET /api/audit-logs?client=%5Bobject+Object%5D&queryKey=audit-logs&meta=undefined&signal=%5Bobject+AbortSignal%5D [32m200[0m 2055.396 ms - 3294[0m
[0mGET /api/audit-logs?client=%5Bobject+Object%5D&queryKey=audit-logs&meta=undefined&signal=%5Bobject+AbortSignal%5D [36m304[0m 1926.443 ms - -[0m
[0mPOST /api/auth/login [32m200[0m 6481.796 ms - 1121[0m
[0mGET /api/auth/google/url [32m200[0m 0.185 ms - 94[0m
[0mGET /api/auth/google/url [32m200[0m 0.271 ms - 94[0m
[0mGET /api/auth/google/url [32m200[0m 0.151 ms - 94[0m
[0mGET /api/dashboard/kpis [32m200[0m 0.507 ms - 265[0m
[0mGET /api/dashboard/sales-chart [32m200[0m 2341.643 ms - 292[0m
[0mGET /api/dashboard/top-items [32m200[0m 4308.787 ms - 67[0m
[0mGET /api/auth/google/url [32m200[0m 0.188 ms - 94[0m
[0mGET /api/company [32m200[0m 1893.165 ms - 504[0m
[0mGET /api/auth/google/url [32m200[0m 0.159 ms - 94[0m
[0mGET /api/branches [32m200[0m 2027.141 ms - 3309[0m
[0mGET /api/auth/google/url [32m200[0m 0.169 ms - 94[0m
[0mGET /api/users [32m200[0m 2799.957 ms - 12744[0m
[0mGET /api/auth/google/url [32m200[0m 0.152 ms - 94[0m
[0mGET /api/products [32m200[0m 2045.810 ms - 17843[0m
[0mGET /api/auth/google/url [32m200[0m 0.131 ms - 94[0m
[0mGET /api/branches?limit=200 [32m200[0m 2694.527 ms - 3310[0m
[0mGET /api/users?limit=200 [32m200[0m 2704.618 ms - 38056[0m
[0mGET /api/items?limit=500 [32m200[0m 3510.549 ms - 266414[0m
[0mGET /api/customers?limit=500 [32m200[0m 3532.447 ms - 288926[0m
[0mGET /api/sales/dashboard [32m200[0m 4248.103 ms - 3311[0m
[0mGET /api/auth/google/url [32m200[0m 0.154 ms - 94[0m
[0mGET /api/sales/owner-dashboard [32m200[0m 11769.052 ms - 3113[0m
[0mGET /api/auth/google/url [32m200[0m 0.183 ms - 94[0m
[0mGET /api/vendors?limit=200 [32m200[0m 2534.306 ms - 41671[0m
[0mGET /api/warehouses?limit=100 [32m200[0m 4847.717 ms - 6989[0m
[0mGET /api/purchase/dashboard [32m200[0m 4846.681 ms - 276[0m
[0mGET /api/items?limit=500 [32m200[0m 6330.576 ms - 266414[0m
[0mGET /api/auth/google/url [32m200[0m 0.149 ms - 94[0m
[0mGET /api/warehouses?limit=100 [32m200[0m 2465.151 ms - 6989[0m
[0mGET /api/items?limit=100 [32m200[0m 2860.733 ms - 88685[0m
[0mGET /api/inventory/dashboard [32m200[0m 11645.404 ms - 12884[0m
[0mGET /api/auth/google/url [32m200[0m 0.140 ms - 94[0m
[0mGET /api/item-categories?limit=100 [32m200[0m 2314.934 ms - 4881[0m
[0mGET /api/units-of-measure?limit=100 [32m200[0m 2341.493 ms - 3967[0m
[0mGET /api/products?page=1&limit=20&q=undefined [32m200[0m 4600.859 ms - 93[0m
[0mGET /api/auth/google/url [32m200[0m 0.187 ms - 94[0m
[0mGET /api/inventory/valuation-report [32m200[0m 7080.909 ms - 167695[0m
[0mGET /api/auth/google/url [32m200[0m 0.186 ms - 94[0m
[0mGET /api/inventory/suppliers [32m200[0m 5054.523 ms - 45322[0m
[0mGET /api/auth/google/url [32m200[0m 0.135 ms - 94[0m
[0mGET /api/accounts/dashboard [32m200[0m 5181.132 ms - 3966[0m
[0mGET /api/auth/google/url [32m200[0m 0.145 ms - 94[0m
[0mGET /api/manufacturing/access [32m200[0m 1.224 ms - 119[0m
[0mGET /api/manufacturing/dashboard [32m200[0m 2391.996 ms - 187[0m
[0mGET /api/auth/google/url [32m200[0m 0.138 ms - 94[0m
[0mGET /api/crm/dashboard [32m200[0m 5022.940 ms - 3733[0m
[0mGET /api/auth/google/url [32m200[0m 0.227 ms - 94[0m
[0mGET /api/wms/dashboard [32m200[0m 2716.207 ms - 3082[0m
[0mGET /api/auth/google/url [32m200[0m 0.148 ms - 94[0m
[0mGET /api/bi/departments [32m200[0m 4813.993 ms - 468[0m
[0mGET /api/bi/executive-dashboard [32m200[0m 6143.756 ms - 3010[0m
[0mGET /api/bi/insights [32m200[0m 12742.828 ms - 443[0m
[0mGET /api/auth/google/url [32m200[0m 0.137 ms - 94[0m
[0mGET /api/hrms/dashboard [32m200[0m 3717.800 ms - 2261[0m
[0mGET /api/auth/google/url [32m200[0m 0.149 ms - 94[0m
[0mGET /api/eam/dashboard [32m200[0m 3456.536 ms - 2800[0m
[0mGET /api/auth/google/url [32m200[0m 0.136 ms - 94[0m
[0mGET /api/supplier-portal/dashboard [32m200[0m 2697.663 ms - 594[0m
[0mGET /api/supplier-portal/vendors [32m200[0m 2760.978 ms - 41640[0m
[0mGET /api/auth/google/url [32m200[0m 0.139 ms - 94[0m
[0mGET /api/audit-logs?client=%5Bobject+Object%5D&queryKey=audit-logs&meta=undefined&signal=%5Bobject+AbortSignal%5D [32m200[0m 1966.931 ms - 3294[0m
[0mGET /api/audit-logs?client=%5Bobject+Object%5D&queryKey=audit-logs&meta=undefined&signal=%5Bobject+AbortSignal%5D [36m304[0m 1984.239 ms - -[0m
[0mGET /api/auth/google/url [32m200[0m 0.148 ms - 94[0m
[0mGET /api/dashboard/sales-chart [32m200[0m 2334.674 ms - 292[0m
[0mGET /api/dashboard/top-items [32m200[0m 4298.571 ms - 67[0m
[0mGET /api/dashboard/kpis [32m200[0m 4436.201 ms - 265[0m
[0mGET /api/auth/google/url [32m200[0m 0.294 ms - 94[0m
[0mGET /api/company [32m200[0m 1966.437 ms - 504[0m
[0mGET /api/auth/google/url [32m200[0m 0.144 ms - 94[0m
[0mGET /api/branches [32m200[0m 2088.888 ms - 3309[0m
[0mGET /api/auth/google/url [32m200[0m 0.189 ms - 94[0m
[0mGET /api/users [32m200[0m 2932.097 ms - 12744[0m
[0mGET /api/auth/google/url [32m200[0m 0.150 ms - 94[0m
[0mGET /api/products [32m200[0m 2095.013 ms - 17843[0m
[0mGET /api/auth/google/url [32m200[0m 0.139 ms - 94[0m
[0mGET /api/branches?limit=200 [32m200[0m 2277.607 ms - 3310[0m
[0mGET /api/users?limit=200 [32m200[0m 2644.249 ms - 38056[0m
[0mGET /api/items?limit=500 [32m200[0m 3511.109 ms - 266414[0m
[0mGET /api/sales/dashboard [32m200[0m 4299.012 ms - 3311[0m
[0mGET /api/customers?limit=500 [32m200[0m 6683.591 ms - 288926[0m
[0mGET /api/auth/google/url [32m200[0m 0.156 ms - 94[0m
[0mGET /api/sales/owner-dashboard [32m200[0m 6248.865 ms - 3113[0m
[0mGET /api/auth/google/url [32m200[0m 0.310 ms - 94[0m
[0mGET /api/warehouses?limit=100 [32m200[0m 2357.658 ms - 6989[0m
[0mGET /api/purchase/dashboard [32m200[0m 2455.189 ms - 276[0m
[0mGET /api/vendors?limit=200 [32m200[0m 2855.431 ms - 41671[0m
[0mGET /api/items?limit=500 [32m200[0m 3610.091 ms - 266414[0m
[0mGET /api/auth/google/url [32m200[0m 1.994 ms - 94[0m
[0mGET /api/warehouses?limit=100 [32m200[0m 2065.738 ms - 6989[0m
[0mGET /api/items?limit=100 [32m200[0m 2611.248 ms - 88685[0m
[0mGET /api/inventory/dashboard [32m200[0m 12021.384 ms - 12884[0m
[0mGET /api/auth/google/url [32m200[0m 0.191 ms - 94[0m
[0mGET /api/products?page=1&limit=20&q=undefined [32m200[0m 2298.291 ms - 93[0m
[0mGET /api/item-categories?limit=100 [32m200[0m 2624.474 ms - 4881[0m
[0mGET /api/units-of-measure?limit=100 [32m200[0m 2667.775 ms - 3967[0m
[0mGET /api/auth/google/url [32m200[0m 0.156 ms - 94[0m
[0mGET /api/inventory/valuation-report [32m200[0m 9505.843 ms - 167695[0m
[0mGET /api/auth/google/url [32m200[0m 0.141 ms - 94[0m
[0mGET /api/inventory/suppliers [32m200[0m 4799.884 ms - 45322[0m
[0mGET /api/auth/google/url [32m200[0m 0.269 ms - 94[0m
[0mGET /api/accounts/dashboard [32m200[0m 5375.339 ms - 3966[0m
[0mGET /api/auth/google/url [32m200[0m 0.188 ms - 94[0m
[0mGET /api/manufacturing/access [32m200[0m 0.949 ms - 119[0m
[0mGET /api/manufacturing/dashboard [32m200[0m 2338.623 ms - 187[0m
[0mGET /api/auth/google/url [32m200[0m 0.226 ms - 94[0m
[0mGET /api/crm/dashboard [32m200[0m 2359.561 ms - 3733[0m
[0mGET /api/auth/google/url [32m200[0m 0.171 ms - 94[0m
[0mGET /api/wms/dashboard [32m200[0m 4703.908 ms - 3082[0m
[0mGET /api/auth/google/url [32m200[0m 0.173 ms - 94[0m
[0mGET /api/bi/departments [32m200[0m 2410.253 ms - 468[0m
[0mGET /api/bi/executive-dashboard [32m200[0m 4014.350 ms - 3010[0m
[0mGET /api/bi/insights [32m200[0m 11246.133 ms - 443[0m
[0mGET /api/auth/google/url [32m200[0m 0.297 ms - 94[0m
[0mGET /api/hrms/dashboard [32m200[0m 3574.405 ms - 2261[0m
[0mGET /api/auth/google/url [32m200[0m 0.182 ms - 94[0m
[0mGET /api/eam/dashboard [32m200[0m 3098.270 ms - 2800[0m
[0mGET /api/auth/google/url [32m200[0m 0.181 ms - 94[0m
[0mGET /api/supplier-portal/dashboard [32m200[0m 2291.739 ms - 594[0m
[0mGET /api/supplier-portal/vendors [32m200[0m 2319.369 ms - 41640[0m
[0mGET /api/auth/google/url [32m200[0m 0.164 ms - 94[0m
[0mGET /api/audit-logs?client=%5Bobject+Object%5D&queryKey=audit-logs&meta=undefined&signal=%5Bobject+AbortSignal%5D [32m200[0m 1930.731 ms - 3294[0m
[0mGET /api/audit-logs?client=%5Bobject+Object%5D&queryKey=audit-logs&meta=undefined&signal=%5Bobject+AbortSignal%5D [36m304[0m 1929.738 ms - -[0m
prisma:error Error in PostgreSQL connection: Error { kind: Closed, cause: None }
prisma:error Error in PostgreSQL connection: Error { kind: Closed, cause: None }
prisma:error Error in PostgreSQL connection: Error { kind: Closed, cause: None }
prisma:error Error in PostgreSQL connection: Error { kind: Closed, cause: None }
prisma:error Error in PostgreSQL connection: Error { kind: Closed, cause: None }
prisma:error Error in PostgreSQL connection: Error { kind: Closed, cause: None }
prisma:error Error in PostgreSQL connection: Error { kind: Closed, cause: None }
prisma:error Error in PostgreSQL connection: Error { kind: Closed, cause: None }
prisma:error Error in PostgreSQL connection: Error { kind: Closed, cause: None }
prisma:error Error in PostgreSQL connection: Error { kind: Closed, cause: None }
prisma:error Error in PostgreSQL connection: Error { kind: Closed, cause: None }
prisma:error Error in PostgreSQL connection: Error { kind: Closed, cause: None }
prisma:error Error in PostgreSQL connection: Error { kind: Closed, cause: None }
prisma:error Error in PostgreSQL connection: Error { kind: Closed, cause: None }
prisma:error Error in PostgreSQL connection: Error { kind: Closed, cause: None }
prisma:error Error in PostgreSQL connection: Error { kind: Closed, cause: None }
prisma:error Error in PostgreSQL connection: Error { kind: Closed, cause: None }
prisma:error Error in PostgreSQL connection: Error { kind: Closed, cause: None }
prisma:error Error in PostgreSQL connection: Error { kind: Closed, cause: None }
prisma:error Error in PostgreSQL connection: Error { kind: Closed, cause: None }
prisma:error Error in PostgreSQL connection: Error { kind: Closed, cause: None }
prisma:error Error in PostgreSQL connection: Error { kind: Closed, cause: None }
prisma:error Error in PostgreSQL connection: Error { kind: Closed, cause: None }
prisma:error Error in PostgreSQL connection: Error { kind: Closed, cause: None }
prisma:error Error in PostgreSQL connection: Error { kind: Closed, cause: None }
prisma:error Error in PostgreSQL connection: Error { kind: Closed, cause: None }
prisma:error Error in PostgreSQL connection: Error { kind: Closed, cause: None }
prisma:error Error in PostgreSQL connection: Error { kind: Closed, cause: None }
prisma:error Error in PostgreSQL connection: Error { kind: Closed, cause: None }
prisma:error Error in PostgreSQL connection: Error { kind: Closed, cause: None }
prisma:error Error in PostgreSQL connection: Error { kind: Closed, cause: None }
prisma:error Error in PostgreSQL connection: Error { kind: Closed, cause: None }
prisma:error Error in PostgreSQL connection: Error { kind: Closed, cause: None }
prisma:error Error in PostgreSQL connection: Error { kind: Closed, cause: None }
prisma:error Error in PostgreSQL connection: Error { kind: Closed, cause: None }
prisma:error Error in PostgreSQL connection: Error { kind: Closed, cause: None }
prisma:error Error in PostgreSQL connection: Error { kind: Closed, cause: None }
prisma:error Error in PostgreSQL connection: Error { kind: Closed, cause: None }
prisma:error Error in PostgreSQL connection: Error { kind: Closed, cause: None }
prisma:error Error in PostgreSQL connection: Error { kind: Closed, cause: None }
